Component: ARM Compiler 5.06 update 5 (build 528) Tool: armlink [4d35e2]

==============================================================================

Section Cross References

    main.o(i.main) refers to delay.o(i.delay_init) for delay_init
    main.o(i.main) refers to led.o(i.LED_Init) for LED_Init
    main.o(i.main) refers to usart.o(i.USART1_Init) for USART1_Init
    main.o(i.main) refers to modbus.o(i.USART2_Init) for USART2_Init
    main.o(i.main) refers to modbus.o(i.RS485IOInit) for RS485IOInit
    main.o(i.main) refers to usart.o(i.USART3_Init) for USART3_Init
    main.o(i.main) refers to timer.o(i.Timer1_Init) for Timer1_Init
    main.o(i.main) refers to motor.o(i.Balance_Motor_Init) for Balance_Motor_Init
    main.o(i.main) refers to motor.o(i.PWM_Init) for PWM_Init
    main.o(i.main) refers to encode.o(i.Encoder_Init_TIM2) for Encoder_Init_TIM2
    main.o(i.main) refers to encode.o(i.Encoder_Init_TIM3) for Encoder_Init_TIM3
    main.o(i.main) refers to encode.o(i.Encoder_Init_TIM4) for Encoder_Init_TIM4
    main.o(i.main) refers to encode.o(i.Encoder_Init_TIM5) for Encoder_Init_TIM5
    main.o(i.main) refers to main.o(i.test1) for test1
    main.o(i.main) refers to main.o(i.test2) for test2
    main.o(i.test1) refers to motor.o(i.Left_Front_Back) for Left_Front_Back
    main.o(i.test1) refers to stm32f10x_tim.o(i.TIM_SetCompare1) for TIM_SetCompare1
    main.o(i.test1) refers to motor.o(i.Right_Front_Back) for Right_Front_Back
    main.o(i.test1) refers to stm32f10x_tim.o(i.TIM_SetCompare2) for TIM_SetCompare2
    main.o(i.test1) refers to motor.o(i.Left_Behind_Back) for Left_Behind_Back
    main.o(i.test1) refers to stm32f10x_tim.o(i.TIM_SetCompare3) for TIM_SetCompare3
    main.o(i.test1) refers to motor.o(i.Right_Behind_Back) for Right_Behind_Back
    main.o(i.test1) refers to stm32f10x_tim.o(i.TIM_SetCompare4) for TIM_SetCompare4
    main.o(i.test2) refers to _printf_percent.o(.ARM.Collect$$_printf_percent$$00000000) for _printf_percent
    main.o(i.test2) refers to _printf_f.o(.ARM.Collect$$_printf_percent$$00000003) for _printf_f
    main.o(i.test2) refers to printf1.o(x$fpl$printf1) for _printf_fp_dec
    main.o(i.test2) refers to _printf_d.o(.ARM.Collect$$_printf_percent$$00000009) for _printf_d
    main.o(i.test2) refers to _printf_dec.o(.text) for _printf_int_dec
    main.o(i.test2) refers to modbus.o(i.UartDriverMe) for UartDriverMe
    main.o(i.test2) refers to translation.o(i.ParseMotorParameters) for ParseMotorParameters
    main.o(i.test2) refers to f2d.o(x$fpl$f2d) for __aeabi_f2d
    main.o(i.test2) refers to noretval__2printf.o(.text) for __2printf
    main.o(i.test2) refers to modbus.o(i.RS485_RW_Opr) for RS485_RW_Opr
    main.o(i.test2) refers to modbus.o(.data) for DataReady
    main.o(i.test2) refers to translation.o(.bss) for motor_params1
    main.o(i.test2) refers to modbus.o(.bss) for HolidingRegister
    main.o(i.test2) refers to timer.o(.data) for modbus_query_flag
    system_stm32f10x.o(i.SetSysClock) refers to system_stm32f10x.o(i.SetSysClockTo72) for SetSysClockTo72
    system_stm32f10x.o(i.SystemCoreClockUpdate) refers to system_stm32f10x.o(.data) for SystemCoreClock
    system_stm32f10x.o(i.SystemInit) refers to system_stm32f10x.o(i.SetSysClock) for SetSysClock
    delay.o(i.delay_init) refers to misc.o(i.SysTick_CLKSourceConfig) for SysTick_CLKSourceConfig
    delay.o(i.delay_init) refers to system_stm32f10x.o(.data) for SystemCoreClock
    delay.o(i.delay_init) refers to delay.o(.data) for fac_us
    delay.o(i.delay_ms) refers to delay.o(.data) for fac_ms
    delay.o(i.delay_us) refers to delay.o(.data) for fac_us
    usart.o(i.UART4_IRQHandler) refers (Special) to use_no_semi_2.o(.text) for __use_no_semihosting
    usart.o(i.UART4_IRQHandler) refers to stm32f10x_usart.o(i.USART_GetITStatus) for USART_GetITStatus
    usart.o(i.UART4_IRQHandler) refers to stm32f10x_usart.o(i.USART_ReceiveData) for USART_ReceiveData
    usart.o(i.UART4_IRQHandler) refers to stm32f10x_usart.o(i.USART_ClearFlag) for USART_ClearFlag
    usart.o(i.UART4_Send_Byte) refers (Special) to use_no_semi_2.o(.text) for __use_no_semihosting
    usart.o(i.UART4_Send_Byte) refers to stm32f10x_usart.o(i.USART_SendData) for USART_SendData
    usart.o(i.UART4_Send_Byte) refers to stm32f10x_usart.o(i.USART_GetFlagStatus) for USART_GetFlagStatus
    usart.o(i.UART4_Send_Str) refers (Special) to use_no_semi_2.o(.text) for __use_no_semihosting
    usart.o(i.UART4_Send_Str) refers to stm32f10x_usart.o(i.USART_SendData) for USART_SendData
    usart.o(i.UART4_Send_Str) refers to stm32f10x_usart.o(i.USART_GetFlagStatus) for USART_GetFlagStatus
    usart.o(i.UART4_Send_nByte) refers (Special) to use_no_semi_2.o(.text) for __use_no_semihosting
    usart.o(i.UART4_Send_nByte) refers to stm32f10x_usart.o(i.USART_SendData) for USART_SendData
    usart.o(i.UART4_Send_nByte) refers to stm32f10x_usart.o(i.USART_GetFlagStatus) for USART_GetFlagStatus
[...]
    .ARM.Collect$$libinit$$00000032          0x080001cc   Section        0  libinit2.o(.ARM.Collect$$libinit$$00000032)
    .ARM.Collect$$libinit$$00000033          0x080001cc   Section        2  libinit2.o(.ARM.Collect$$libinit$$00000033)
    .ARM.Collect$$libshutdown$$00000000      0x080001ce   Section        2  libshutdown.o(.ARM.Collect$$libshutdown$$00000000)
    .ARM.Collect$$libshutdown$$00000002      0x080001d0   Section        0  libshutdown2.o(.ARM.Collect$$libshutdown$$00000002)
    .ARM.Collect$$libshutdown$$00000004      0x080001d0   Section        0  libshutdown2.o(.ARM.Collect$$libshutdown$$00000004)
    .ARM.Collect$$libshutdown$$00000007      0x080001d0   Section        0  libshutdown2.o(.ARM.Collect$$libshutdown$$00000007)
    .ARM.Collect$$libshutdown$$0000000A      0x080001d0   Section        0  libshutdown2.o(.ARM.Collect$$libshutdown$$0000000A)
    .ARM.Collect$$libshutdown$$0000000C      0x080001d0   Section        0  libshutdown2.o(.ARM.Collect$$libshutdown$$0000000C)
    .ARM.Collect$$libshutdown$$0000000F      0x080001d0   Section        0  libshutdown2.o(.ARM.Collect$$libshutdown$$0000000F)
    .ARM.Collect$$libshutdown$$00000010      0x080001d0   Section        2  libshutdown2.o(.ARM.Collect$$libshutdown$$00000010)
    .ARM.Collect$$rtentry$$00000000          0x080001d2   Section        0  __rtentry.o(.ARM.Collect$$rtentry$$00000000)
    .ARM.Collect$$rtentry$$00000002          0x080001d2   Section        0  __rtentry2.o(.ARM.Collect$$rtentry$$00000002)
    .ARM.Collect$$rtentry$$00000004          0x080001d2   Section        6  __rtentry4.o(.ARM.Collect$$rtentry$$00000004)
    .ARM.Collect$$rtentry$$00000009          0x080001d8   Section        0  __rtentry2.o(.ARM.Collect$$rtentry$$00000009)
    .ARM.Collect$$rtentry$$0000000A          0x080001d8   Section        4  __rtentry2.o(.ARM.Collect$$rtentry$$0000000A)
    .ARM.Collect$$rtentry$$0000000C          0x080001dc   Section        0  __rtentry2.o(.ARM.Collect$$rtentry$$0000000C)
    .ARM.Collect$$rtentry$$0000000D          0x080001dc   Section        8  __rtentry2.o(.ARM.Collect$$rtentry$$0000000D)
    .ARM.Collect$$rtexit$$00000000           0x080001e4   Section        2  rtexit.o(.ARM.Collect$$rtexit$$00000000)
    .ARM.Collect$$rtexit$$00000002           0x080001e6   Section        0  rtexit2.o(.ARM.Collect$$rtexit$$00000002)
    .ARM.Collect$$rtexit$$00000003           0x080001e6   Section        4  rtexit2.o(.ARM.Collect$$rtexit$$00000003)
    .ARM.Collect$$rtexit$$00000004           0x080001ea   Section        6  rtexit2.o(.ARM.Collect$$rtexit$$00000004)
    .text                                    0x080001f0   Section       64  startup_stm32f10x_hd.o(.text)
    .text                                    0x08000230   Section        2  use_no_semi_2.o(.text)
    .text                                    0x08000234   Section        0  noretval__2printf.o(.text)
    .text                                    0x0800024c   Section        0  _printf_pad.o(.text)
    .text                                    0x0800029c   Section        0  _printf_dec.o(.text)
    .text                                    0x08000314   Section        0  _printf_hex_int.o(.text)
    .text                                    0x0800036c   Section        0  __printf_flags_ss_wp.o(.text)
    .text                                    0x080004f4   Section      100  rt_memcpy_w.o(.text)
    .text                                    0x08000558   Section        0  heapauxi.o(.text)
    .text                                    0x0800055e   Section        2  use_no_semi.o(.text)
    .text                                    0x08000560   Section        0  _printf_intcommon.o(.text)
    .text                                    0x08000612   Section        0  _printf_fp_dec.o(.text)
    _fp_digits                               0x08000615   Thumb Code   432  _printf_fp_dec.o(.text)
    .text                                    0x08000a30   Section        0  _printf_char_file.o(.text)
    .text                                    0x08000a54   Section        8  rt_locale_intlibspace.o(.text)
    .text                                    0x08000a5c   Section      138  lludiv10.o(.text)
    .text                                    0x08000ae8   Section        0  _printf_char_common.o(.text)
    _printf_input_char                       0x08000ae9   Thumb Code    10  _printf_char_common.o(.text)
    .text                                    0x08000b18   Section        0  _printf_fp_infnan.o(.text)
    .text                                    0x08000b98   Section        0  bigflt0.o(.text)
    .text                                    0x08000c7c   Section        0  ferror.o(.text)
    .text                                    0x08000c84   Section        8  libspace.o(.text)
    .text                                    0x08000c8c   Section       74  sys_stackheap_outer.o(.text)
    .text                                    0x08000cd6   Section        0  exit.o(.text)
    .text                                    0x08000ce8   Section      128  strcmpv7m.o(.text)
    CL$$btod_d2e                             0x08000d68   Section       62  btod.o(CL$$btod_d2e)
    CL$$btod_d2e_denorm_low                  0x08000da6   Section       70  btod.o(CL$$btod_d2e_denorm_low)
    CL$$btod_d2e_norm_op1                    0x08000dec   Section       96  btod.o(CL$$btod_d2e_norm_op1)
    CL$$btod_div_common                      0x08000e4c   Section      824  btod.o(CL$$btod_div_common)
    CL$$btod_e2e                             0x08001184   Section      220  btod.o(CL$$btod_e2e)
    CL$$btod_ediv                            0x08001260   Section       42  btod.o(CL$$btod_ediv)
    CL$$btod_emul                            0x0800128a   Section       42  btod.o(CL$$btod_emul)
    CL$$btod_mult_common                     0x080012b4   Section      580  btod.o(CL$$btod_mult_common)
    i.Balance_Motor_Init                     0x080014f8   Section        0  motor.o(i.Balance_Motor_Init)
    i.BusFault_Handler                       0x08001524   Section        0  stm32f10x_it.o(i.BusFault_Handler)
    i.DebugMon_Handler                       0x08001528   Section        0  stm32f10x_it.o(i.DebugMon_Handler)
    i.Encoder_Init_TIM2                      0x0800152c   Section        0  encode.o(i.Encoder_Init_TIM2)
    i.Encoder_Init_TIM3                      0x0800162c   Section        0  encode.o(i.Encoder_Init_TIM3)
    i.Encoder_Init_TIM4                      0x080016e8   Section        0  encode.o(i.Encoder_Init_TIM4)
    i.Encoder_Init_TIM5                      0x080017a4   Section        0  encode.o(i.Encoder_Init_TIM5)
    i.GPIO_Init                              0x0800185c   Section        0  stm32f10x_gpio.o(i.GPIO_Init)
    i.GPIO_PinRemapConfig                    0x08001974   Section        0  stm32f10x_gpio.o(i.GPIO_PinRemapConfig)
    i.GPIO_ResetBits                         0x08001a04   Section        0  stm32f10x_gpio.o(i.GPIO_ResetBits)
    i.GPIO_SetBits                           0x08001a08   Section        0  stm32f10x_gpio.o(i.GPIO_SetBits)
    i.GetCRC16                               0x08001a0c   Section        0  modbus.o(i.GetCRC16)
    i.HardFault_Handler                      0x08001a64   Section        0  stm32f10x_it.o(i.HardFault_Handler)
    i.LED_Init                               0x08001a68   Section        0  led.o(i.LED_Init)
    i.Left_Behind_Back                       0x08001ab4   Section        0  motor.o(i.Left_Behind_Back)
    i.Left_Front_Back                        0x08001acc   Section        0  motor.o(i.Left_Front_Back)
    i.MemManage_Handler                      0x08001ae4   Section        0  stm32f10x_it.o(i.MemManage_Handler)
    i.NMI_Handler                            0x08001ae8   Section        0  stm32f10x_it.o(i.NMI_Handler)
    i.NVIC_Init                              0x08001aec   Section        0  misc.o(i.NVIC_Init)
    i.PWM_Init                               0x08001b5c   Section        0  motor.o(i.PWM_Init)
    i.ParseModbusResponse                    0x08001cb0   Section        0  modbus.o(i.ParseModbusResponse)
    i.ParseMotorParameters                   0x08001db0   Section        0  translation.o(i.ParseMotorParameters)
    i.PendSV_Handler                         0x080020e8   Section        0  stm32f10x_it.o(i.PendSV_Handler)
    i.RCC_APB1PeriphClockCmd                 0x080020ec   Section        0  stm32f10x_rcc.o(i.RCC_APB1PeriphClockCmd)
    i.RCC_APB2PeriphClockCmd                 0x0800210c   Section        0  stm32f10x_rcc.o(i.RCC_APB2PeriphClockCmd)
    i.RCC_GetClocksFreq                      0x0800212c   Section        0  stm32f10x_rcc.o(i.RCC_GetClocksFreq)
    i.RS485IOInit                            0x08002200   Section        0  modbus.o(i.RS485IOInit)
    i.RS485_RW_Opr                           0x08002234   Section        0  modbus.o(i.RS485_RW_Opr)
    i.Right_Behind_Back                      0x08002294   Section        0  motor.o(i.Right_Behind_Back)
    i.Right_Front_Back                       0x080022ac   Section        0  motor.o(i.Right_Front_Back)
    i.SVC_Handler                            0x080022c4   Section        0  stm32f10x_it.o(i.SVC_Handler)
    i.Send_Data                              0x080022c8   Section        0  modbus.o(i.Send_Data)
    i.SetSysClock                            0x0800231c   Section        0  system_stm32f10x.o(i.SetSysClock)
    SetSysClock                              0x0800231d   Thumb Code     8  system_stm32f10x.o(i.SetSysClock)
    i.SetSysClockTo72                        0x08002324   Section        0  system_stm32f10x.o(i.SetSysClockTo72)
    SetSysClockTo72                          0x08002325   Thumb Code   214  system_stm32f10x.o(i.SetSysClockTo72)
    i.SysTick_CLKSourceConfig                0x08002404   Section        0  misc.o(i.SysTick_CLKSourceConfig)
    i.SysTick_Handler                        0x0800242c   Section        0  stm32f10x_it.o(i.SysTick_Handler)
    i.SystemInit                             0x08002430   Section        0  system_stm32f10x.o(i.SystemInit)
    i.TI1_Config                             0x08002490   Section        0  stm32f10x_tim.o(i.TI1_Config)
    TI1_Config                               0x08002491   Thumb Code   108  stm32f10x_tim.o(i.TI1_Config)
    i.TI2_Config                             0x08002510   Section        0  stm32f10x_tim.o(i.TI2_Config)
    TI2_Config                               0x08002511   Thumb Code   130  stm32f10x_tim.o(i.TI2_Config)
    i.TI3_Config                             0x080025a8   Section        0  stm32f10x_tim.o(i.TI3_Config)
    TI3_Config                               0x080025a9   Thumb Code   122  stm32f10x_tim.o(i.TI3_Config)
    i.TI4_Config                             0x08002638   Section        0  stm32f10x_tim.o(i.TI4_Config)
    TI4_Config                               0x08002639   Thumb Code   130  stm32f10x_tim.o(i.TI4_Config)
    i.TIM1_UP_IRQHandler                     0x080026d0   Section        0  timer.o(i.TIM1_UP_IRQHandler)
    i.TIM_ARRPreloadConfig                   0x08002748   Section        0  stm32f10x_tim.o(i.TIM_ARRPreloadConfig)
    i.TIM_ClearFlag                          0x08002760   Section        0  stm32f10x_tim.o(i.TIM_ClearFlag)
    i.TIM_ClearITPendingBit                  0x08002766   Section        0  stm32f10x_tim.o(i.TIM_ClearITPendingBit)
    i.TIM_Cmd                                0x0800276c   Section        0  stm32f10x_tim.o(i.TIM_Cmd)
    i.TIM_CtrlPWMOutputs                     0x08002784   Section        0  stm32f10x_tim.o(i.TIM_CtrlPWMOutputs)
    i.TIM_EncoderInterfaceConfig             0x080027a2   Section        0  stm32f10x_tim.o(i.TIM_EncoderInterfaceConfig)
    i.TIM_GetITStatus                        0x080027e4   Section        0  stm32f10x_tim.o(i.TIM_GetITStatus)
    i.TIM_ICInit                             0x08002808   Section        0  stm32f10x_tim.o(i.TIM_ICInit)
    i.TIM_ICStructInit                       0x080028b4   Section        0  stm32f10x_tim.o(i.TIM_ICStructInit)
    i.TIM_ITConfig                           0x080028c6   Section        0  stm32f10x_tim.o(i.TIM_ITConfig)
    i.TIM_OC1Init                            0x080028d8   Section        0  stm32f10x_tim.o(i.TIM_OC1Init)
    i.TIM_OC1PreloadConfig                   0x08002970   Section        0  stm32f10x_tim.o(i.TIM_OC1PreloadConfig)
    i.TIM_OC2Init                            0x08002984   Section        0  stm32f10x_tim.o(i.TIM_OC2Init)
    i.TIM_OC2PreloadConfig                   0x08002a28   Section        0  stm32f10x_tim.o(i.TIM_OC2PreloadConfig)
    i.TIM_OC3Init                            0x08002a44   Section        0  stm32f10x_tim.o(i.TIM_OC3Init)
    i.TIM_OC3PreloadConfig                   0x08002ae4   Section        0  stm32f10x_tim.o(i.TIM_OC3PreloadConfig)
    i.TIM_OC4Init                            0x08002af8   Section        0  stm32f10x_tim.o(i.TIM_OC4Init)
    i.TIM_OC4PreloadConfig                   0x08002b74   Section        0  stm32f10x_tim.o(i.TIM_OC4PreloadConfig)
    i.TIM_SetCompare1                        0x08002b8e   Section        0  stm32f10x_tim.o(i.TIM_SetCompare1)
    i.TIM_SetCompare2                        0x08002b92   Section        0  stm32f10x_tim.o(i.TIM_SetCompare2)
    i.TIM_SetCompare3                        0x08002b96   Section        0  stm32f10x_tim.o(i.TIM_SetCompare3)
    i.TIM_SetCompare4                        0x08002b9a   Section        0  stm32f10x_tim.o(i.TIM_SetCompare4)
    i.TIM_SetCounter                         0x08002ba0   Section        0  stm32f10x_tim.o(i.TIM_SetCounter)
    i.TIM_SetIC1Prescaler                    0x08002ba4   Section        0  stm32f10x_tim.o(i.TIM_SetIC1Prescaler)
    i.TIM_SetIC2Prescaler                    0x08002bb6   Section        0  stm32f10x_tim.o(i.TIM_SetIC2Prescaler)
    i.TIM_SetIC3Prescaler                    0x08002bd0   Section        0  stm32f10x_tim.o(i.TIM_SetIC3Prescaler)
    i.TIM_SetIC4Prescaler                    0x08002be2   Section        0  stm32f10x_tim.o(i.TIM_SetIC4Prescaler)
    i.TIM_TimeBaseInit                       0x08002bfc   Section        0  stm32f10x_tim.o(i.TIM_TimeBaseInit)
    i.TIM_TimeBaseStructInit                 0x08002ca0   Section        0  stm32f10x_tim.o(i.TIM_TimeBaseStructInit)
    i.Timer1_Init                            0x08002cb4   Section        0  timer.o(i.Timer1_Init)
    i.UART4_IRQHandler                       0x08002d20   Section        0  usart.o(i.UART4_IRQHandler)
    i.UART5_IRQHandler                       0x08002d48   Section        0  usart.o(i.UART5_IRQHandler)
    i.USART1_IRQHandler                      0x08002d7c   Section        0  usart.o(i.USART1_IRQHandler)
    i.USART1_Init                            0x08002d98   Section        0  usart.o(i.USART1_Init)
    i.USART2_IRQHandler                      0x08002e40   Section        0  modbus.o(i.USART2_IRQHandler)
    i.USART2_Init                            0x08002e8c   Section        0  modbus.o(i.USART2_Init)
    i.USART3_IRQHandler                      0x08002f38   Section        0  usart.o(i.USART3_IRQHandler)
    i.USART3_Init                            0x08002f98   Section        0  usart.o(i.USART3_Init)
    i.USART_ClearFlag                        0x08003040   Section        0  stm32f10x_usart.o(i.USART_ClearFlag)
    i.USART_ClearITPendingBit                0x08003052   Section        0  stm32f10x_usart.o(i.USART_ClearITPendingBit)
    i.USART_Cmd                              0x08003070   Section        0  stm32f10x_usart.o(i.USART_Cmd)
    i.USART_GetFlagStatus                    0x08003088   Section        0  stm32f10x_usart.o(i.USART_GetFlagStatus)
    i.USART_GetITStatus                      0x080030a2   Section        0  stm32f10x_usart.o(i.USART_GetITStatus)
    i.USART_ITConfig                         0x080030f6   Section        0  stm32f10x_usart.o(i.USART_ITConfig)
    i.USART_Init                             0x08003140   Section        0  stm32f10x_usart.o(i.USART_Init)
    i.USART_ReceiveData                      0x08003218   Section        0  stm32f10x_usart.o(i.USART_ReceiveData)
    i.USART_SendData                         0x08003222   Section        0  stm32f10x_usart.o(i.USART_SendData)
    i.UartDriverMe                           0x0800322c   Section        0  modbus.o(i.UartDriverMe)
    i.UartRead                               0x080032ec   Section        0  modbus.o(i.UartRead)
    i.UartRxMonitor                          0x08003324   Section        0  modbus.o(i.UartRxMonitor)
    i.UsageFault_Handler                     0x08003388   Section        0  stm32f10x_it.o(i.UsageFault_Handler)
    i.__ARM_fpclassify                       0x0800338c   Section        0  fpclassify.o(i.__ARM_fpclassify)
    i._is_digit                              0x080033b4   Section        0  __printf_wp.o(i._is_digit)
    i._sys_exit                              0x080033c2   Section        0  usart.o(i._sys_exit)
    i.delay_init                             0x080033c8   Section        0  delay.o(i.delay_init)
    i.delay_us                               0x0800340c   Section        0  delay.o(i.delay_us)
    i.fputc                                  0x08003458   Section        0  usart.o(i.fputc)
    i.main                                   0x0800347c   Section        0  main.o(i.main)
    i.parseWT61HexData                       0x080034d4   Section        0  usart.o(i.parseWT61HexData)
    i.test1                                  0x08003760   Section        0  main.o(i.test1)
    i.test2                                  0x080037a0   Section        0  main.o(i.test2)
    locale$$code                             0x08003830   Section       44  lc_numeric_c.o(locale$$code)
    x$fpl$d2f                                0x0800385c   Section       98  d2f.o(x$fpl$d2f)
    x$fpl$ddiv                               0x080038c0   Section      688  ddiv.o(x$fpl$ddiv)
    ddiv_entry                               0x080038c7   Thumb Code     0  ddiv.o(x$fpl$ddiv)
    x$fpl$dflt                               0x08003b70   Section       46  dflt_clz.o(x$fpl$dflt)
    x$fpl$dmul                               0x08003ba0   Section      340  dmul.o(x$fpl$dmul)
    x$fpl$dnaninf                            0x08003cf4   Section      156  dnaninf.o(x$fpl$dnaninf)
    x$fpl$dretinf                            0x08003d90   Section       12  dretinf.o(x$fpl$dretinf)
    x$fpl$f2d                                0x08003d9c   Section       86  f2d.o(x$fpl$f2d)
    x$fpl$fdiv                               0x08003df4   Section      388  fdiv.o(x$fpl$fdiv)
    _fdiv1                                   0x08003df5   Thumb Code     0  fdiv.o(x$fpl$fdiv)
    x$fpl$fflt                               0x08003f78   Section       48  fflt_clz.o(x$fpl$fflt)
    x$fpl$ffltu                              0x08003fa8   Section       38  fflt_clz.o(x$fpl$ffltu)
    x$fpl$fmul                               0x08003fd0   Section      258  fmul.o(x$fpl$fmul)
    x$fpl$fnaninf                            0x080040d2   Section      140  fnaninf.o(x$fpl$fnaninf)
    x$fpl$fretinf                            0x0800415e   Section       10  fretinf.o(x$fpl$fretinf)
    x$fpl$printf1                            0x08004168   Section        4  printf1.o(x$fpl$printf1)
    .constdata                               0x0800416c   Section      512  modbus.o(.constdata)
    x$fpl$usenofp                            0x0800416c   Section        0  usenofp.o(x$fpl$usenofp)
    .constdata                               0x0800436c   Section       40  _printf_hex_int.o(.constdata)
    uc_hextab                                0x0800436c   Data          20  _printf_hex_int.o(.constdata)
    lc_hextab                                0x08004380   Data          20  _printf_hex_int.o(.constdata)
    .constdata                               0x08004394   Section       17  __printf_flags_ss_wp.o(.constdata)
    maptable                                 0x08004394   Data          17  __printf_flags_ss_wp.o(.constdata)
    .constdata                               0x080043a8   Section      148  bigflt0.o(.constdata)
    tenpwrs_x                                0x080043a8   Data          60  bigflt0.o(.constdata)
    tenpwrs_i                                0x080043e4   Data          64  bigflt0.o(.constdata)
    locale$$data                             0x0800445c   Section       28  lc_numeric_c.o(locale$$data)
    __lcnum_c_name                           0x08004460   Data           2  lc_numeric_c.o(locale$$data)
    __lcnum_c_start                          0x08004468   Data           0  lc_numeric_c.o(locale$$data)
    __lcnum_c_point                          0x08004474   Data           0  lc_numeric_c.o(locale$$data)
    __lcnum_c_thousands                      0x08004476   Data           0  lc_numeric_c.o(locale$$data)
    __lcnum_c_grouping                       0x08004477   Data           0  lc_numeric_c.o(locale$$data)
    __lcnum_c_end                            0x08004478   Data           0  lc_numeric_c.o(locale$$data)
    .data                                    0x20000000   Section       20  system_stm32f10x.o(.data)
    .data                                    0x20000014   Section        4  delay.o(.data)
    fac_us                                   0x20000014   Data           1  delay.o(.data)
    fac_ms                                   0x20000016   Data           2  delay.o(.data)
    .data                                    0x20000018   Section       32  usart.o(.data)
    .data                                    0x20000038   Section        7  timer.o(.data)
    .data                                    0x20000040   Section        8  modbus.o(.data)
    USART_RX_BKP                             0x20000044   Data           1  modbus.o(.data)
    idletmr                                  0x20000045   Data           1  modbus.o(.data)
    len                                      0x20000046   Data           1  modbus.o(.data)
    len                                      0x20000047   Data           1  modbus.o(.data)
    .data                                    0x20000048   Section       20  stm32f10x_rcc.o(.data)
    APBAHBPrescTable                         0x20000048   Data          16  stm32f10x_rcc.o(.data)
    ADCPrescTable                            0x20000058   Data           4  stm32f10x_rcc.o(.data)
    .bss                                     0x2000005c   Section       47  usart.o(.bss)
    .bss                                     0x2000008c   Section      340  modbus.o(.bss)
    buf                                      0x2000013c   Data          64  modbus.o(.bss)
    buf                                      0x2000017c   Data         100  modbus.o(.bss)
    .bss                                     0x200001e0   Section      384  translation.o(.bss)
    .bss                                     0x20000360   Section       96  libspace.o(.bss)
    HEAP                                     0x200003c0   Section      512  startup_stm32f10x_hd.o(HEAP)
    Heap_Mem                                 0x200003c0   Data         512  startup_stm32f10x_hd.o(HEAP)
    STACK                                    0x200005c0   Section     1024  startup_stm32f10x_hd.o(STACK)
    Stack_Mem                                0x200005c0   Data        1024  startup_stm32f10x_hd.o(STACK)
    __initial_sp                             0x200009c0   Data           0  startup_stm32f10x_hd.o(STACK)

    Global Symbols

    Symbol Name                              Value     Ov Type        Size  Object(Section)

    BuildAttributes$$THM_ISAv4$P$D$K$B$S$PE$A:L22UL41UL21$X:L11$S22US41US21$IEEE1$IW$USESV6$~STKCKD$USESV7$~SHL$OTIME$ROPI$IEEEJ$EBA8$UX$STANDARDLIB$REQ8$PRES8$EABIv2 0x00000000   Number         0  anon$$obj.o ABSOLUTE
    __ARM_use_no_argv                        0x00000000   Number         0  main.o ABSOLUTE
    _printf_flags                            0x00000000   Number         0  printf_stubs.o ABSOLUTE
    _printf_return_value                     0x00000000   Number         0  printf_stubs.o ABSOLUTE
    _printf_sizespec                         0x00000000   Number         0  printf_stubs.o ABSOLUTE
    _printf_widthprec                        0x00000000   Number         0  printf_stubs.o ABSOLUTE
    __ARM_exceptions_init                     - Undefined Weak Reference
    __alloca_initialize                       - Undefined Weak Reference
    __arm_preinit_                            - Undefined Weak Reference
    __cpp_initialize__aeabi_                  - Undefined Weak Reference
    __cxa_finalize                            - Undefined Weak Reference
    __sigvec_lookup                           - Undefined Weak Reference
    _atexit_init                              - Undefined Weak Reference
    _call_atexit_fns                          - Undefined Weak Reference
    _clock_init                               - Undefined Weak Reference
    _fp_trap_init                             - Undefined Weak Reference
    _fp_trap_shutdown                         - Undefined Weak Reference
    _get_lc_collate                           - Undefined Weak Reference
    _get_lc_ctype                             - Undefined Weak Reference
    _get_lc_monetary                          - Undefined Weak Reference
    _get_lc_time                              - Undefined Weak Reference
    _getenv_init                              - Undefined Weak Reference
    _handle_redirection                       - Undefined Weak Reference
    _init_alloc                               - Undefined Weak Reference
    _init_user_alloc                          - Undefined Weak Reference
    _initio                                   - Undefined Weak Reference
    _mutex_acquire                            - Undefined Weak Reference
    _mutex_release                            - Undefined Weak Reference
    _printf_truncate_signed                   - Undefined Weak Reference
    _printf_truncate_unsigned                 - Undefined Weak Reference
    _rand_init                                - Undefined Weak Reference
    _signal_finish                            - Undefined Weak Reference
    _signal_init                              - Undefined Weak Reference
    _terminate_alloc                          - Undefined Weak Reference
    _terminate_user_alloc                     - Undefined Weak Reference
    _terminateio                              - Undefined Weak Reference
    __Vectors_Size                           0x00000130   Number         0  startup_stm32f10x_hd.o ABSOLUTE
    __Vectors                                0x08000000   Data           4  startup_stm32f10x_hd.o(RESET)
    __Vectors_End                            0x08000130   Data           0  startup_stm32f10x_hd.o(RESET)
    __main                                   0x08000131   Thumb Code     8  __main.o(!!!main)
    __scatterload                            0x08000139   Thumb Code     0  __scatter.o(!!!scatter)
    __scatterload_rt2                        0x08000139   Thumb Code    44  __scatter.o(!!!scatter)
    __scatterload_rt2_thumb_only             0x08000139   Thumb Code     0  __scatter.o(!!!scatter)
    __scatterload_null                       0x08000147   Thumb Code     0  __scatter.o(!!!scatter)
    __scatterload_copy                       0x0800016d   Thumb Code    26  __scatter_copy.o(!!handler_copy)
    __scatterload_zeroinit                   0x08000189   Thumb Code    28  __scatter_zi.o(!!handler_zi)
    _printf_f                                0x080001a5   Thumb Code     0  _printf_f.o(.ARM.Collect$$_printf_percent$$00000003)
    _printf_percent                          0x080001a5   Thumb Code     0  _printf_percent.o(.ARM.Collect$$_printf_percent$$00000000)
    _printf_d                                0x080001ab   Thumb Code     0  _printf_d.o(.ARM.Collect$$_printf_percent$$00000009)
    _printf_x                                0x080001b1   Thumb Code     0  _printf_x.o(.ARM.Collect$$_printf_percent$$0000000C)
    _printf_percent_end                      0x080001b7   Thumb Code     0  _printf_percent_end.o(.ARM.Collect$$_printf_percent$$00000017)
    __rt_lib_init                            0x080001bb   Thumb Code     0  libinit.o(.ARM.Collect$$libinit$$00000000)
    __rt_lib_init_fp_1                       0x080001bd   Thumb Code     0  libinit2.o(.ARM.Collect$$libinit$$00000002)
    __rt_lib_init_heap_1                     0x080001bd   Thumb Code     0  libinit2.o(.ARM.Collect$$libinit$$0000000A)
    __rt_lib_init_lc_common                  0x080001bd   Thumb Code     0  libinit2.o(.ARM.Collect$$libinit$$0000000F)
    __rt_lib_init_preinit_1                  0x080001bd   Thumb Code     0  libinit2.o(.ARM.Collect$$libinit$$00000004)
    __rt_lib_init_rand_1                     0x080001bd   Thumb Code     0  libinit2.o(.ARM.Collect$$libinit$$0000000E)
    __rt_lib_init_user_alloc_1               0x080001bd   Thumb Code     0  libinit2.o(.ARM.Collect$$libinit$$0000000C)
    __rt_lib_init_lc_collate_1               0x080001c3   Thumb Code     0  libinit2.o(.ARM.Collect$$libinit$$00000011)
    __rt_lib_init_lc_ctype_1                 0x080001c3   Thumb Code     0  libinit2.o(.ARM.Collect$$libinit$$00000013)
    __rt_lib_init_lc_monetary_1              0x080001c3   Thumb Code     0  libinit2.o(.ARM.Collect$$libinit$$00000015)
    __rt_lib_init_lc_numeric_2               0x080001c3   Thumb Code     0  libinit2.o(.ARM.Collect$$libinit$$00000016)
    __rt_lib_init_alloca_1                   0x080001cd   Thumb Code     0  libinit2.o(.ARM.Collect$$libinit$$0000002E)
    __rt_lib_init_argv_1                     0x080001cd   Thumb Code     0  libinit2.o(.ARM.Collect$$libinit$$0000002C)
    __rt_lib_init_atexit_1                   0x080001cd   Thumb Code     0  libinit2.o(.ARM.Collect$$libinit$$0000001B)
    __rt_lib_init_clock_1                    0x080001cd   Thumb Code     0  libinit2.o(.ARM.Collect$$libinit$$00000021)
    __rt_lib_init_cpp_1                      0x080001cd   Thumb Code     0  libinit2.o(.ARM.Collect$$libinit$$00000032)
    __rt_lib_init_exceptions_1               0x080001cd   Thumb Code     0  libinit2.o(.ARM.Collect$$libinit$$00000030)
    __rt_lib_init_fp_trap_1                  0x080001cd   Thumb Code     0  libinit2.o(.ARM.Collect$$libinit$$0000001F)
    __rt_lib_init_getenv_1                   0x080001cd   Thumb Code     0  libinit2.o(.ARM.Collect$$libinit$$00000023)
    __rt_lib_init_lc_numeric_1               0x080001cd   Thumb Code     0  libinit2.o(.ARM.Collect$$libinit$$00000017)
    __rt_lib_init_lc_time_1                  0x080001cd   Thumb Code     0  libinit2.o(.ARM.Collect$$libinit$$00000019)
    __rt_lib_init_return                     0x080001cd   Thumb Code     0  libinit2.o(.ARM.Collect$$libinit$$00000033)
    __rt_lib_init_signal_1                   0x080001cd   Thumb Code     0  libinit2.o(.ARM.Collect$$libinit$$0000001D)
    __rt_lib_init_stdio_1                    0x080001cd   Thumb Code     0  libinit2.o(.ARM.Collect$$libinit$$00000025)
    __rt_lib_shutdown                        0x080001cf   Thumb Code     0  libshutdown.o(.ARM.Collect$$libshutdown$$00000000)
    __rt_lib_shutdown_cpp_1                  0x080001d1   Thumb Code     0  libshutdown2.o(.ARM.Collect$$libshutdown$$00000002)
    __rt_lib_shutdown_fp_trap_1              0x080001d1   Thumb Code     0  libshutdown2.o(.ARM.Collect$$libshutdown$$00000007)
    __rt_lib_shutdown_heap_1                 0x080001d1   Thumb Code     0  libshutdown2.o(.ARM.Collect$$libshutdown$$0000000F)
    __rt_lib_shutdown_return                 0x080001d1   Thumb Code     0  libshutdown2.o(.ARM.Collect$$libshutdown$$00000010)
    __rt_lib_shutdown_signal_1               0x080001d1   Thumb Code     0  libshutdown2.o(.ARM.Collect$$libshutdown$$0000000A)
    __rt_lib_shutdown_stdio_1                0x080001d1   Thumb Code     0  libshutdown2.o(.ARM.Collect$$libshutdown$$00000004)
    __rt_lib_shutdown_user_alloc_1           0x080001d1   Thumb Code     0  libshutdown2.o(.ARM.Collect$$libshutdown$$0000000C)
    __rt_entry                               0x080001d3   Thumb Code     0  __rtentry.o(.ARM.Collect$$rtentry$$00000000)
    __rt_entry_presh_1                       0x080001d3   Thumb Code     0  __rtentry2.o(.ARM.Collect$$rtentry$$00000002)
    __rt_entry_sh                            0x080001d3   Thumb Code     0  __rtentry4.o(.ARM.Collect$$rtentry$$00000004)
    __rt_entry_li                            0x080001d9   Thumb Code     0  __rtentry2.o(.ARM.Collect$$rtentry$$0000000A)
    __rt_entry_postsh_1                      0x080001d9   Thumb Code     0  __rtentry2.o(.ARM.Collect$$rtentry$$00000009)
    __rt_entry_main                          0x080001dd   Thumb Code     0  __rtentry2.o(.ARM.Collect$$rtentry$$0000000D)
    __rt_entry_postli_1                      0x080001dd   Thumb Code     0  __rtentry2.o(.ARM.Collect$$rtentry$$0000000C)
    __rt_exit                                0x080001e5   Thumb Code     0  rtexit.o(.ARM.Collect$$rtexit$$00000000)
    __rt_exit_ls                             0x080001e7   Thumb Code     0  rtexit2.o(.ARM.Collect$$rtexit$$00000003)
    __rt_exit_prels_1                        0x080001e7   Thumb Code     0  rtexit2.o(.ARM.Collect$$rtexit$$00000002)
    __rt_exit_exit                           0x080001eb   Thumb Code     0  rtexit2.o(.ARM.Collect$$rtexit$$00000004)
    Reset_Handler                            0x080001f1   Thumb Code     8  startup_stm32f10x_hd.o(.text)
    ADC1_2_IRQHandler                        0x0800020b   Thumb Code     0  startup_stm32f10x_hd.o(.text)
    ADC3_IRQHandler                          0x0800020b   Thumb Code     0  startup_stm32f10x_hd.o(.text)
    CAN1_RX1_IRQHandler                      0x0800020b   Thumb Code     0  startup_stm32f10x_hd.o(.text)
    CAN1_SCE_IRQHandler                      0x0800020b   Thumb Code     0  startup_stm32f10x_hd.o(.text)
    DMA1_Channel1_IRQHandler                 0x0800020b   Thumb Code     0  startup_stm32f10x_hd.o(.text)
    DMA1_Channel2_IRQHandler                 0x0800020b   Thumb Code     0  startup_stm32f10x_hd.o(.text)
    DMA1_Channel3_IRQHandler                 0x0800020b   Thumb Code     0  startup_stm32f10x_hd.o(.text)
    DMA1_Channel4_IRQHandler                 0x0800020b   Thumb Code     0  startup_stm32f10x_hd.o(.text)
    DMA1_Channel5_IRQHandler                 0x0800020b   Thumb Code     0  startup_stm32f10x_hd.o(.text)
    DMA1_Channel6_IRQHandler                 0x0800020b   Thumb Code     0  startup_stm32f10x_hd.o(.text)
    DMA1_Channel7_IRQHandler                 0x0800020b   Thumb Code     0  startup_stm32f10x_hd.o(.text)
    DMA2_Channel1_IRQHandler                 0x0800020b   Thumb Code     0  startup_stm32f10x_hd.o(.text)
    DMA2_Channel2_IRQHandler                 0x0800020b   Thumb Code     0  startup_stm32f10x_hd.o(.text)
    DMA2_Channel3_IRQHandler                 0x0800020b   Thumb Code     0  startup_stm32f10x_hd.o(.text)
    DMA2_Channel4_5_IRQHandler               0x0800020b   Thumb Code     0  startup_stm32f10x_hd.o(.text)
    EXTI0_IRQHandler                         0x0800020b   Thumb Code     0  startup_stm32f10x_hd.o(.text)
    EXTI15_10_IRQHandler                     0x0800020b   Thumb Code     0  startup_stm32f10x_hd.o(.text)
    EXTI1_IRQHandler                         0x0800020b   Thumb Code     0  startup_stm32f10x_hd.o(.text)
    EXTI2_IRQHandler                         0x0800020b   Thumb Code     0  startup_stm32f10x_hd.o(.text)
    EXTI3_IRQHandler                         0x0800020b   Thumb Code     0  startup_stm32f10x_hd.o(.text)
    EXTI4_IRQHandler                         0x0800020b   Thumb Code     0  startup_stm32f10x_hd.o(.text)
    EXTI9_5_IRQHandler                       0x0800020b   Thumb Code     0  startup_stm32f10x_hd.o(.text)
    FLASH_IRQHandler                         0x0800020b   Thumb Code     0  startup_stm32f10x_hd.o(.text)
    FSMC_IRQHandler                          0x0800020b   Thumb Code     0  startup_stm32f10x_hd.o(.text)
    I2C1_ER_IRQHandler                       0x0800020b   Thumb Code     0  startup_stm32f10x_hd.o(.text)
    I2C1_EV_IRQHandler                       0x0800020b   Thumb Code     0  startup_stm32f10x_hd.o(.text)
    I2C2_ER_IRQHandler                       0x0800020b   Thumb Code     0  startup_stm32f10x_hd.o(.text)
    I2C2_EV_IRQHandler                       0x0800020b   Thumb Code     0  startup_stm32f10x_hd.o(.text)
    PVD_IRQHandler                           0x0800020b   Thumb Code     0  startup_stm32f10x_hd.o(.text)
    RCC_IRQHandler                           0x0800020b   Thumb Code     0  startup_stm32f10x_hd.o(.text)
    RTCAlarm_IRQHandler                      0x0800020b   Thumb Code     0  startup_stm32f10x_hd.o(.text)
    RTC_IRQHandler                           0x0800020b   Thumb Code     0  startup_stm32f10x_hd.o(.text)
    SDIO_IRQHandler                          0x0800020b   Thumb Code     0  startup_stm32f10x_hd.o(.text)
    SPI1_IRQHandler                          0x0800020b   Thumb Code     0  startup_stm32f10x_hd.o(.text)
    SPI2_IRQHandler                          0x0800020b   Thumb Code     0  startup_stm32f10x_hd.o(.text)
    SPI3_IRQHandler                          0x0800020b   Thumb Code     0  startup_stm32f10x_hd.o(.text)
    TAMPER_IRQHandler                        0x0800020b   Thumb Code     0  startup_stm32f10x_hd.o(.text)
    TIM1_BRK_IRQHandler                      0x0800020b   Thumb Code     0  startup_stm32f10x_hd.o(.text)
    TIM1_CC_IRQHandler                       0x0800020b   Thumb Code     0  startup_stm32f10x_hd.o(.text)
    TIM1_TRG_COM_IRQHandler                  0x0800020b   Thumb Code     0  startup_stm32f10x_hd.o(.text)
    TIM2_IRQHandler                          0x0800020b   Thumb Code     0  startup_stm32f10x_hd.o(.text)
    TIM3_IRQHandler                          0x0800020b   Thumb Code     0  startup_stm32f10x_hd.o(.text)
    TIM4_IRQHandler                          0x0800020b   Thumb Code     0  startup_stm32f10x_hd.o(.text)
    TIM5_IRQHandler                          0x0800020b   Thumb Code     0  startup_stm32f10x_hd.o(.text)
    TIM6_IRQHandler                          0x0800020b   Thumb Code     0  startup_stm32f10x_hd.o(.text)
    TIM7_IRQHandler                          0x0800020b   Thumb Code     0  startup_stm32f10x_hd.o(.text)
    TIM8_BRK_IRQHandler                      0x0800020b   Thumb Code     0  startup_stm32f10x_hd.o(.text)
    TIM8_CC_IRQHandler                       0x0800020b   Thumb Code     0  startup_stm32f10x_hd.o(.text)
    TIM8_TRG_COM_IRQHandler                  0x0800020b   Thumb Code     0  startup_stm32f10x_hd.o(.text)
    TIM8_UP_IRQHandler                       0x0800020b   Thumb Code     0  startup_stm32f10x_hd.o(.text)
    USBWakeUp_IRQHandler                     0x0800020b   Thumb Code     0  startup_stm32f10x_hd.o(.text)
    USB_HP_CAN1_TX_IRQHandler                0x0800020b   Thumb Code     0  startup_stm32f10x_hd.o(.text)
    USB_LP_CAN1_RX0_IRQHandler               0x0800020b   Thumb Code     0  startup_stm32f10x_hd.o(.text)
    WWDG_IRQHandler                          0x0800020b   Thumb Code     0  startup_stm32f10x_hd.o(.text)
    __user_initial_stackheap                 0x0800020d   Thumb Code     0  startup_stm32f10x_hd.o(.text)
    __use_no_semihosting                     0x08000231   Thumb Code     2  use_no_semi_2.o(.text)
    __2printf                                0x08000235   Thumb Code    20  noretval__2printf.o(.text)
    _printf_pre_padding                      0x0800024d   Thumb Code    44  _printf_pad.o(.text)
    _printf_post_padding                     0x08000279   Thumb Code    34  _printf_pad.o(.text)
    _printf_int_dec                          0x0800029d   Thumb Code   104  _printf_dec.o(.text)
    _printf_int_hex                          0x08000315   Thumb Code    84  _printf_hex_int.o(.text)
    _printf_longlong_hex                     0x08000315   Thumb Code     0  _printf_hex_int.o(.text)
    __printf                                 0x0800036d   Thumb Code   388  __printf_flags_ss_wp.o(.text)
    __aeabi_memcpy4                          0x080004f5   Thumb Code     0  rt_memcpy_w.o(.text)
    __aeabi_memcpy8                          0x080004f5   Thumb Code     0  rt_memcpy_w.o(.text)
    __rt_memcpy_w                            0x080004f5   Thumb Code   100  rt_memcpy_w.o(.text)
    _memcpy_lastbytes_aligned                0x0800053d   Thumb Code     0  rt_memcpy_w.o(.text)
    __use_two_region_memory                  0x08000559   Thumb Code     2  heapauxi.o(.text)
    __rt_heap_escrow$2region                 0x0800055b   Thumb Code     2  heapauxi.o(.text)
    __rt_heap_expand$2region                 0x0800055d   Thumb Code     2  heapauxi.o(.text)
    __I$use$semihosting                      0x0800055f   Thumb Code     0  use_no_semi.o(.text)
    __use_no_semihosting_swi                 0x0800055f   Thumb Code     2  use_no_semi.o(.text)
    _printf_int_common                       0x08000561   Thumb Code   178  _printf_intcommon.o(.text)
    __lib_sel_fp_printf                      0x08000613   Thumb Code     2  _printf_fp_dec.o(.text)
    _printf_fp_dec_real                      0x080007c5   Thumb Code   620  _printf_fp_dec.o(.text)
    _printf_char_file                        0x08000a31   Thumb Code    32  _printf_char_file.o(.text)
    __rt_locale                              0x08000a55   Thumb Code     8  rt_locale_intlibspace.o(.text)
    _ll_udiv10                               0x08000a5d   Thumb Code   138  lludiv10.o(.text)
    _printf_char_common                      0x08000af3   Thumb Code    32  _printf_char_common.o(.text)
    _printf_fp_infnan                        0x08000b19   Thumb Code   112  _printf_fp_infnan.o(.text)
    _btod_etento                             0x08000b99   Thumb Code   224  bigflt0.o(.text)
    ferror                                   0x08000c7d   Thumb Code     8  ferror.o(.text)
    __user_libspace                          0x08000c85   Thumb Code     8  libspace.o(.text)
    __user_perproc_libspace                  0x08000c85   Thumb Code     0  libspace.o(.text)
    __user_perthread_libspace                0x08000c85   Thumb Code     0  libspace.o(.text)
    __user_setup_stackheap                   0x08000c8d   Thumb Code    74  sys_stackheap_outer.o(.text)
    exit                                     0x08000cd7   Thumb Code    18  exit.o(.text)
    strcmp                                   0x08000ce9   Thumb Code   128  strcmpv7m.o(.text)
    _btod_d2e                                0x08000d69   Thumb Code    62  btod.o(CL$$btod_d2e)
    _d2e_denorm_low                          0x08000da7   Thumb Code    70  btod.o(CL$$btod_d2e_denorm_low)
    _d2e_norm_op1                            0x08000ded   Thumb Code    96  btod.o(CL$$btod_d2e_norm_op1)
    __btod_div_common                        0x08000e4d   Thumb Code   696  btod.o(CL$$btod_div_common)
    _e2e                                     0x08001185   Thumb Code   220  btod.o(CL$$btod_e2e)
    _btod_ediv                               0x08001261   Thumb Code    42  btod.o(CL$$btod_ediv)
    _btod_emul                               0x0800128b   Thumb Code    42  btod.o(CL$$btod_emul)
    __btod_mult_common                       0x080012b5   Thumb Code   580  btod.o(CL$$btod_mult_common)
    Balance_Motor_Init                       0x080014f9   Thumb Code    40  motor.o(i.Balance_Motor_Init)
    BusFault_Handler                         0x08001525   Thumb Code     4  stm32f10x_it.o(i.BusFault_Handler)
    DebugMon_Handler                         0x08001529   Thumb Code     2  stm32f10x_it.o(i.DebugMon_Handler)
    Encoder_Init_TIM2                        0x0800152d   Thumb Code   240  encode.o(i.Encoder_Init_TIM2)
    Encoder_Init_TIM3                        0x0800162d   Thumb Code   178  encode.o(i.Encoder_Init_TIM3)
    Encoder_Init_TIM4                        0x080016e9   Thumb Code   180  encode.o(i.Encoder_Init_TIM4)
    Encoder_Init_TIM5                        0x080017a5   Thumb Code   176  encode.o(i.Encoder_Init_TIM5)
    GPIO_Init                                0x0800185d   Thumb Code   278  stm32f10x_gpio.o(i.GPIO_Init)
    GPIO_PinRemapConfig                      0x08001975   Thumb Code   138  stm32f10x_gpio.o(i.GPIO_PinRemapConfig)
    GPIO_ResetBits                           0x08001a05   Thumb Code     4  stm32f10x_gpio.o(i.GPIO_ResetBits)
    GPIO_SetBits                             0x08001a09   Thumb Code     4  stm32f10x_gpio.o(i.GPIO_SetBits)
    GetCRC16                                 0x08001a0d   Thumb Code    80  modbus.o(i.GetCRC16)
    HardFault_Handler                        0x08001a65   Thumb Code     4  stm32f10x_it.o(i.HardFault_Handler)
    LED_Init                                 0x08001a69   Thumb Code    68  led.o(i.LED_Init)
    Left_Behind_Back                         0x08001ab5   Thumb Code    20  motor.o(i.Left_Behind_Back)
    Left_Front_Back                          0x08001acd   Thumb Code    20  motor.o(i.Left_Front_Back)
    MemManage_Handler                        0x08001ae5   Thumb Code     4  stm32f10x_it.o(i.MemManage_Handler)
    NMI_Handler                              0x08001ae9   Thumb Code     2  stm32f10x_it.o(i.NMI_Handler)
    NVIC_Init                                0x08001aed   Thumb Code   100  misc.o(i.NVIC_Init)
    PWM_Init                                 0x08001b5d   Thumb Code   332  motor.o(i.PWM_Init)
    ParseModbusResponse                      0x08001cb1   Thumb Code   148  modbus.o(i.ParseModbusResponse)
    ParseMotorParameters                     0x08001db1   Thumb Code   804  translation.o(i.ParseMotorParameters)
    PendSV_Handler                           0x080020e9   Thumb Code     2  stm32f10x_it.o(i.PendSV_Handler)
    RCC_APB1PeriphClockCmd                   0x080020ed   Thumb Code    26  stm32f10x_rcc.o(i.RCC_APB1PeriphClockCmd)
    RCC_APB2PeriphClockCmd                   0x0800210d   Thumb Code    26  stm32f10x_rcc.o(i.RCC_APB2PeriphClockCmd)
    RCC_GetClocksFreq                        0x0800212d   Thumb Code   192  stm32f10x_rcc.o(i.RCC_GetClocksFreq)
    RS485IOInit                              0x08002201   Thumb Code    42  modbus.o(i.RS485IOInit)
    RS485_RW_Opr                             0x08002235   Thumb Code    90  modbus.o(i.RS485_RW_Opr)
    Right_Behind_Back                        0x08002295   Thumb Code    20  motor.o(i.Right_Behind_Back)
    Right_Front_Back                         0x080022ad   Thumb Code    20  motor.o(i.Right_Front_Back)
    SVC_Handler                              0x080022c5   Thumb Code     2  stm32f10x_it.o(i.SVC_Handler)
    Send_Data                                0x080022c9   Thumb Code    72  modbus.o(i.Send_Data)
    SysTick_CLKSourceConfig                  0x08002405   Thumb Code    40  misc.o(i.SysTick_CLKSourceConfig)
    SysTick_Handler                          0x0800242d   Thumb Code     2  stm32f10x_it.o(i.SysTick_Handler)
    SystemInit                               0x08002431   Thumb Code    78  system_stm32f10x.o(i.SystemInit)
    TIM1_UP_IRQHandler                       0x080026d1   Thumb Code    98  timer.o(i.TIM1_UP_IRQHandler)
    TIM_ARRPreloadConfig                     0x08002749   Thumb Code    24  stm32f10x_tim.o(i.TIM_ARRPreloadConfig)
    TIM_ClearFlag                            0x08002761   Thumb Code     6  stm32f10x_tim.o(i.TIM_ClearFlag)
    TIM_ClearITPendingBit                    0x08002767   Thumb Code     6  stm32f10x_tim.o(i.TIM_ClearITPendingBit)
    TIM_Cmd                                  0x0800276d   Thumb Code    24  stm32f10x_tim.o(i.TIM_Cmd)
    TIM_CtrlPWMOutputs                       0x08002785   Thumb Code    30  stm32f10x_tim.o(i.TIM_CtrlPWMOutputs)
    TIM_EncoderInterfaceConfig               0x080027a3   Thumb Code    66  stm32f10x_tim.o(i.TIM_EncoderInterfaceConfig)
    TIM_GetITStatus                          0x080027e5   Thumb Code    34  stm32f10x_tim.o(i.TIM_GetITStatus)
    TIM_ICInit                               0x08002809   Thumb Code   150  stm32f10x_tim.o(i.TIM_ICInit)
    TIM_ICStructInit                         0x080028b5   Thumb Code    18  stm32f10x_tim.o(i.TIM_ICStructInit)
    TIM_ITConfig                             0x080028c7   Thumb Code    18  stm32f10x_tim.o(i.TIM_ITConfig)
    TIM_OC1Init                              0x080028d9   Thumb Code   132  stm32f10x_tim.o(i.TIM_OC1Init)
    TIM_OC1PreloadConfig                     0x08002971   Thumb Code    18  stm32f10x_tim.o(i.TIM_OC1PreloadConfig)
    TIM_OC2Init                              0x08002985   Thumb Code   154  stm32f10x_tim.o(i.TIM_OC2Init)
    TIM_OC2PreloadConfig                     0x08002a29   Thumb Code    26  stm32f10x_tim.o(i.TIM_OC2PreloadConfig)
    TIM_OC3Init                              0x08002a45   Thumb Code   150  stm32f10x_tim.o(i.TIM_OC3Init)
    TIM_OC3PreloadConfig                     0x08002ae5   Thumb Code    18  stm32f10x_tim.o(i.TIM_OC3PreloadConfig)
    TIM_OC4Init                              0x08002af9   Thumb Code   114  stm32f10x_tim.o(i.TIM_OC4Init)
    TIM_OC4PreloadConfig                     0x08002b75   Thumb Code    26  stm32f10x_tim.o(i.TIM_OC4PreloadConfig)
    TIM_SetCompare1                          0x08002b8f   Thumb Code     4  stm32f10x_tim.o(i.TIM_SetCompare1)
    TIM_SetCompare2                          0x08002b93   Thumb Code     4  stm32f10x_tim.o(i.TIM_SetCompare2)
    TIM_SetCompare3                          0x08002b97   Thumb Code     4  stm32f10x_tim.o(i.TIM_SetCompare3)
    TIM_SetCompare4                          0x08002b9b   Thumb Code     6  stm32f10x_tim.o(i.TIM_SetCompare4)
    TIM_SetCounter                           0x08002ba1   Thumb Code     4  stm32f10x_tim.o(i.TIM_SetCounter)
    TIM_SetIC1Prescaler                      0x08002ba5   Thumb Code    18  stm32f10x_tim.o(i.TIM_SetIC1Prescaler)
    TIM_SetIC2Prescaler                      0x08002bb7   Thumb Code    26  stm32f10x_tim.o(i.TIM_SetIC2Prescaler)
    TIM_SetIC3Prescaler                      0x08002bd1   Thumb Code    18  stm32f10x_tim.o(i.TIM_SetIC3Prescaler)
    TIM_SetIC4Prescaler                      0x08002be3   Thumb Code    26  stm32f10x_tim.o(i.TIM_SetIC4Prescaler)
    TIM_TimeBaseInit                         0x08002bfd   Thumb Code   122  stm32f10x_tim.o(i.TIM_TimeBaseInit)
    TIM_TimeBaseStructInit                   0x08002ca1   Thumb Code    18  stm32f10x_tim.o(i.TIM_TimeBaseStructInit)
    Timer1_Init                              0x08002cb5   Thumb Code   104  timer.o(i.Timer1_Init)
    UART4_IRQHandler                         0x08002d21   Thumb Code    36  usart.o(i.UART4_IRQHandler)
    UART5_IRQHandler                         0x08002d49   Thumb Code    46  usart.o(i.UART5_IRQHandler)
    USART1_IRQHandler                        0x08002d7d   Thumb Code    24  usart.o(i.USART1_IRQHandler)
    USART1_Init                              0x08002d99   Thumb Code   160  usart.o(i.USART1_Init)
    USART2_IRQHandler                        0x08002e41   Thumb Code    66  modbus.o(i.USART2_IRQHandler)
    USART2_Init                              0x08002e8d   Thumb Code   164  modbus.o(i.USART2_Init)
    USART3_IRQHandler                        0x08002f39   Thumb Code    84  usart.o(i.USART3_IRQHandler)
    USART3_Init                              0x08002f99   Thumb Code   158  usart.o(i.USART3_Init)
    USART_ClearFlag                          0x08003041   Thumb Code    18  stm32f10x_usart.o(i.USART_ClearFlag)
    USART_ClearITPendingBit                  0x08003053   Thumb Code    30  stm32f10x_usart.o(i.USART_ClearITPendingBit)
    USART_Cmd                                0x08003071   Thumb Code    24  stm32f10x_usart.o(i.USART_Cmd)
    USART_GetFlagStatus                      0x08003089   Thumb Code    26  stm32f10x_usart.o(i.USART_GetFlagStatus)
    USART_GetITStatus                        0x080030a3   Thumb Code    84  stm32f10x_usart.o(i.USART_GetITStatus)
    USART_ITConfig                           0x080030f7   Thumb Code    74  stm32f10x_usart.o(i.USART_ITConfig)
    USART_Init                               0x08003141   Thumb Code   210  stm32f10x_usart.o(i.USART_Init)
    USART_ReceiveData                        0x08003219   Thumb Code    10  stm32f10x_usart.o(i.USART_ReceiveData)
    USART_SendData                           0x08003223   Thumb Code     8  stm32f10x_usart.o(i.USART_SendData)
    UartDriverMe                             0x0800322d   Thumb Code   124  modbus.o(i.UartDriverMe)
    UartRead                                 0x080032ed   Thumb Code    52  modbus.o(i.UartRead)
    UartRxMonitor                            0x08003325   Thumb Code    86  modbus.o(i.UartRxMonitor)
    UsageFault_Handler                       0x08003389   Thumb Code     4  stm32f10x_it.o(i.UsageFault_Handler)
    __ARM_fpclassify                         0x0800338d   Thumb Code    40  fpclassify.o(i.__ARM_fpclassify)
    _is_digit                                0x080033b5   Thumb Code    14  __printf_wp.o(i._is_digit)
    _sys_exit                                0x080033c3   Thumb Code     4  usart.o(i._sys_exit)
    delay_init                               0x080033c9   Thumb Code    50  delay.o(i.delay_init)
    delay_us                                 0x0800340d   Thumb Code    72  delay.o(i.delay_us)
    fputc                                    0x08003459   Thumb Code    32  usart.o(i.fputc)
    main                                     0x0800347d   Thumb Code    88  main.o(i.main)
    parseWT61HexData                         0x080034d5   Thumb Code   562  usart.o(i.parseWT61HexData)
    test1                                    0x08003761   Thumb Code    60  main.o(i.test1)
    test2                                    0x080037a1   Thumb Code    92  main.o(i.test2)
    _get_lc_numeric                          0x08003831   Thumb Code    44  lc_numeric_c.o(locale$$code)
    __aeabi_d2f                              0x0800385d   Thumb Code     0  d2f.o(x$fpl$d2f)
    _d2f                                     0x0800385d   Thumb Code    98  d2f.o(x$fpl$d2f)
    __aeabi_ddiv                             0x080038c1   Thumb Code     0  ddiv.o(x$fpl$ddiv)
    _ddiv                                    0x080038c1   Thumb Code   552  ddiv.o(x$fpl$ddiv)
    __aeabi_i2d                              0x08003b71   Thumb Code     0  dflt_clz.o(x$fpl$dflt)
    _dflt                                    0x08003b71   Thumb Code    46  dflt_clz.o(x$fpl$dflt)
    __aeabi_dmul                             0x08003ba1   Thumb Code     0  dmul.o(x$fpl$dmul)
    _dmul                                    0x08003ba1   Thumb Code   332  dmul.o(x$fpl$dmul)
    __fpl_dnaninf                            0x08003cf5   Thumb Code   156  dnaninf.o(x$fpl$dnaninf)
    __fpl_dretinf                            0x08003d91   Thumb Code    12  dretinf.o(x$fpl$dretinf)
    __aeabi_f2d                              0x08003d9d   Thumb Code     0  f2d.o(x$fpl$f2d)
    _f2d                                     0x08003d9d   Thumb Code    86  f2d.o(x$fpl$f2d)
    __aeabi_fdiv                             0x08003df5   Thumb Code     0  fdiv.o(x$fpl$fdiv)
    _fdiv                                    0x08003df5   Thumb Code   384  fdiv.o(x$fpl$fdiv)
    __aeabi_i2f                              0x08003f79   Thumb Code     0  fflt_clz.o(x$fpl$fflt)
    _fflt                                    0x08003f79   Thumb Code    48  fflt_clz.o(x$fpl$fflt)
    __aeabi_ui2f                             0x08003fa9   Thumb Code     0  fflt_clz.o(x$fpl$ffltu)
    _ffltu                                   0x08003fa9   Thumb Code    38  fflt_clz.o(x$fpl$ffltu)
    __aeabi_fmul                             0x08003fd1   Thumb Code     0  fmul.o(x$fpl$fmul)
    _fmul                                    0x08003fd1   Thumb Code   258  fmul.o(x$fpl$fmul)
    __fpl_fnaninf                            0x080040d3   Thumb Code   140  fnaninf.o(x$fpl$fnaninf)
    __fpl_fretinf                            0x0800415f   Thumb Code    10  fretinf.o(x$fpl$fretinf)
    _printf_fp_dec                           0x08004169   Thumb Code     4  printf1.o(x$fpl$printf1)
    __I$use$fp                               0x0800416c   Number         0  usenofp.o(x$fpl$usenofp)
    Region$$Table$$Base                      0x0800443c   Number         0  anon$$obj.o(Region$$Table)
    Region$$Table$$Limit                     0x0800445c   Number         0  anon$$obj.o(Region$$Table)
    SystemCoreClock                          0x20000000   Data           4  system_stm32f10x.o(.data)
    AHBPrescTable                            0x20000004   Data          16  system_stm32f10x.o(.data)
    AxL                                      0x20000018   Data           1  usart.o(.data)
    AxH                                      0x20000019   Data           1  usart.o(.data)
    AyL                                      0x2000001a   Data           1  usart.o(.data)
    AyH                                      0x2000001b   Data           1  usart.o(.data)
    AzL                                      0x2000001c   Data           1  usart.o(.data)
    AzH                                      0x2000001d   Data           1  usart.o(.data)
    WxL                                      0x2000001e   Data           1  usart.o(.data)
    WxH                                      0x2000001f   Data           1  usart.o(.data)
    WyL                                      0x20000020   Data           1  usart.o(.data)
    WyH                                      0x20000021   Data           1  usart.o(.data)
    WzL                                      0x20000022   Data           1  usart.o(.data)
    WzH                                      0x20000023   Data           1  usart.o(.data)
    AnxL                                     0x20000024   Data           1  usart.o(.data)
    AnxH                                     0x20000025   Data           1  usart.o(.data)
    AnyL                                     0x20000026   Data           1  usart.o(.data)
    AnyH                                     0x20000027   Data           1  usart.o(.data)
    AnzL                                     0x20000028   Data           1  usart.o(.data)
    AnzH                                     0x20000029   Data           1  usart.o(.data)
    myff                                     0x2000002a   Data           2  usart.o(.data)
    temp                                     0x2000002c   Data           4  usart.o(.data)
    cnt3                                     0x20000030   Data           1  usart.o(.data)
    __stdout                                 0x20000034   Data           4  usart.o(.data)
    modbus_query_flag                        0x20000038   Data           1  timer.o(.data)
    timer_1                                  0x2000003a   Data           2  timer.o(.data)
    timer_2                                  0x2000003c   Data           2  timer.o(.data)
    modbus_state                             0x2000003e   Data           1  timer.o(.data)
    ReadDateVal                              0x20000040   Data           2  modbus.o(.data)
    RegCount                                 0x20000042   Data           1  modbus.o(.data)
    DataReady                                0x20000043   Data           1  modbus.o(.data)
    fAcc                                     0x2000005c   Data          12  usart.o(.bss)
    fGyro                                    0x20000068   Data          12  usart.o(.bss)
    fAngle                                   0x20000074   Data          12  usart.o(.bss)
    buf3                                     0x20000080   Data          11  usart.o(.bss)
    modbus                                   0x2000008c   Data         103  modbus.o(.bss)
    HolidingRegister                         0x200000f4   Data          72  modbus.o(.bss)
    motor_params1                            0x200001e0   Data          96  translation.o(.bss)
    motor_params2                            0x20000240   Data          96  translation.o(.bss)
    motor_params3                            0x200002a0   Data          96  translation.o(.bss)
    motor_params4                            0x20000300   Data          96  translation.o(.bss)
    __libspace_start                         0x20000360   Data          96  libspace.o(.bss)
    __temporary_stack_top$libspace           0x200003c0   Data           0  libspace.o(.bss)



==============================================================================

Memory Map of the image

  Image Entry point : 0x080001f1

  Load Region LR_1 (Base: 0x08000000, Size: 0x000044d4, Max: 0xffffffff, ABSOLUTE)

    Execution Region ER_RO (Exec base: 0x08000000, Load base: 0x08000000, Size: 0x00004478, Max: 0xffffffff, ABSOLUTE)

    Exec Addr    Load Addr    Size         Type   Attr      Idx    E Section Name        Object

    0x08000000   0x08000000   0x00000130   Data   RO          947    RESET               startup_stm32f10x_hd.o
    0x08000130   0x08000130   0x00000008   Code   RO         2166  * !!!main             c_w.l(__main.o)
    0x08000138   0x08000138   0x00000034   Code   RO         2418    !!!scatter          c_w.l(__scatter.o)
    0x0800016c   0x0800016c   0x0000001a   Code   RO         2420    !!handler_copy      c_w.l(__scatter_copy.o)
    0x08000186   0x08000186   0x00000002   PAD
    0x08000188   0x08000188   0x0000001c   Code   RO         2422    !!handler_zi        c_w.l(__scatter_zi.o)
    0x080001a4   0x080001a4   0x00000000   Code   RO         2161    .ARM.Collect$$_printf_percent$$00000000  c_w.l(_printf_percent.o)
    0x080001a4   0x080001a4   0x00000006   Code   RO         2160    .ARM.Collect$$_printf_percent$$00000003  c_w.l(_printf_f.o)
    0x080001aa   0x080001aa   0x00000006   Code   RO         2158    .ARM.Collect$$_printf_percent$$00000009  c_w.l(_printf_d.o)
    0x080001b0   0x080001b0   0x00000006   Code   RO         2157    .ARM.Collect$$_printf_percent$$0000000C  c_w.l(_printf_x.o)
    0x080001b6   0x080001b6   0x00000004   Code   RO         2207    .ARM.Collect$$_printf_percent$$00000017  c_w.l(_printf_percent_end.o)
    0x080001ba   0x080001ba   0x00000002   Code   RO         2295    .ARM.Collect$$libinit$$00000000  c_w.l(libinit.o)
    0x080001bc   0x080001bc   0x00000000   Code   RO         2297    .ARM.Collect$$libinit$$00000002  c_w.l(libinit2.o)
    0x080001bc   0x080001bc   0x00000000   Code   RO         2299    .ARM.Collect$$libinit$$00000004  c_w.l(libinit2.o)
    0x080001bc   0x080001bc   0x00000000   Code   RO         2302    .ARM.Collect$$libinit$$0000000A  c_w.l(libinit2.o)
    0x080001bc   0x080001bc   0x00000000   Code   RO         2304    .ARM.Collect$$libinit$$0000000C  c_w.l(libinit2.o)
    0x080001bc   0x080001bc   0x00000000   Code   RO         2306    .ARM.Collect$$libinit$$0000000E  c_w.l(libinit2.o)
    0x080001bc   0x080001bc   0x00000006   Code   RO         2307    .ARM.Collect$$libinit$$0000000F  c_w.l(libinit2.o)
    0x080001c2   0x080001c2   0x00000000   Code   RO         2309    .ARM.Collect$$libinit$$00000011  c_w.l(libinit2.o)
    0x080001c2   0x080001c2   0x00000000   Code   RO         2311    .ARM.Collect$$libinit$$00000013  c_w.l(libinit2.o)
    0x080001c2   0x080001c2   0x00000000   Code   RO         2313    .ARM.Collect$$libinit$$00000015  c_w.l(libinit2.o)
    0x080001c2   0x080001c2   0x0000000a   Code   RO         2314    .ARM.Collect$$libinit$$00000016  c_w.l(libinit2.o)
    0x080001cc   0x080001cc   0x00000000   Code   RO         2315    .ARM.Collect$$libinit$$00000017  c_w.l(libinit2.o)
    0x080001cc   0x080001cc   0x00000000   Code   RO         2317    .ARM.Collect$$libinit$$00000019  c_w.l(libinit2.o)
    0x080001cc   0x080001cc   0x00000000   Code   RO         2319    .ARM.Collect$$libinit$$0000001B  c_w.l(libinit2.o)
    0x080001cc   0x080001cc   0x00000000   Code   RO         2321    .ARM.Collect$$libinit$$0000001D  c_w.l(libinit2.o)
    0x080001cc   0x080001cc   0x00000000   Code   RO         2323    .ARM.Collect$$libinit$$0000001F  c_w.l(libinit2.o)
    0x080001cc   0x080001cc   0x00000000   Code   RO         2325    .ARM.Collect$$libinit$$00000021  c_w.l(libinit2.o)
    0x080001cc   0x080001cc   0x00000000   Code   RO         2327    .ARM.Collect$$libinit$$00000023  c_w.l(libinit2.o)
    0x080001cc   0x080001cc   0x00000000   Code   RO         2329    .ARM.Collect$$libinit$$00000025  c_w.l(libinit2.o)
    0x080001cc   0x080001cc   0x00000000   Code   RO         2333    .ARM.Collect$$libinit$$0000002C  c_w.l(libinit2.o)
    0x080001cc   0x080001cc   0x00000000   Code   RO         2335    .ARM.Collect$$libinit$$0000002E  c_w.l(libinit2.o)
    0x080001cc   0x080001cc   0x00000000   Code   RO         2337    .ARM.Collect$$libinit$$00000030  c_w.l(libinit2.o)
    0x080001cc   0x080001cc   0x00000000   Code   RO         2339    .ARM.Collect$$libinit$$00000032  c_w.l(libinit2.o)
    0x080001cc   0x080001cc   0x00000002   Code   RO         2340    .ARM.Collect$$libinit$$00000033  c_w.l(libinit2.o)
    0x080001ce   0x080001ce   0x00000002   Code   RO         2368    .ARM.Collect$$libshutdown$$00000000  c_w.l(libshutdown.o)
    0x080001d0   0x080001d0   0x00000000   Code   RO         2377    .ARM.Collect$$libshutdown$$00000002  c_w.l(libshutdown2.o)
    0x080001d0   0x080001d0   0x00000000   Code   RO         2379    .ARM.Collect$$libshutdown$$00000004  c_w.l(libshutdown2.o)
    0x080001d0   0x080001d0   0x00000000   Code   RO         2382    .ARM.Collect$$libshutdown$$00000007  c_w.l(libshutdown2.o)
    0x080001d0   0x080001d0   0x00000000   Code   RO         2385    .ARM.Collect$$libshutdown$$0000000A  c_w.l(libshutdown2.o)
    0x080001d0   0x080001d0   0x00000000   Code   RO         2387    .ARM.Collect$$libshutdown$$0000000C  c_w.l(libshutdown2.o)
    0x080001d0   0x080001d0   0x00000000   Code   RO         2390    .ARM.Collect$$libshutdown$$0000000F  c_w.l(libshutdown2.o)
    0x080001d0   0x080001d0   0x00000002   Code   RO         2391    .ARM.Collect$$libshutdown$$00000010  c_w.l(libshutdown2.o)
    0x080001d2   0x080001d2   0x00000000   Code   RO         2200    .ARM.Collect$$rtentry$$00000000  c_w.l(__rtentry.o)
    0x080001d2   0x080001d2   0x00000000   Code   RO         2218    .ARM.Collect$$rtentry$$00000002  c_w.l(__rtentry2.o)
    0x080001d2   0x080001d2   0x00000006   Code   RO         2230    .ARM.Collect$$rtentry$$00000004  c_w.l(__rtentry4.o)
    0x080001d8   0x080001d8   0x00000000   Code   RO         2220    .ARM.Collect$$rtentry$$00000009  c_w.l(__rtentry2.o)
    0x080001d8   0x080001d8   0x00000004   Code   RO         2221    .ARM.Collect$$rtentry$$0000000A  c_w.l(__rtentry2.o)
    0x080001dc   0x080001dc   0x00000000   Code   RO         2223    .ARM.Collect$$rtentry$$0000000C  c_w.l(__rtentry2.o)
    0x080001dc   0x080001dc   0x00000008   Code   RO         2224    .ARM.Collect$$rtentry$$0000000D  c_w.l(__rtentry2.o)
    0x080001e4   0x080001e4   0x00000002   Code   RO         2341    .ARM.Collect$$rtexit$$00000000  c_w.l(rtexit.o)
    0x080001e6   0x080001e6   0x00000000   Code   RO         2348    .ARM.Collect$$rtexit$$00000002  c_w.l(rtexit2.o)
    0x080001e6   0x080001e6   0x00000004   Code   RO         2349    .ARM.Collect$$rtexit$$00000003  c_w.l(rtexit2.o)
    0x080001ea   0x080001ea   0x00000006   Code   RO         2350    .ARM.Collect$$rtexit$$00000004  c_w.l(rtexit2.o)
    0x080001f0   0x080001f0   0x00000040   Code   RO          948  * .text               startup_stm32f10x_hd.o
    0x08000230   0x08000230   0x00000002   Code   RO         2104    .text               c_w.l(use_no_semi_2.o)
    0x08000232   0x08000232   0x00000002   PAD
    0x08000234   0x08000234   0x00000018   Code   RO         2108    .text               c_w.l(noretval__2printf.o)
    0x0800024c   0x0800024c   0x0000004e   Code   RO         2112    .text               c_w.l(_printf_pad.o)
    0x0800029a   0x0800029a   0x00000002   PAD
    0x0800029c   0x0800029c   0x00000078   Code   RO         2114    .text               c_w.l(_printf_dec.o)
    0x08000314   0x08000314   0x00000058   Code   RO         2119    .text               c_w.l(_printf_hex_int.o)
    0x0800036c   0x0800036c   0x00000188   Code   RO         2154    .text               c_w.l(__printf_flags_ss_wp.o)
    0x080004f4   0x080004f4   0x00000064   Code   RO         2162    .text               c_w.l(rt_memcpy_w.o)
    0x08000558   0x08000558   0x00000006   Code   RO         2164    .text               c_w.l(heapauxi.o)
    0x0800055e   0x0800055e   0x00000002   Code   RO         2198    .text               c_w.l(use_no_semi.o)
    0x08000560   0x08000560   0x000000b2   Code   RO         2201    .text               c_w.l(_printf_intcommon.o)
    0x08000612   0x08000612   0x0000041e   Code   RO         2203    .text               c_w.l(_printf_fp_dec.o)
    0x08000a30   0x08000a30   0x00000024   Code   RO         2205    .text               c_w.l(_printf_char_file.o)
    0x08000a54   0x08000a54   0x00000008   Code   RO         2235    .text               c_w.l(rt_locale_intlibspace.o)
    0x08000a5c   0x08000a5c   0x0000008a   Code   RO         2237    .text               c_w.l(lludiv10.o)
    0x08000ae6   0x08000ae6   0x00000002   PAD
    0x08000ae8   0x08000ae8   0x00000030   Code   RO         2239    .text               c_w.l(_printf_char_common.o)
    0x08000b18   0x08000b18   0x00000080   Code   RO         2241    .text               c_w.l(_printf_fp_infnan.o)
    0x08000b98   0x08000b98   0x000000e4   Code   RO         2243    .text               c_w.l(bigflt0.o)
    0x08000c7c   0x08000c7c   0x00000008   Code   RO         2268    .text               c_w.l(ferror.o)
    0x08000c84   0x08000c84   0x00000008   Code   RO         2279    .text               c_w.l(libspace.o)
    0x08000c8c   0x08000c8c   0x0000004a   Code   RO         2282    .text               c_w.l(sys_stackheap_outer.o)
    0x08000cd6   0x08000cd6   0x00000012   Code   RO         2286    .text               c_w.l(exit.o)
    0x08000ce8   0x08000ce8   0x00000080   Code   RO         2288    .text               c_w.l(strcmpv7m.o)
    0x08000d68   0x08000d68   0x0000003e   Code   RO         2246    CL$$btod_d2e        c_w.l(btod.o)
    0x08000da6   0x08000da6   0x00000046   Code   RO         2248    CL$$btod_d2e_denorm_low  c_w.l(btod.o)
    0x08000dec   0x08000dec   0x00000060   Code   RO         2247    CL$$btod_d2e_norm_op1  c_w.l(btod.o)
    0x08000e4c   0x08000e4c   0x00000338   Code   RO         2256    CL$$btod_div_common  c_w.l(btod.o)
    0x08001184   0x08001184   0x000000dc   Code   RO         2253    CL$$btod_e2e        c_w.l(btod.o)
    0x08001260   0x08001260   0x0000002a   Code   RO         2250    CL$$btod_ediv       c_w.l(btod.o)
    0x0800128a   0x0800128a   0x0000002a   Code   RO         2249    CL$$btod_emul       c_w.l(btod.o)
    0x080012b4   0x080012b4   0x00000244   Code   RO         2255    CL$$btod_mult_common  c_w.l(btod.o)
    0x080014f8   0x080014f8   0x0000002c   Code   RO          575    i.Balance_Motor_Init  motor.o
    0x08001524   0x08001524   0x00000004   Code   RO          158    i.BusFault_Handler  stm32f10x_it.o
    0x08001528   0x08001528   0x00000002   Code   RO          159    i.DebugMon_Handler  stm32f10x_it.o
    0x0800152a   0x0800152a   0x00000002   PAD
    0x0800152c   0x0800152c   0x00000100   Code   RO          516    i.Encoder_Init_TIM2  encode.o
    0x0800162c   0x0800162c   0x000000bc   Code   RO          517    i.Encoder_Init_TIM3  encode.o
    0x080016e8   0x080016e8   0x000000bc   Code   RO          518    i.Encoder_Init_TIM4  encode.o
    0x080017a4   0x080017a4   0x000000b8   Code   RO          519    i.Encoder_Init_TIM5  encode.o
    0x0800185c   0x0800185c   0x00000116   Code   RO          994    i.GPIO_Init         stm32f10x_gpio.o
    0x08001972   0x08001972   0x00000002   PAD
    0x08001974   0x08001974   0x00000090   Code   RO          996    i.GPIO_PinRemapConfig  stm32f10x_gpio.o
    0x08001a04   0x08001a04   0x00000004   Code   RO         1001    i.GPIO_ResetBits    stm32f10x_gpio.o
    0x08001a08   0x08001a08   0x00000004   Code   RO         1002    i.GPIO_SetBits      stm32f10x_gpio.o
    0x08001a0c   0x08001a0c   0x00000058   Code   RO          831    i.GetCRC16          modbus.o
    0x08001a64   0x08001a64   0x00000004   Code   RO          160    i.HardFault_Handler  stm32f10x_it.o
    0x08001a68   0x08001a68   0x0000004c   Code   RO          503    i.LED_Init          led.o
    0x08001ab4   0x08001ab4   0x00000018   Code   RO          576    i.Left_Behind_Back  motor.o
    0x08001acc   0x08001acc   0x00000018   Code   RO          579    i.Left_Front_Back   motor.o
    0x08001ae4   0x08001ae4   0x00000004   Code   RO          161    i.MemManage_Handler  stm32f10x_it.o
    0x08001ae8   0x08001ae8   0x00000002   Code   RO          162    i.NMI_Handler       stm32f10x_it.o
    0x08001aea   0x08001aea   0x00000002   PAD
    0x08001aec   0x08001aec   0x00000070   Code   RO          952    i.NVIC_Init         misc.o
    0x08001b5c   0x08001b5c   0x00000154   Code   RO          584    i.PWM_Init          motor.o
    0x08001cb0   0x08001cb0   0x00000100   Code   RO          832    i.ParseModbusResponse  modbus.o
    0x08001db0   0x08001db0   0x00000338   Code   RO          911    i.ParseMotorParameters  translation.o
    0x080020e8   0x080020e8   0x00000002   Code   RO          163    i.PendSV_Handler    stm32f10x_it.o
    0x080020ea   0x080020ea   0x00000002   PAD
    0x080020ec   0x080020ec   0x00000020   Code   RO         1104    i.RCC_APB1PeriphClockCmd  stm32f10x_rcc.o
    0x0800210c   0x0800210c   0x00000020   Code   RO         1106    i.RCC_APB2PeriphClockCmd  stm32f10x_rcc.o
    0x0800212c   0x0800212c   0x000000d4   Code   RO         1114    i.RCC_GetClocksFreq  stm32f10x_rcc.o
    0x08002200   0x08002200   0x00000034   Code   RO          833    i.RS485IOInit       modbus.o
    0x08002234   0x08002234   0x00000060   Code   RO          834    i.RS485_RW_Opr      modbus.o
    0x08002294   0x08002294   0x00000018   Code   RO          585    i.Right_Behind_Back  motor.o
    0x080022ac   0x080022ac   0x00000018   Code   RO          588    i.Right_Front_Back  motor.o
    0x080022c4   0x080022c4   0x00000002   Code   RO          164    i.SVC_Handler       stm32f10x_it.o
    0x080022c6   0x080022c6   0x00000002   PAD
    0x080022c8   0x080022c8   0x00000054   Code   RO          835    i.Send_Data         modbus.o
    0x0800231c   0x0800231c   0x00000008   Code   RO          247    i.SetSysClock       system_stm32f10x.o
    0x08002324   0x08002324   0x000000e0   Code   RO          248    i.SetSysClockTo72   system_stm32f10x.o
    0x08002404   0x08002404   0x00000028   Code   RO          956    i.SysTick_CLKSourceConfig  misc.o
    0x0800242c   0x0800242c   0x00000002   Code   RO          165    i.SysTick_Handler   stm32f10x_it.o
    0x0800242e   0x0800242e   0x00000002   PAD
    0x08002430   0x08002430   0x00000060   Code   RO          250    i.SystemInit        system_stm32f10x.o
    0x08002490   0x08002490   0x00000080   Code   RO         1554    i.TI1_Config        stm32f10x_tim.o
    0x08002510   0x08002510   0x00000098   Code   RO         1555    i.TI2_Config        stm32f10x_tim.o
    0x080025a8   0x080025a8   0x00000090   Code   RO         1556    i.TI3_Config        stm32f10x_tim.o
    0x08002638   0x08002638   0x00000098   Code   RO         1557    i.TI4_Config        stm32f10x_tim.o
    0x080026d0   0x080026d0   0x00000078   Code   RO          677    i.TIM1_UP_IRQHandler  timer.o
    0x08002748   0x08002748   0x00000018   Code   RO         1558    i.TIM_ARRPreloadConfig  stm32f10x_tim.o
    0x08002760   0x08002760   0x00000006   Code   RO         1564    i.TIM_ClearFlag     stm32f10x_tim.o
    0x08002766   0x08002766   0x00000006   Code   RO         1565    i.TIM_ClearITPendingBit  stm32f10x_tim.o
    0x0800276c   0x0800276c   0x00000018   Code   RO         1570    i.TIM_Cmd           stm32f10x_tim.o
    0x08002784   0x08002784   0x0000001e   Code   RO         1572    i.TIM_CtrlPWMOutputs  stm32f10x_tim.o
    0x080027a2   0x080027a2   0x00000042   Code   RO         1579    i.TIM_EncoderInterfaceConfig  stm32f10x_tim.o
    0x080027e4   0x080027e4   0x00000022   Code   RO         1591    i.TIM_GetITStatus   stm32f10x_tim.o
    0x08002806   0x08002806   0x00000002   PAD
    0x08002808   0x08002808   0x000000ac   Code   RO         1593    i.TIM_ICInit        stm32f10x_tim.o
    0x080028b4   0x080028b4   0x00000012   Code   RO         1594    i.TIM_ICStructInit  stm32f10x_tim.o
    0x080028c6   0x080028c6   0x00000012   Code   RO         1595    i.TIM_ITConfig      stm32f10x_tim.o
    0x080028d8   0x080028d8   0x00000098   Code   RO         1599    i.TIM_OC1Init       stm32f10x_tim.o
    0x08002970   0x08002970   0x00000012   Code   RO         1602    i.TIM_OC1PreloadConfig  stm32f10x_tim.o
    0x08002982   0x08002982   0x00000002   PAD
    0x08002984   0x08002984   0x000000a4   Code   RO         1604    i.TIM_OC2Init       stm32f10x_tim.o
    0x08002a28   0x08002a28   0x0000001a   Code   RO         1607    i.TIM_OC2PreloadConfig  stm32f10x_tim.o
    0x08002a42   0x08002a42   0x00000002   PAD
    0x08002a44   0x08002a44   0x000000a0   Code   RO         1609    i.TIM_OC3Init       stm32f10x_tim.o
    0x08002ae4   0x08002ae4   0x00000012   Code   RO         1612    i.TIM_OC3PreloadConfig  stm32f10x_tim.o
    0x08002af6   0x08002af6   0x00000002   PAD
    0x08002af8   0x08002af8   0x0000007c   Code   RO         1614    i.TIM_OC4Init       stm32f10x_tim.o
    0x08002b74   0x08002b74   0x0000001a   Code   RO         1616    i.TIM_OC4PreloadConfig  stm32f10x_tim.o
    0x08002b8e   0x08002b8e   0x00000004   Code   RO         1631    i.TIM_SetCompare1   stm32f10x_tim.o
    0x08002b92   0x08002b92   0x00000004   Code   RO         1632    i.TIM_SetCompare2   stm32f10x_tim.o
    0x08002b96   0x08002b96   0x00000004   Code   RO         1633    i.TIM_SetCompare3   stm32f10x_tim.o
    0x08002b9a   0x08002b9a   0x00000006   Code   RO         1634    i.TIM_SetCompare4   stm32f10x_tim.o
    0x08002ba0   0x08002ba0   0x00000004   Code   RO         1635    i.TIM_SetCounter    stm32f10x_tim.o
    0x08002ba4   0x08002ba4   0x00000012   Code   RO         1636    i.TIM_SetIC1Prescaler  stm32f10x_tim.o
    0x08002bb6   0x08002bb6   0x0000001a   Code   RO         1637    i.TIM_SetIC2Prescaler  stm32f10x_tim.o
    0x08002bd0   0x08002bd0   0x00000012   Code   RO         1638    i.TIM_SetIC3Prescaler  stm32f10x_tim.o
    0x08002be2   0x08002be2   0x0000001a   Code   RO         1639    i.TIM_SetIC4Prescaler  stm32f10x_tim.o
    0x08002bfc   0x08002bfc   0x000000a4   Code   RO         1641    i.TIM_TimeBaseInit  stm32f10x_tim.o
    0x08002ca0   0x08002ca0   0x00000012   Code   RO         1642    i.TIM_TimeBaseStructInit  stm32f10x_tim.o
    0x08002cb2   0x08002cb2   0x00000002   PAD
    0x08002cb4   0x08002cb4   0x0000006c   Code   RO          678    i.Timer1_Init       timer.o
    0x08002d20   0x08002d20   0x00000028   Code   RO          336    i.UART4_IRQHandler  usart.o
    0x08002d48   0x08002d48   0x00000034   Code   RO          340    i.UART5_IRQHandler  usart.o
    0x08002d7c   0x08002d7c   0x0000001c   Code   RO          344    i.USART1_IRQHandler  usart.o
    0x08002d98   0x08002d98   0x000000a8   Code   RO          345    i.USART1_Init       usart.o
    0x08002e40   0x08002e40   0x0000004c   Code   RO          836    i.USART2_IRQHandler  modbus.o
    0x08002e8c   0x08002e8c   0x000000ac   Code   RO          837    i.USART2_Init       modbus.o
    0x08002f38   0x08002f38   0x00000060   Code   RO          349    i.USART3_IRQHandler  usart.o
    0x08002f98   0x08002f98   0x000000a8   Code   RO          350    i.USART3_Init       usart.o
    0x08003040   0x08003040   0x00000012   Code   RO         1302    i.USART_ClearFlag   stm32f10x_usart.o
    0x08003052   0x08003052   0x0000001e   Code   RO         1303    i.USART_ClearITPendingBit  stm32f10x_usart.o
    0x08003070   0x08003070   0x00000018   Code   RO         1306    i.USART_Cmd         stm32f10x_usart.o
    0x08003088   0x08003088   0x0000001a   Code   RO         1309    i.USART_GetFlagStatus  stm32f10x_usart.o
    0x080030a2   0x080030a2   0x00000054   Code   RO         1310    i.USART_GetITStatus  stm32f10x_usart.o
    0x080030f6   0x080030f6   0x0000004a   Code   RO         1312    i.USART_ITConfig    stm32f10x_usart.o
    0x08003140   0x08003140   0x000000d8   Code   RO         1313    i.USART_Init        stm32f10x_usart.o
    0x08003218   0x08003218   0x0000000a   Code   RO         1320    i.USART_ReceiveData  stm32f10x_usart.o
    0x08003222   0x08003222   0x00000008   Code   RO         1323    i.USART_SendData    stm32f10x_usart.o
    0x0800322a   0x0800322a   0x00000002   PAD
    0x0800322c   0x0800322c   0x000000c0   Code   RO          839    i.UartDriverMe      modbus.o
    0x080032ec   0x080032ec   0x00000038   Code   RO          840    i.UartRead          modbus.o
    0x08003324   0x08003324   0x00000064   Code   RO          841    i.UartRxMonitor     modbus.o
    0x08003388   0x08003388   0x00000004   Code   RO          166    i.UsageFault_Handler  stm32f10x_it.o
    0x0800338c   0x0800338c   0x00000028   Code   RO         2277    i.__ARM_fpclassify  m_ws.l(fpclassify.o)
    0x080033b4   0x080033b4   0x0000000e   Code   RO         2147    i._is_digit         c_w.l(__printf_wp.o)
    0x080033c2   0x080033c2   0x00000004   Code   RO          357    i._sys_exit         usart.o
    0x080033c6   0x080033c6   0x00000002   PAD
    0x080033c8   0x080033c8   0x00000044   Code   RO          281    i.delay_init        delay.o
    0x0800340c   0x0800340c   0x0000004c   Code   RO          283    i.delay_us          delay.o
    0x08003458   0x08003458   0x00000024   Code   RO          359    i.fputc             usart.o
    0x0800347c   0x0800347c   0x00000058   Code   RO            1    i.main              main.o
    0x080034d4   0x080034d4   0x0000028c   Code   RO          360    i.parseWT61HexData  usart.o
    0x08003760   0x08003760   0x00000040   Code   RO            2    i.test1             main.o
    0x080037a0   0x080037a0   0x00000090   Code   RO            3    i.test2             main.o
    0x08003830   0x08003830   0x0000002c   Code   RO         2273    locale$$code        c_w.l(lc_numeric_c.o)
    0x0800385c   0x0800385c   0x00000062   Code   RO         2168    x$fpl$d2f           fz_ws.l(d2f.o)
    0x080038be   0x080038be   0x00000002   PAD
    0x080038c0   0x080038c0   0x000002b0   Code   RO         2171    x$fpl$ddiv          fz_ws.l(ddiv.o)
    0x08003b70   0x08003b70   0x0000002e   Code   RO         2175    x$fpl$dflt          fz_ws.l(dflt_clz.o)
    0x08003b9e   0x08003b9e   0x00000002   PAD
    0x08003ba0   0x08003ba0   0x00000154   Code   RO         2180    x$fpl$dmul          fz_ws.l(dmul.o)
    0x08003cf4   0x08003cf4   0x0000009c   Code   RO         2208    x$fpl$dnaninf       fz_ws.l(dnaninf.o)
    0x08003d90   0x08003d90   0x0000000c   Code   RO         2210    x$fpl$dretinf       fz_ws.l(dretinf.o)
    0x08003d9c   0x08003d9c   0x00000056   Code   RO         2182    x$fpl$f2d           fz_ws.l(f2d.o)
    0x08003df2   0x08003df2   0x00000002   PAD
    0x08003df4   0x08003df4   0x00000184   Code   RO         2185    x$fpl$fdiv          fz_ws.l(fdiv.o)
    0x08003f78   0x08003f78   0x00000030   Code   RO         2189    x$fpl$fflt          fz_ws.l(fflt_clz.o)
    0x08003fa8   0x08003fa8   0x00000026   Code   RO         2188    x$fpl$ffltu         fz_ws.l(fflt_clz.o)
    0x08003fce   0x08003fce   0x00000002   PAD
    0x08003fd0   0x08003fd0   0x00000102   Code   RO         2194    x$fpl$fmul          fz_ws.l(fmul.o)
    0x080040d2   0x080040d2   0x0000008c   Code   RO         2212    x$fpl$fnaninf       fz_ws.l(fnaninf.o)
    0x0800415e   0x0800415e   0x0000000a   Code   RO         2214    x$fpl$fretinf       fz_ws.l(fretinf.o)
    0x08004168   0x08004168   0x00000004   Code   RO         2196    x$fpl$printf1       fz_ws.l(printf1.o)
    0x0800416c   0x0800416c   0x00000000   Code   RO         2216    x$fpl$usenofp       fz_ws.l(usenofp.o)
    0x0800416c   0x0800416c   0x00000200   Data   RO          843    .constdata          modbus.o
    0x0800436c   0x0800436c   0x00000028   Data   RO         2120    .constdata          c_w.l(_printf_hex_int.o)
    0x08004394   0x08004394   0x00000011   Data   RO         2155    .constdata          c_w.l(__printf_flags_ss_wp.o)
    0x080043a5   0x080043a5   0x00000003   PAD
    0x080043a8   0x080043a8   0x00000094   Data   RO         2244    .constdata          c_w.l(bigflt0.o)
    0x0800443c   0x0800443c   0x00000020   Data   RO         2416    Region$$Table       anon$$obj.o
    0x0800445c   0x0800445c   0x0000001c   Data   RO         2272    locale$$data        c_w.l(lc_numeric_c.o)


    Execution Region ER_RW (Exec base: 0x20000000, Load base: 0x08004478, Size: 0x0000005c, Max: 0xffffffff, ABSOLUTE)

    Exec Addr    Load Addr    Size         Type   Attr      Idx    E Section Name        Object

    0x20000000   0x08004478   0x00000014   Data   RW          251    .data               system_stm32f10x.o
    0x20000014   0x0800448c   0x00000004   Data   RW          284    .data               delay.o
    0x20000018   0x08004490   0x00000020   Data   RW          362    .data               usart.o
    0x20000038   0x080044b0   0x00000007   Data   RW          679    .data               timer.o
    0x2000003f   0x080044b7   0x00000001   PAD
    0x20000040   0x080044b8   0x00000008   Data   RW          844    .data               modbus.o
    0x20000048   0x080044c0   0x00000014   Data   RW         1134    .data               stm32f10x_rcc.o


    Execution Region ER_ZI (Exec base: 0x2000005c, Load base: 0x080044d4, Size: 0x00000964, Max: 0xffffffff, ABSOLUTE)

    Exec Addr    Load Addr    Size         Type   Attr      Idx    E Section Name        Object

    0x2000005c        -       0x0000002f   Zero   RW          361    .bss                usart.o
    0x2000008b   0x080044d4   0x00000001   PAD
    0x2000008c        -       0x00000154   Zero   RW          842    .bss                modbus.o
    0x200001e0        -       0x00000180   Zero   RW          913    .bss                translation.o
    0x20000360        -       0x00000060   Zero   RW         2280    .bss                c_w.l(libspace.o)
    0x200003c0        -       0x00000200   Zero   RW          946    HEAP                startup_stm32f10x_hd.o
    0x200005c0        -       0x00000400   Zero   RW          945    STACK               startup_stm32f10x_hd.o


==============================================================================

Image component sizes


      Code (inc. data)   RO Data    RW Data    ZI Data      Debug   Object Name

       144         22          0          4          0       1176   delay.o
       816         42          0          0          0       2724   encode.o
        76          8          0          0          0        487   led.o
       296         56          0          0          0     255051   main.o
       152         12          0          0          0       1518   misc.o
      1172        248        512          8        340       8756   modbus.o
       480         28          0          0          0       3196   motor.o
        64         26        304          0       1536        796   startup_stm32f10x_hd.o
       430          6          0          0          0       3834   stm32f10x_gpio.o
        26          0          0          0          0       3630   stm32f10x_it.o
       276         32          0         20          0       4390   stm32f10x_rcc.o
      1954        200          0          0          0      20677   stm32f10x_tim.o
       490          6          0          0          0       7289   stm32f10x_usart.o
         0          0          0          0          0         32   sys.o
       328         28          0         20          0       2045   system_stm32f10x.o
       228         26          0          7          0       1524   timer.o
       824         20          0          0        384       3077   translation.o
      1244        138          0         32         47       7607   usart.o

    ----------------------------------------------------------------------
      9026        898        848         92       2308     327809   Object Totals
         0          0         32          0          0          0   (incl. Generated)
        26          0          0          1          1          0   (incl. Padding)

    ----------------------------------------------------------------------

      Code (inc. data)   RO Data    RW Data    ZI Data      Debug   Library Member Name

         8          0          0          0          0         68   __main.o
       392          4         17          0          0         92   __printf_flags_ss_wp.o
        14          0          0          0          0         68   __printf_wp.o
         0          0          0          0          0          0   __rtentry.o
        12          0          0          0          0          0   __rtentry2.o
         6          0          0          0          0          0   __rtentry4.o
        52          8          0          0          0          0   __scatter.o
        26          0          0          0          0          0   __scatter_copy.o
        28          0          0          0          0          0   __scatter_zi.o
        48          6          0          0          0         96   _printf_char_common.o
        36          4          0          0          0         80   _printf_char_file.o
         6          0          0          0          0          0   _printf_d.o
       120         16          0          0          0         92   _printf_dec.o
         6          0          0          0          0          0   _printf_f.o
      1054          0          0          0          0        216   _printf_fp_dec.o
       128         16          0          0          0         84   _printf_fp_infnan.o
        88          4         40          0          0         88   _printf_hex_int.o
       178          0          0          0          0         88   _printf_intcommon.o
        78          0          0          0          0        108   _printf_pad.o
         0          0          0          0          0          0   _printf_percent.o
         4          0          0          0          0          0   _printf_percent_end.o
         6          0          0          0          0          0   _printf_x.o
       228          4        148          0          0         96   bigflt0.o
      1936        128          0          0          0        672   btod.o
        18          0          0          0          0         80   exit.o
         8          0          0          0          0         68   ferror.o
         6          0          0          0          0        152   heapauxi.o
        44         10         28          0          0         76   lc_numeric_c.o
         2          0          0          0          0          0   libinit.o
        18          0          0          0          0          0   libinit2.o
         2          0          0          0          0          0   libshutdown.o
         2          0          0          0          0          0   libshutdown2.o
         8          4          0          0         96         68   libspace.o
       138          0          0          0          0         80   lludiv10.o
        24          4          0          0          0         84   noretval__2printf.o
         8          4          0          0          0         68   rt_locale_intlibspace.o
       100          0          0          0          0         80   rt_memcpy_w.o
         2          0          0          0          0          0   rtexit.o
        10          0          0          0          0          0   rtexit2.o
       128          0          0          0          0         68   strcmpv7m.o
        74          0          0          0          0         80   sys_stackheap_outer.o
         2          0          0          0          0         68   use_no_semi.o
         2          0          0          0          0         68   use_no_semi_2.o
        98          4          0          0          0         92   d2f.o
       688        140          0          0          0        208   ddiv.o
        46          0          0          0          0         68   dflt_clz.o
       340         12          0          0          0        104   dmul.o
       156          4          0          0          0         92   dnaninf.o
        12          0          0          0          0         68   dretinf.o
        86          4          0          0          0         84   f2d.o
       388         76          0          0          0         96   fdiv.o
        86          0          0          0          0        136   fflt_clz.o
       258          4          0          0          0         84   fmul.o
       140          4          0          0          0         84   fnaninf.o
        10          0          0          0          0         68   fretinf.o
         4          0          0          0          0         68   printf1.o
         0          0          0          0          0          0   usenofp.o
        40          0          0          0          0         68   fpclassify.o

    ----------------------------------------------------------------------
      7418        460        236          0         96       4208   Library Totals
        16          0          3          0          0          0   (incl. Padding)

    ----------------------------------------------------------------------

      Code (inc. data)   RO Data    RW Data    ZI Data      Debug   Library Name

      5050        212        233          0         96       2888   c_w.l
      2312        248          0          0          0       1252   fz_ws.l
        40          0          0          0          0         68   m_ws.l

    ----------------------------------------------------------------------
      7418        460        236          0         96       4208   Library Totals

    ----------------------------------------------------------------------

==============================================================================


      Code (inc. data)   RO Data    RW Data    ZI Data      Debug   

     16444       1358       1084         92       2404     324681   Grand Totals
     16444       1358       1084         92       2404     324681   ELF Image Totals
     16444       1358       1084         92          0          0   ROM Totals

==============================================================================

    Total RO  Size (Code + RO Data)                17528 (  17.12kB)
    Total RW  Size (RW Data + ZI Data)              2496 (   2.44kB)
    Total ROM Size (Code + RO Data + RW Data)      17620 (  17.21kB)

==============================================================================

