<html>
<body>
<pre>
<h1>µVision Build Log</h1>
<h2>Tool Versions:</h2>
IDE-Version: ¦ÌVision V5.24.2.0
Copyright (C) 2017 ARM Ltd and ARM Germany GmbH. All rights reserved.
License Information: 2 ¶Ù×ÏºÀ, HP Inc., LIC=21E4T-RYMMU-SBYEJ-UBVFR-PG193-ZL7MP
 
Tool Versions:
Toolchain:       MDK-ARM Plus  Version: 5.24.1
Toolchain Path:  D:\keil 5\ARM\ARMCC\Bin
C Compiler:      Armcc.exe V5.06 update 5 (build 528)
Assembler:       Armasm.exe V5.06 update 5 (build 528)
Linker/Locator:  ArmLink.exe V5.06 update 5 (build 528)
Library Manager: ArmAr.exe V5.06 update 5 (build 528)
Hex Converter:   FromElf.exe V5.06 update 5 (build 528)
CPU DLL:         SARMCM3.DLL V5.24.1
Dialog DLL:      DARMSTM.DLL V1.68.0.0
Target DLL:      CMSIS_AGDI.dll V1.28.3.0
Dialog DLL:      TARMSTM.DLL V1.66.0.0
 
<h2>Project:</h2>
E:\Users\DZH\Desktop\bishe\mailunxiawei\µ×ÅÌ-32PID\USER\LED.uvprojx
Project File Date:  01/17/2026

<h2>Output:</h2>
*** Using Compiler 'V5.06 update 5 (build 528)', folder: 'D:\keil 5\ARM\ARMCC\Bin'
Rebuild target 'LED'
compiling stm32f10x_it.c...
compiling Encode.c...
compiling system_stm32f10x.c...
compiling led.c...
compiling delay.c...
compiling OLED.c...
compiling motor.c...
compiling key.c...
compiling usart.c...
..\SYSTEM\usart\usart.c(224): warning:  #550-D: variable "temp"  was set but never used
  	u8 temp;
..\SYSTEM\usart\usart.c(320): warning:  #550-D: variable "temp"  was set but never used
  	u8 temp;
..\SYSTEM\usart\usart.c(336): warning:  #550-D: variable "temp"  was set but never used
  	u8 temp;    
..\SYSTEM\usart\usart.c: 3 warnings, 0 errors
compiling main.c...
compiling Timer.c...
assembling startup_stm32f10x_hd.s...
compiling sys.c...
compiling core_cm3.c...
compiling modbus.c...
compiling misc.c...
compiling stm32f10x_gpio.c...
compiling stm32f10x_rcc.c...
compiling stm32f10x_dma.c...
compiling stm32f10x_usart.c...
compiling stm32f10x_tim.c...
linking...
Program Size: Code=11220 RO-data=908 RW-data=116 ZI-data=2020  
FromELF: creating hex file...
"..\OBJ\LED.axf" - 0 Error(s), 3 Warning(s).

<h2>Software Packages used:</h2>

Package Vendor: Keil
                http://www.keil.com/pack/Keil.STM32F1xx_DFP.2.2.0.pack
                Keil.STM32F1xx_DFP.2.2.0
                STMicroelectronics STM32F1 Series Device Support, Drivers and Examples

<h2>Collection of Component include folders:</h2>
  .\RTE\_LED
  D:\keil 5\ARM\PACK\Keil\STM32F1xx_DFP\2.2.0\Device\Include

<h2>Collection of Component Files used:</h2>
Build Time Elapsed:  00:00:02
</pre>
</body>
</html>
