Component: ARM Compiler 5.06 update 5 (build 528) Tool: armlink [4d35e2]

==============================================================================

Section Cross References

    main.o(i.main) refers to delay.o(i.delay_init) for delay_init
    main.o(i.main) refers to usart.o(i.USART1_Init) for USART1_Init
    main.o(i.main) refers to modbus.o(i.USART2_Init) for USART2_Init
    main.o(i.main) refers to modbus.o(i.RS485IOInit) for RS485IOInit
    main.o(i.main) refers to usart.o(i.USART3_Init) for USART3_Init
    main.o(i.main) refers to timer.o(i.Timer1_Init) for Timer1_Init
    main.o(i.main) refers to motor.o(i.Balance_Motor_Init) for Balance_Motor_Init
    main.o(i.main) refers to motor.o(i.PWM_Init) for PWM_Init
    main.o(i.main) refers to encode.o(i.Encoder_Init_TIM2) for Encoder_Init_TIM2
    main.o(i.main) refers to encode.o(i.Encoder_Init_TIM3) for Encoder_Init_TIM3
    main.o(i.main) refers to encode.o(i.Encoder_Init_TIM4) for Encoder_Init_TIM4
    main.o(i.main) refers to encode.o(i.Encoder_Init_TIM5) for Encoder_Init_TIM5
    main.o(i.main) refers to main.o(i.test1) for test1
    main.o(i.main) refers to main.o(i.test2) for test2
    main.o(i.test1) refers to motor.o(i.Left_Front_Back) for Left_Front_Back
    main.o(i.test1) refers to stm32f10x_tim.o(i.TIM_SetCompare1) for TIM_SetCompare1
    main.o(i.test1) refers to motor.o(i.Right_Front_Back) for Right_Front_Back
    main.o(i.test1) refers to stm32f10x_tim.o(i.TIM_SetCompare2) for TIM_SetCompare2
    main.o(i.test1) refers to motor.o(i.Left_Behind_Back) for Left_Behind_Back
    main.o(i.test1) refers to stm32f10x_tim.o(i.TIM_SetCompare3) for TIM_SetCompare3
    main.o(i.test1) refers to motor.o(i.Right_Behind_Back) for Right_Behind_Back
    main.o(i.test1) refers to stm32f10x_tim.o(i.TIM_SetCompare4) for TIM_SetCompare4
    main.o(i.test2) refers to modbus.o(i.RS485_RW_Opr) for RS485_RW_Opr
    main.o(i.test2) refers to modbus.o(i.UartDriver) for UartDriver
    system_stm32f10x.o(i.SetSysClock) refers to system_stm32f10x.o(i.SetSysClockTo72) for SetSysClockTo72
    system_stm32f10x.o(i.SystemCoreClockUpdate) refers to system_stm32f10x.o(.data) for SystemCoreClock
    system_stm32f10x.o(i.SystemInit) refers to system_stm32f10x.o(i.SetSysClock) for SetSysClock
    delay.o(i.delay_init) refers to misc.o(i.SysTick_CLKSourceConfig) for SysTick_CLKSourceConfig
    delay.o(i.delay_init) refers to system_stm32f10x.o(.data) for SystemCoreClock
    delay.o(i.delay_init) refers to delay.o(.data) for fac_us
    delay.o(i.delay_ms) refers to delay.o(.data) for fac_ms
    delay.o(i.delay_us) refers to delay.o(.data) for fac_us
    usart.o(i.UART4_IRQHandler) refers (Special) to use_no_semi_2.o(.text) for __use_no_semihosting
    usart.o(i.UART4_IRQHandler) refers to stm32f10x_usart.o(i.USART_GetITStatus) for USART_GetITStatus
    usart.o(i.UART4_IRQHandler) refers to stm32f10x_usart.o(i.USART_ReceiveData) for USART_ReceiveData
    usart.o(i.UART4_IRQHandler) refers to stm32f10x_usart.o(i.USART_ClearFlag) for USART_ClearFlag
    usart.o(i.UART4_Send_Byte) refers (Special) to use_no_semi_2.o(.text) for __use_no_semihosting
    usart.o(i.UART4_Send_Byte) refers to stm32f10x_usart.o(i.USART_SendData) for USART_SendData
    usart.o(i.UART4_Send_Byte) refers to stm32f10x_usart.o(i.USART_GetFlagStatus) for USART_GetFlagStatus
    usart.o(i.UART4_Send_Str) refers (Special) to use_no_semi_2.o(.text) for __use_no_semihosting
    usart.o(i.UART4_Send_Str) refers to stm32f10x_usart.o(i.USART_SendData) for USART_SendData
    usart.o(i.UART4_Send_Str) refers to stm32f10x_usart.o(i.USART_GetFlagStatus) for USART_GetFlagStatus
    usart.o(i.UART4_Send_nByte) refers (Special) to use_no_semi_2.o(.text) for __use_no_semihosting
    usart.o(i.UART4_Send_nByte) refers to stm32f10x_usart.o(i.USART_SendData) for USART_SendData
    usart.o(i.UART4_Send_nByte) refers to stm32f10x_usart.o(i.USART_GetFlagStatus) for USART_GetFlagStatus
    usart.o(i.UART5_IRQHandler) refers (Special) to use_no_semi_2.o(.text) for __use_no_semihosting
    usart.o(i.UART5_IRQHandler) refers to stm32f10x_usart.o(i.USART_GetITStatus) for USART_GetITStatus
    usart.o(i.UART5_IRQHandler) refers to stm32f10x_usart.o(i.USART_ClearFlag) for USART_ClearFlag
    usart.o(i.UART5_IRQHandler) refers to stm32f10x_usart.o(i.USART_ReceiveData) for USART_ReceiveData
    usart.o(i.UART5_Send_Byte) refers (Special) to use_no_semi_2.o(.text) for __use_no_semihosting
    usart.o(i.UART5_Send_Byte) refers to stm32f10x_usart.o(i.USART_SendData) for USART_SendData
    usart.o(i.UART5_Send_Byte) refers to stm32f10x_usart.o(i.USART_GetFlagStatus) for USART_GetFlagStatus
    usart.o(i.UART5_Send_Str) refers (Special) to use_no_semi_2.o(.text) for __use_no_semihosting
    usart.o(i.UART5_Send_Str) refers to stm32f10x_usart.o(i.USART_SendData) for USART_SendData
    usart.o(i.UART5_Send_Str) refers to stm32f10x_usart.o(i.USART_GetFlagStatus) for USART_GetFlagStatus
[...]
    ../clib/angel/scatter.s                  0x00000000   Number         0  __scatter.o ABSOLUTE
    ../clib/angel/startup.s                  0x00000000   Number         0  __main.o ABSOLUTE
    ../clib/angel/sys.s                      0x00000000   Number         0  use_no_semi_2.o ABSOLUTE
    ../clib/angel/sys.s                      0x00000000   Number         0  sys_stackheap_outer.o ABSOLUTE
    ../clib/angel/sys.s                      0x00000000   Number         0  indicate_semi.o ABSOLUTE
    ../clib/angel/sys.s                      0x00000000   Number         0  libspace.o ABSOLUTE
    ../clib/angel/sys.s                      0x00000000   Number         0  use_no_semi.o ABSOLUTE
    ../clib/angel/sysapp.c                   0x00000000   Number         0  sys_wrch.o ABSOLUTE
    ../clib/angel/sysapp.c                   0x00000000   Number         0  sys_command.o ABSOLUTE
    ../clib/armsys.c                         0x00000000   Number         0  no_argv.o ABSOLUTE
    ../clib/armsys.c                         0x00000000   Number         0  _get_argv_nomalloc.o ABSOLUTE
    ../clib/armsys.c                         0x00000000   Number         0  argv_veneer.o ABSOLUTE
    ../clib/armsys.c                         0x00000000   Number         0  argv_veneer.o ABSOLUTE
    ../clib/heapalloc.c                      0x00000000   Number         0  hrguard.o ABSOLUTE
    ../clib/heapaux.c                        0x00000000   Number         0  heapauxi.o ABSOLUTE
    ../clib/libinit.s                        0x00000000   Number         0  libshutdown2.o ABSOLUTE
    ../clib/libinit.s                        0x00000000   Number         0  libinit2.o ABSOLUTE
    ../clib/libinit.s                        0x00000000   Number         0  libinit.o ABSOLUTE
    ../clib/libinit.s                        0x00000000   Number         0  libshutdown.o ABSOLUTE
    ../clib/memcpset.s                       0x00000000   Number         0  rt_memcpy_w.o ABSOLUTE
    ../clib/printf.c                         0x00000000   Number         0  __printf_nopercent.o ABSOLUTE
    ../clib/printf.c                         0x00000000   Number         0  __printf_ss.o ABSOLUTE
    ../clib/printf.c                         0x00000000   Number         0  noretval__2printf.o ABSOLUTE
    ../clib/printf.c                         0x00000000   Number         0  _printf_dec.o ABSOLUTE
    ../clib/printf.c                         0x00000000   Number         0  _printf_hex_ptr.o ABSOLUTE
    ../clib/printf.c                         0x00000000   Number         0  __printf_flags.o ABSOLUTE
    ../clib/printf.c                         0x00000000   Number         0  __2printf.o ABSOLUTE
    ../clib/printf.c                         0x00000000   Number         0  _printf_hex_int_ll.o ABSOLUTE
    ../clib/printf.c                         0x00000000   Number         0  _printf_char_common.o ABSOLUTE
    ../clib/printf.c                         0x00000000   Number         0  __printf_flags_ss.o ABSOLUTE
    ../clib/printf.c                         0x00000000   Number         0  _printf_hex_int_ll_ptr.o ABSOLUTE
    ../clib/printf.c                         0x00000000   Number         0  __printf_wp.o ABSOLUTE
    ../clib/printf.c                         0x00000000   Number         0  __printf_flags_wp.o ABSOLUTE
    ../clib/printf.c                         0x00000000   Number         0  __printf_ss_wp.o ABSOLUTE
    ../clib/printf.c                         0x00000000   Number         0  _printf_hex_ll_ptr.o ABSOLUTE
    ../clib/printf.c                         0x00000000   Number         0  __printf_flags_ss_wp.o ABSOLUTE
    ../clib/printf.c                         0x00000000   Number         0  _printf_char_file.o ABSOLUTE
    ../clib/printf.c                         0x00000000   Number         0  _printf_hex_int_ptr.o ABSOLUTE
    ../clib/printf.c                         0x00000000   Number         0  _printf_hex_int.o ABSOLUTE
    ../clib/printf.c                         0x00000000   Number         0  _printf_intcommon.o ABSOLUTE
    ../clib/printf.c                         0x00000000   Number         0  __printf.o ABSOLUTE
    ../clib/printf.c                         0x00000000   Number         0  _printf_hex_ll.o ABSOLUTE
    ../clib/printf_percent.s                 0x00000000   Number         0  _printf_x.o ABSOLUTE
    ../clib/printf_percent.s                 0x00000000   Number         0  _printf_percent_end.o ABSOLUTE
    ../clib/printf_percent.s                 0x00000000   Number         0  _printf_d.o ABSOLUTE
    ../clib/printf_percent.s                 0x00000000   Number         0  _printf_percent.o ABSOLUTE
    ../clib/signal.c                         0x00000000   Number         0  defsig_pvfn_inner.o ABSOLUTE
    ../clib/signal.c                         0x00000000   Number         0  defsig_stak_inner.o ABSOLUTE
    ../clib/signal.c                         0x00000000   Number         0  defsig_rtred_inner.o ABSOLUTE
    ../clib/signal.c                         0x00000000   Number         0  defsig_fpe_inner.o ABSOLUTE
    ../clib/signal.c                         0x00000000   Number         0  defsig_general.o ABSOLUTE
    ../clib/signal.c                         0x00000000   Number         0  __raise.o ABSOLUTE
    ../clib/signal.c                         0x00000000   Number         0  defsig_rtmem_inner.o ABSOLUTE
    ../clib/signal.c                         0x00000000   Number         0  defsig_exit.o ABSOLUTE
    ../clib/signal.c                         0x00000000   Number         0  defsig_rtmem_formal.o ABSOLUTE
    ../clib/signal.c                         0x00000000   Number         0  defsig_rtmem_outer.o ABSOLUTE
    ../clib/signal.c                         0x00000000   Number         0  defsig_abrt_inner.o ABSOLUTE
    ../clib/signal.c                         0x00000000   Number         0  defsig_other.o ABSOLUTE
    ../clib/signal.c                         0x00000000   Number         0  defsig_segv_inner.o ABSOLUTE
    ../clib/signal.c                         0x00000000   Number         0  defsig_cppl_inner.o ABSOLUTE
    ../clib/signal.s                         0x00000000   Number         0  defsig.o ABSOLUTE
    ../clib/stdio.c                          0x00000000   Number         0  ferror_locked.o ABSOLUTE
    ../clib/stdio.c                          0x00000000   Number         0  ferror.o ABSOLUTE
    ../clib/stdlib.c                         0x00000000   Number         0  exit.o ABSOLUTE
    ../fplib/d2f.s                           0x00000000   Number         0  d2f.o ABSOLUTE
    ../fplib/ddiv.s                          0x00000000   Number         0  ddiv.o ABSOLUTE
    ../fplib/dflt.s                          0x00000000   Number         0  dflt_clz.o ABSOLUTE
    ../fplib/dmul.s                          0x00000000   Number         0  dmul.o ABSOLUTE
    ../fplib/dnaninf.s                       0x00000000   Number         0  dnaninf.o ABSOLUTE
    ../fplib/dretinf.s                       0x00000000   Number         0  dretinf.o ABSOLUTE
    ../fplib/fflt.s                          0x00000000   Number         0  fflt_clz.o ABSOLUTE
    ../fplib/fpinit.s                        0x00000000   Number         0  fpinit.o ABSOLUTE
    ../fplib/fretinf.s                       0x00000000   Number         0  fretinf.o ABSOLUTE
    ../fplib/usenofp.s                       0x00000000   Number         0  usenofp.o ABSOLUTE
    ..\CORE\core_cm3.c                       0x00000000   Number         0  core_cm3.o ABSOLUTE
    ..\CORE\startup_stm32f10x_hd.s           0x00000000   Number         0  startup_stm32f10x_hd.o ABSOLUTE
    ..\HARDWARE\KEY\key.c                    0x00000000   Number         0  key.o ABSOLUTE
    ..\HARDWARE\LED\led.c                    0x00000000   Number         0  led.o ABSOLUTE
    ..\HARDWARE\OLED\OLED.c                  0x00000000   Number         0  oled.o ABSOLUTE
    ..\HARDWARE\Timer\Timer.c                0x00000000   Number         0  timer.o ABSOLUTE
    ..\HARDWARE\WHELL\Encode.c               0x00000000   Number         0  encode.o ABSOLUTE
    ..\HARDWARE\WHELL\motor.c                0x00000000   Number         0  motor.o ABSOLUTE
    ..\SOFTWARE\modbus\modbus.c              0x00000000   Number         0  modbus.o ABSOLUTE
    ..\STM32F10x_FWLib\src\misc.c            0x00000000   Number         0  misc.o ABSOLUTE
    ..\STM32F10x_FWLib\src\stm32f10x_dma.c   0x00000000   Number         0  stm32f10x_dma.o ABSOLUTE
    ..\STM32F10x_FWLib\src\stm32f10x_gpio.c  0x00000000   Number         0  stm32f10x_gpio.o ABSOLUTE
    ..\STM32F10x_FWLib\src\stm32f10x_rcc.c   0x00000000   Number         0  stm32f10x_rcc.o ABSOLUTE
    ..\STM32F10x_FWLib\src\stm32f10x_tim.c   0x00000000   Number         0  stm32f10x_tim.o ABSOLUTE
    ..\STM32F10x_FWLib\src\stm32f10x_usart.c 0x00000000   Number         0  stm32f10x_usart.o ABSOLUTE
    ..\SYSTEM\delay\delay.c                  0x00000000   Number         0  delay.o ABSOLUTE
    ..\SYSTEM\sys\sys.c                      0x00000000   Number         0  sys.o ABSOLUTE
    ..\SYSTEM\usart\usart.c                  0x00000000   Number         0  usart.o ABSOLUTE
    ..\\CORE\\core_cm3.c                     0x00000000   Number         0  core_cm3.o ABSOLUTE
    ..\\SYSTEM\\sys\\sys.c                   0x00000000   Number         0  sys.o ABSOLUTE
    dc.s                                     0x00000000   Number         0  dc.o ABSOLUTE
    main.c                                   0x00000000   Number         0  main.o ABSOLUTE
    stm32f10x_it.c                           0x00000000   Number         0  stm32f10x_it.o ABSOLUTE
    system_stm32f10x.c                       0x00000000   Number         0  system_stm32f10x.o ABSOLUTE
    RESET                                    0x08000000   Section      304  startup_stm32f10x_hd.o(RESET)
    !!!main                                  0x08000130   Section        8  __main.o(!!!main)
    !!!scatter                               0x08000138   Section       52  __scatter.o(!!!scatter)
    !!handler_copy                           0x0800016c   Section       26  __scatter_copy.o(!!handler_copy)
    !!handler_zi                             0x08000188   Section       28  __scatter_zi.o(!!handler_zi)
    .ARM.Collect$$_printf_percent$$00000000  0x080001a4   Section        0  _printf_percent.o(.ARM.Collect$$_printf_percent$$00000000)
    .ARM.Collect$$_printf_percent$$00000009  0x080001a4   Section        6  _printf_d.o(.ARM.Collect$$_printf_percent$$00000009)
    .ARM.Collect$$_printf_percent$$0000000C  0x080001aa   Section        6  _printf_x.o(.ARM.Collect$$_printf_percent$$0000000C)
    .ARM.Collect$$_printf_percent$$00000017  0x080001b0   Section        4  _printf_percent_end.o(.ARM.Collect$$_printf_percent$$00000017)
    .ARM.Collect$$libinit$$00000000          0x080001b4   Section        2  libinit.o(.ARM.Collect$$libinit$$00000000)
    .ARM.Collect$$libinit$$00000002          0x080001b6   Section        0  libinit2.o(.ARM.Collect$$libinit$$00000002)
    .ARM.Collect$$libinit$$00000004          0x080001b6   Section        0  libinit2.o(.ARM.Collect$$libinit$$00000004)
    .ARM.Collect$$libinit$$0000000A          0x080001b6   Section        0  libinit2.o(.ARM.Collect$$libinit$$0000000A)
    .ARM.Collect$$libinit$$0000000C          0x080001b6   Section        0  libinit2.o(.ARM.Collect$$libinit$$0000000C)
    .ARM.Collect$$libinit$$0000000E          0x080001b6   Section        0  libinit2.o(.ARM.Collect$$libinit$$0000000E)
    .ARM.Collect$$libinit$$00000011          0x080001b6   Section        0  libinit2.o(.ARM.Collect$$libinit$$00000011)
    .ARM.Collect$$libinit$$00000013          0x080001b6   Section        0  libinit2.o(.ARM.Collect$$libinit$$00000013)
    .ARM.Collect$$libinit$$00000015          0x080001b6   Section        0  libinit2.o(.ARM.Collect$$libinit$$00000015)
    .ARM.Collect$$libinit$$00000017          0x080001b6   Section        0  libinit2.o(.ARM.Collect$$libinit$$00000017)
    .ARM.Collect$$libinit$$00000019          0x080001b6   Section        0  libinit2.o(.ARM.Collect$$libinit$$00000019)
    .ARM.Collect$$libinit$$0000001B          0x080001b6   Section        0  libinit2.o(.ARM.Collect$$libinit$$0000001B)
    .ARM.Collect$$libinit$$0000001D          0x080001b6   Section        0  libinit2.o(.ARM.Collect$$libinit$$0000001D)
    .ARM.Collect$$libinit$$0000001F          0x080001b6   Section        0  libinit2.o(.ARM.Collect$$libinit$$0000001F)
    .ARM.Collect$$libinit$$00000021          0x080001b6   Section        0  libinit2.o(.ARM.Collect$$libinit$$00000021)
    .ARM.Collect$$libinit$$00000023          0x080001b6   Section        0  libinit2.o(.ARM.Collect$$libinit$$00000023)
    .ARM.Collect$$libinit$$00000025          0x080001b6   Section        0  libinit2.o(.ARM.Collect$$libinit$$00000025)
    .ARM.Collect$$libinit$$0000002C          0x080001b6   Section        0  libinit2.o(.ARM.Collect$$libinit$$0000002C)
    .ARM.Collect$$libinit$$0000002E          0x080001b6   Section        0  libinit2.o(.ARM.Collect$$libinit$$0000002E)
    .ARM.Collect$$libinit$$00000030          0x080001b6   Section        0  libinit2.o(.ARM.Collect$$libinit$$00000030)
    .ARM.Collect$$libinit$$00000032          0x080001b6   Section        0  libinit2.o(.ARM.Collect$$libinit$$00000032)
    .ARM.Collect$$libinit$$00000033          0x080001b6   Section        2  libinit2.o(.ARM.Collect$$libinit$$00000033)
    .ARM.Collect$$libshutdown$$00000000      0x080001b8   Section        2  libshutdown.o(.ARM.Collect$$libshutdown$$00000000)
    .ARM.Collect$$libshutdown$$00000002      0x080001ba   Section        0  libshutdown2.o(.ARM.Collect$$libshutdown$$00000002)
    .ARM.Collect$$libshutdown$$00000004      0x080001ba   Section        0  libshutdown2.o(.ARM.Collect$$libshutdown$$00000004)
    .ARM.Collect$$libshutdown$$00000007      0x080001ba   Section        0  libshutdown2.o(.ARM.Collect$$libshutdown$$00000007)
    .ARM.Collect$$libshutdown$$0000000A      0x080001ba   Section        0  libshutdown2.o(.ARM.Collect$$libshutdown$$0000000A)
    .ARM.Collect$$libshutdown$$0000000C      0x080001ba   Section        0  libshutdown2.o(.ARM.Collect$$libshutdown$$0000000C)
    .ARM.Collect$$libshutdown$$0000000F      0x080001ba   Section        0  libshutdown2.o(.ARM.Collect$$libshutdown$$0000000F)
    .ARM.Collect$$libshutdown$$00000010      0x080001ba   Section        2  libshutdown2.o(.ARM.Collect$$libshutdown$$00000010)
    .ARM.Collect$$rtentry$$00000000          0x080001bc   Section        0  __rtentry.o(.ARM.Collect$$rtentry$$00000000)
    .ARM.Collect$$rtentry$$00000002          0x080001bc   Section        0  __rtentry2.o(.ARM.Collect$$rtentry$$00000002)
    .ARM.Collect$$rtentry$$00000004          0x080001bc   Section        6  __rtentry4.o(.ARM.Collect$$rtentry$$00000004)
    .ARM.Collect$$rtentry$$00000009          0x080001c2   Section        0  __rtentry2.o(.ARM.Collect$$rtentry$$00000009)
    .ARM.Collect$$rtentry$$0000000A          0x080001c2   Section        4  __rtentry2.o(.ARM.Collect$$rtentry$$0000000A)
    .ARM.Collect$$rtentry$$0000000C          0x080001c6   Section        0  __rtentry2.o(.ARM.Collect$$rtentry$$0000000C)
    .ARM.Collect$$rtentry$$0000000D          0x080001c6   Section        8  __rtentry2.o(.ARM.Collect$$rtentry$$0000000D)
    .ARM.Collect$$rtexit$$00000000           0x080001ce   Section        2  rtexit.o(.ARM.Collect$$rtexit$$00000000)
    .ARM.Collect$$rtexit$$00000002           0x080001d0   Section        0  rtexit2.o(.ARM.Collect$$rtexit$$00000002)
    .ARM.Collect$$rtexit$$00000003           0x080001d0   Section        4  rtexit2.o(.ARM.Collect$$rtexit$$00000003)
    .ARM.Collect$$rtexit$$00000004           0x080001d4   Section        6  rtexit2.o(.ARM.Collect$$rtexit$$00000004)
    .text                                    0x080001dc   Section       64  startup_stm32f10x_hd.o(.text)
    .text                                    0x0800021c   Section        2  use_no_semi_2.o(.text)
    .text                                    0x08000220   Section        0  noretval__2printf.o(.text)
    .text                                    0x08000238   Section        0  __printf.o(.text)
    .text                                    0x080002a0   Section        0  _printf_dec.o(.text)
    .text                                    0x08000318   Section        0  _printf_hex_int.o(.text)
    .text                                    0x08000370   Section      100  rt_memcpy_w.o(.text)
    .text                                    0x080003d4   Section        0  heapauxi.o(.text)
    .text                                    0x080003da   Section        2  use_no_semi.o(.text)
    .text                                    0x080003dc   Section        0  _printf_intcommon.o(.text)
    .text                                    0x08000490   Section        0  _printf_char_file.o(.text)
    .text                                    0x080004b4   Section        0  _printf_char_common.o(.text)
    _printf_input_char                       0x080004b5   Thumb Code    10  _printf_char_common.o(.text)
    .text                                    0x080004e4   Section        0  ferror.o(.text)
    .text                                    0x080004ec   Section       74  sys_stackheap_outer.o(.text)
    .text                                    0x08000536   Section        0  exit.o(.text)
    .text                                    0x08000548   Section        8  libspace.o(.text)
    i.Balance_Motor_Init                     0x08000550   Section        0  motor.o(i.Balance_Motor_Init)
    i.BusFault_Handler                       0x0800057c   Section        0  stm32f10x_it.o(i.BusFault_Handler)
    i.DebugMon_Handler                       0x08000580   Section        0  stm32f10x_it.o(i.DebugMon_Handler)
    i.Encoder_Count_Clear                    0x08000582   Section        0  encode.o(i.Encoder_Count_Clear)
    i.Encoder_Init_TIM2                      0x08000588   Section        0  encode.o(i.Encoder_Init_TIM2)
    i.Encoder_Init_TIM3                      0x08000688   Section        0  encode.o(i.Encoder_Init_TIM3)
    i.Encoder_Init_TIM4                      0x08000744   Section        0  encode.o(i.Encoder_Init_TIM4)
    i.Encoder_Init_TIM5                      0x08000800   Section        0  encode.o(i.Encoder_Init_TIM5)
    i.Encoder_Value                          0x080008b8   Section        0  encode.o(i.Encoder_Value)
    i.GPIO_Init                              0x080008ce   Section        0  stm32f10x_gpio.o(i.GPIO_Init)
    i.GPIO_PinRemapConfig                    0x080009e4   Section        0  stm32f10x_gpio.o(i.GPIO_PinRemapConfig)
    i.GPIO_ResetBits                         0x08000a74   Section        0  stm32f10x_gpio.o(i.GPIO_ResetBits)
    i.GPIO_SetBits                           0x08000a78   Section        0  stm32f10x_gpio.o(i.GPIO_SetBits)
    i.GetCRC16                               0x08000a7c   Section        0  modbus.o(i.GetCRC16)
    i.HardFault_Handler                      0x08000ad4   Section        0  stm32f10x_it.o(i.HardFault_Handler)
    i.Left_Behind_Back                       0x08000ad8   Section        0  motor.o(i.Left_Behind_Back)
    i.Left_Front_Back                        0x08000af0   Section        0  motor.o(i.Left_Front_Back)
    i.MemManage_Handler                      0x08000b08   Section        0  stm32f10x_it.o(i.MemManage_Handler)
    i.NMI_Handler                            0x08000b0c   Section        0  stm32f10x_it.o(i.NMI_Handler)
    i.NVIC_Init                              0x08000b10   Section        0  misc.o(i.NVIC_Init)
    i.PWM_Init                               0x08000b80   Section        0  motor.o(i.PWM_Init)
    i.PendSV_Handler                         0x08000cd4   Section        0  stm32f10x_it.o(i.PendSV_Handler)
    i.RCC_APB1PeriphClockCmd                 0x08000cd8   Section        0  stm32f10x_rcc.o(i.RCC_APB1PeriphClockCmd)
    i.RCC_APB2PeriphClockCmd                 0x08000cf8   Section        0  stm32f10x_rcc.o(i.RCC_APB2PeriphClockCmd)
    i.RCC_GetClocksFreq                      0x08000d18   Section        0  stm32f10x_rcc.o(i.RCC_GetClocksFreq)
    i.RS485IOInit                            0x08000dec   Section        0  modbus.o(i.RS485IOInit)
    i.RS485_RW_Opr                           0x08000e20   Section        0  modbus.o(i.RS485_RW_Opr)
    i.Right_Behind_Back                      0x08000e80   Section        0  motor.o(i.Right_Behind_Back)
    i.Right_Front_Back                       0x08000e98   Section        0  motor.o(i.Right_Front_Back)
    i.SVC_Handler                            0x08000eb0   Section        0  stm32f10x_it.o(i.SVC_Handler)
    i.Send_Data                              0x08000eb4   Section        0  modbus.o(i.Send_Data)
    i.SetSysClock                            0x08000f08   Section        0  system_stm32f10x.o(i.SetSysClock)
    SetSysClock                              0x08000f09   Thumb Code     8  system_stm32f10x.o(i.SetSysClock)
    i.SetSysClockTo72                        0x08000f10   Section        0  system_stm32f10x.o(i.SetSysClockTo72)
    SetSysClockTo72                          0x08000f11   Thumb Code   214  system_stm32f10x.o(i.SetSysClockTo72)
    i.SysTick_CLKSourceConfig                0x08000ff0   Section        0  misc.o(i.SysTick_CLKSourceConfig)
    i.SysTick_Handler                        0x08001018   Section        0  stm32f10x_it.o(i.SysTick_Handler)
    i.SystemInit                             0x0800101c   Section        0  system_stm32f10x.o(i.SystemInit)
    i.TI1_Config                             0x0800107c   Section        0  stm32f10x_tim.o(i.TI1_Config)
    TI1_Config                               0x0800107d   Thumb Code   108  stm32f10x_tim.o(i.TI1_Config)
    i.TI2_Config                             0x080010fc   Section        0  stm32f10x_tim.o(i.TI2_Config)
    TI2_Config                               0x080010fd   Thumb Code   130  stm32f10x_tim.o(i.TI2_Config)
    i.TI3_Config                             0x08001194   Section        0  stm32f10x_tim.o(i.TI3_Config)
    TI3_Config                               0x08001195   Thumb Code   122  stm32f10x_tim.o(i.TI3_Config)
    i.TI4_Config                             0x08001224   Section        0  stm32f10x_tim.o(i.TI4_Config)
    TI4_Config                               0x08001225   Thumb Code   130  stm32f10x_tim.o(i.TI4_Config)
    i.TIM1_UP_IRQHandler                     0x080012bc   Section        0  timer.o(i.TIM1_UP_IRQHandler)
    i.TIM_ARRPreloadConfig                   0x0800131c   Section        0  stm32f10x_tim.o(i.TIM_ARRPreloadConfig)
    i.TIM_ClearFlag                          0x08001334   Section        0  stm32f10x_tim.o(i.TIM_ClearFlag)
    i.TIM_ClearITPendingBit                  0x0800133a   Section        0  stm32f10x_tim.o(i.TIM_ClearITPendingBit)
    i.TIM_Cmd                                0x08001340   Section        0  stm32f10x_tim.o(i.TIM_Cmd)
    i.TIM_CtrlPWMOutputs                     0x08001358   Section        0  stm32f10x_tim.o(i.TIM_CtrlPWMOutputs)
    i.TIM_EncoderInterfaceConfig             0x08001376   Section        0  stm32f10x_tim.o(i.TIM_EncoderInterfaceConfig)
    i.TIM_GetITStatus                        0x080013b8   Section        0  stm32f10x_tim.o(i.TIM_GetITStatus)
    i.TIM_ICInit                             0x080013dc   Section        0  stm32f10x_tim.o(i.TIM_ICInit)
    i.TIM_ICStructInit                       0x08001488   Section        0  stm32f10x_tim.o(i.TIM_ICStructInit)
    i.TIM_ITConfig                           0x0800149a   Section        0  stm32f10x_tim.o(i.TIM_ITConfig)
    i.TIM_OC1Init                            0x080014ac   Section        0  stm32f10x_tim.o(i.TIM_OC1Init)
    i.TIM_OC1PreloadConfig                   0x08001544   Section        0  stm32f10x_tim.o(i.TIM_OC1PreloadConfig)
    i.TIM_OC2Init                            0x08001558   Section        0  stm32f10x_tim.o(i.TIM_OC2Init)
    i.TIM_OC2PreloadConfig                   0x080015fc   Section        0  stm32f10x_tim.o(i.TIM_OC2PreloadConfig)
    i.TIM_OC3Init                            0x08001618   Section        0  stm32f10x_tim.o(i.TIM_OC3Init)
    i.TIM_OC3PreloadConfig                   0x080016b8   Section        0  stm32f10x_tim.o(i.TIM_OC3PreloadConfig)
    i.TIM_OC4Init                            0x080016cc   Section        0  stm32f10x_tim.o(i.TIM_OC4Init)
    i.TIM_OC4PreloadConfig                   0x08001748   Section        0  stm32f10x_tim.o(i.TIM_OC4PreloadConfig)
    i.TIM_SetCompare1                        0x08001762   Section        0  stm32f10x_tim.o(i.TIM_SetCompare1)
    i.TIM_SetCompare2                        0x08001766   Section        0  stm32f10x_tim.o(i.TIM_SetCompare2)
    i.TIM_SetCompare3                        0x0800176a   Section        0  stm32f10x_tim.o(i.TIM_SetCompare3)
    i.TIM_SetCompare4                        0x0800176e   Section        0  stm32f10x_tim.o(i.TIM_SetCompare4)
    i.TIM_SetCounter                         0x08001774   Section        0  stm32f10x_tim.o(i.TIM_SetCounter)
    i.TIM_SetIC1Prescaler                    0x08001778   Section        0  stm32f10x_tim.o(i.TIM_SetIC1Prescaler)
    i.TIM_SetIC2Prescaler                    0x0800178a   Section        0  stm32f10x_tim.o(i.TIM_SetIC2Prescaler)
    i.TIM_SetIC3Prescaler                    0x080017a4   Section        0  stm32f10x_tim.o(i.TIM_SetIC3Prescaler)
    i.TIM_SetIC4Prescaler                    0x080017b6   Section        0  stm32f10x_tim.o(i.TIM_SetIC4Prescaler)
    i.TIM_TimeBaseInit                       0x080017d0   Section        0  stm32f10x_tim.o(i.TIM_TimeBaseInit)
    i.TIM_TimeBaseStructInit                 0x08001874   Section        0  stm32f10x_tim.o(i.TIM_TimeBaseStructInit)
    i.Timer1_Init                            0x08001888   Section        0  timer.o(i.Timer1_Init)
    i.UART4_IRQHandler                       0x080018f4   Section        0  usart.o(i.UART4_IRQHandler)
    i.UART5_IRQHandler                       0x0800191c   Section        0  usart.o(i.UART5_IRQHandler)
    i.USART1_IRQHandler                      0x08001950   Section        0  usart.o(i.USART1_IRQHandler)
    i.USART1_Init                            0x0800196c   Section        0  usart.o(i.USART1_Init)
    i.USART2_IRQHandler                      0x08001a14   Section        0  modbus.o(i.USART2_IRQHandler)
    i.USART2_Init                            0x08001a54   Section        0  modbus.o(i.USART2_Init)
    i.USART3_IRQHandler                      0x08001af8   Section        0  usart.o(i.USART3_IRQHandler)
    i.USART3_Init                            0x08001b58   Section        0  usart.o(i.USART3_Init)
    i.USART_ClearFlag                        0x08001c00   Section        0  stm32f10x_usart.o(i.USART_ClearFlag)
    i.USART_Cmd                              0x08001c12   Section        0  stm32f10x_usart.o(i.USART_Cmd)
    i.USART_GetFlagStatus                    0x08001c2a   Section        0  stm32f10x_usart.o(i.USART_GetFlagStatus)
    i.USART_GetITStatus                      0x08001c44   Section        0  stm32f10x_usart.o(i.USART_GetITStatus)
    i.USART_ITConfig                         0x08001c98   Section        0  stm32f10x_usart.o(i.USART_ITConfig)
    i.USART_Init                             0x08001ce4   Section        0  stm32f10x_usart.o(i.USART_Init)
    i.USART_ReceiveData                      0x08001dbc   Section        0  stm32f10x_usart.o(i.USART_ReceiveData)
    i.USART_SendData                         0x08001dc6   Section        0  stm32f10x_usart.o(i.USART_SendData)
    i.UartDriver                             0x08001dd0   Section        0  modbus.o(i.UartDriver)
    i.UartRead                               0x08001ec0   Section        0  modbus.o(i.UartRead)
    i.UartRxMonitor                          0x08001ef8   Section        0  modbus.o(i.UartRxMonitor)
    i.UsageFault_Handler                     0x08001f5c   Section        0  stm32f10x_it.o(i.UsageFault_Handler)
    i._sys_exit                              0x08001f60   Section        0  usart.o(i._sys_exit)
    i.delay_init                             0x08001f64   Section        0  delay.o(i.delay_init)
    i.delay_ms                               0x08001fa8   Section        0  delay.o(i.delay_ms)
    i.encoder_car                            0x08001ff4   Section        0  encode.o(i.encoder_car)
    i.fputc                                  0x080020e8   Section        0  usart.o(i.fputc)
    i.main                                   0x0800210c   Section        0  main.o(i.main)
    i.parseWT61HexData                       0x08002160   Section        0  usart.o(i.parseWT61HexData)
    i.test1                                  0x080023ec   Section        0  main.o(i.test1)
    i.test2                                  0x0800242c   Section        0  main.o(i.test2)
    x$fpl$d2f                                0x0800244c   Section       98  d2f.o(x$fpl$d2f)
    x$fpl$ddiv                               0x080024b0   Section      688  ddiv.o(x$fpl$ddiv)
    ddiv_entry                               0x080024b7   Thumb Code     0  ddiv.o(x$fpl$ddiv)
    x$fpl$dflt                               0x08002760   Section       46  dflt_clz.o(x$fpl$dflt)
    x$fpl$dmul                               0x08002790   Section      340  dmul.o(x$fpl$dmul)
    x$fpl$dnaninf                            0x080028e4   Section      156  dnaninf.o(x$fpl$dnaninf)
    x$fpl$dretinf                            0x08002980   Section       12  dretinf.o(x$fpl$dretinf)
    x$fpl$fflt                               0x0800298c   Section       48  fflt_clz.o(x$fpl$fflt)
    x$fpl$fretinf                            0x080029bc   Section       10  fretinf.o(x$fpl$fretinf)
    x$fpl$usenofp                            0x080029c6   Section        0  usenofp.o(x$fpl$usenofp)
    .constdata                               0x080029c8   Section      512  modbus.o(.constdata)
    .constdata                               0x08002bc8   Section       40  _printf_hex_int.o(.constdata)
    uc_hextab                                0x08002bc8   Data          20  _printf_hex_int.o(.constdata)
    lc_hextab                                0x08002bdc   Data          20  _printf_hex_int.o(.constdata)
    .data                                    0x20000000   Section       20  system_stm32f10x.o(.data)
    .data                                    0x20000014   Section        4  delay.o(.data)
    fac_us                                   0x20000014   Data           1  delay.o(.data)
    fac_ms                                   0x20000016   Data           2  delay.o(.data)
    .data                                    0x20000018   Section       32  usart.o(.data)
    .data                                    0x20000038   Section       24  encode.o(.data)
    .data                                    0x20000050   Section        4  timer.o(.data)
    .data                                    0x20000054   Section        5  modbus.o(.data)
    USART_RX_BKP                             0x20000056   Data           1  modbus.o(.data)
    idletmr                                  0x20000057   Data           1  modbus.o(.data)
    len                                      0x20000058   Data           1  modbus.o(.data)
    .data                                    0x20000059   Section       20  stm32f10x_rcc.o(.data)
    APBAHBPrescTable                         0x20000059   Data          16  stm32f10x_rcc.o(.data)
    ADCPrescTable                            0x20000069   Data           4  stm32f10x_rcc.o(.data)
    .bss                                     0x20000070   Section       47  usart.o(.bss)
    .bss                                     0x2000009f   Section      167  modbus.o(.bss)
    buf                                      0x20000106   Data          64  modbus.o(.bss)
    .bss                                     0x20000148   Section       96  libspace.o(.bss)
    HEAP                                     0x200001a8   Section      512  startup_stm32f10x_hd.o(HEAP)
    Heap_Mem                                 0x200001a8   Data         512  startup_stm32f10x_hd.o(HEAP)
    STACK                                    0x200003a8   Section     1024  startup_stm32f10x_hd.o(STACK)
    Stack_Mem                                0x200003a8   Data        1024  startup_stm32f10x_hd.o(STACK)
    __initial_sp                             0x200007a8   Data           0  startup_stm32f10x_hd.o(STACK)

    Global Symbols

    Symbol Name                              Value     Ov Type        Size  Object(Section)

    BuildAttributes$$THM_ISAv4$P$D$K$B$S$PE$A:L22UL41UL21$X:L11$S22US41US21$IEEE1$IW$USESV6$~STKCKD$USESV7$~SHL$OSPACE$ROPI$EBA8$UX$STANDARDLIB$REQ8$PRES8$EABIv2 0x00000000   Number         0  anon$$obj.o ABSOLUTE
    __ARM_use_no_argv                        0x00000000   Number         0  main.o ABSOLUTE
    __ARM_exceptions_init                     - Undefined Weak Reference
    __alloca_initialize                       - Undefined Weak Reference
    __arm_preinit_                            - Undefined Weak Reference
    __cpp_initialize__aeabi_                  - Undefined Weak Reference
    __cxa_finalize                            - Undefined Weak Reference
    __rt_locale                               - Undefined Weak Reference
    __sigvec_lookup                           - Undefined Weak Reference
    _atexit_init                              - Undefined Weak Reference
    _call_atexit_fns                          - Undefined Weak Reference
    _clock_init                               - Undefined Weak Reference
    _fp_trap_init                             - Undefined Weak Reference
    _fp_trap_shutdown                         - Undefined Weak Reference
    _get_lc_collate                           - Undefined Weak Reference
    _get_lc_ctype                             - Undefined Weak Reference
    _get_lc_monetary                          - Undefined Weak Reference
    _get_lc_numeric                           - Undefined Weak Reference
    _get_lc_time                              - Undefined Weak Reference
    _getenv_init                              - Undefined Weak Reference
    _handle_redirection                       - Undefined Weak Reference
    _init_alloc                               - Undefined Weak Reference
    _init_user_alloc                          - Undefined Weak Reference
    _initio                                   - Undefined Weak Reference
    _mutex_acquire                            - Undefined Weak Reference
    _mutex_release                            - Undefined Weak Reference
    _printf_post_padding                      - Undefined Weak Reference
    _printf_pre_padding                       - Undefined Weak Reference
    _printf_truncate_signed                   - Undefined Weak Reference
    _printf_truncate_unsigned                 - Undefined Weak Reference
    _rand_init                                - Undefined Weak Reference
    _signal_finish                            - Undefined Weak Reference
    _signal_init                              - Undefined Weak Reference
    _terminate_alloc                          - Undefined Weak Reference
    _terminate_user_alloc                     - Undefined Weak Reference
    _terminateio                              - Undefined Weak Reference
    __Vectors_Size                           0x00000130   Number         0  startup_stm32f10x_hd.o ABSOLUTE
    __Vectors                                0x08000000   Data           4  startup_stm32f10x_hd.o(RESET)
    __Vectors_End                            0x08000130   Data           0  startup_stm32f10x_hd.o(RESET)
    __main                                   0x08000131   Thumb Code     8  __main.o(!!!main)
    __scatterload                            0x08000139   Thumb Code     0  __scatter.o(!!!scatter)
    __scatterload_rt2                        0x08000139   Thumb Code    44  __scatter.o(!!!scatter)
    __scatterload_rt2_thumb_only             0x08000139   Thumb Code     0  __scatter.o(!!!scatter)
    __scatterload_null                       0x08000147   Thumb Code     0  __scatter.o(!!!scatter)
    __scatterload_copy                       0x0800016d   Thumb Code    26  __scatter_copy.o(!!handler_copy)
    __scatterload_zeroinit                   0x08000189   Thumb Code    28  __scatter_zi.o(!!handler_zi)
    _printf_d                                0x080001a5   Thumb Code     0  _printf_d.o(.ARM.Collect$$_printf_percent$$00000009)
    _printf_percent                          0x080001a5   Thumb Code     0  _printf_percent.o(.ARM.Collect$$_printf_percent$$00000000)
    _printf_x                                0x080001ab   Thumb Code     0  _printf_x.o(.ARM.Collect$$_printf_percent$$0000000C)
    _printf_percent_end                      0x080001b1   Thumb Code     0  _printf_percent_end.o(.ARM.Collect$$_printf_percent$$00000017)
    __rt_lib_init                            0x080001b5   Thumb Code     0  libinit.o(.ARM.Collect$$libinit$$00000000)
    __rt_lib_init_alloca_1                   0x080001b7   Thumb Code     0  libinit2.o(.ARM.Collect$$libinit$$0000002E)
    __rt_lib_init_argv_1                     0x080001b7   Thumb Code     0  libinit2.o(.ARM.Collect$$libinit$$0000002C)
    __rt_lib_init_atexit_1                   0x080001b7   Thumb Code     0  libinit2.o(.ARM.Collect$$libinit$$0000001B)
    __rt_lib_init_clock_1                    0x080001b7   Thumb Code     0  libinit2.o(.ARM.Collect$$libinit$$00000021)
    __rt_lib_init_cpp_1                      0x080001b7   Thumb Code     0  libinit2.o(.ARM.Collect$$libinit$$00000032)
    __rt_lib_init_exceptions_1               0x080001b7   Thumb Code     0  libinit2.o(.ARM.Collect$$libinit$$00000030)
    __rt_lib_init_fp_1                       0x080001b7   Thumb Code     0  libinit2.o(.ARM.Collect$$libinit$$00000002)
    __rt_lib_init_fp_trap_1                  0x080001b7   Thumb Code     0  libinit2.o(.ARM.Collect$$libinit$$0000001F)
    __rt_lib_init_getenv_1                   0x080001b7   Thumb Code     0  libinit2.o(.ARM.Collect$$libinit$$00000023)
    __rt_lib_init_heap_1                     0x080001b7   Thumb Code     0  libinit2.o(.ARM.Collect$$libinit$$0000000A)
    __rt_lib_init_lc_collate_1               0x080001b7   Thumb Code     0  libinit2.o(.ARM.Collect$$libinit$$00000011)
    __rt_lib_init_lc_ctype_1                 0x080001b7   Thumb Code     0  libinit2.o(.ARM.Collect$$libinit$$00000013)
    __rt_lib_init_lc_monetary_1              0x080001b7   Thumb Code     0  libinit2.o(.ARM.Collect$$libinit$$00000015)
    __rt_lib_init_lc_numeric_1               0x080001b7   Thumb Code     0  libinit2.o(.ARM.Collect$$libinit$$00000017)
    __rt_lib_init_lc_time_1                  0x080001b7   Thumb Code     0  libinit2.o(.ARM.Collect$$libinit$$00000019)
    __rt_lib_init_preinit_1                  0x080001b7   Thumb Code     0  libinit2.o(.ARM.Collect$$libinit$$00000004)
    __rt_lib_init_rand_1                     0x080001b7   Thumb Code     0  libinit2.o(.ARM.Collect$$libinit$$0000000E)
    __rt_lib_init_return                     0x080001b7   Thumb Code     0  libinit2.o(.ARM.Collect$$libinit$$00000033)
    __rt_lib_init_signal_1                   0x080001b7   Thumb Code     0  libinit2.o(.ARM.Collect$$libinit$$0000001D)
    __rt_lib_init_stdio_1                    0x080001b7   Thumb Code     0  libinit2.o(.ARM.Collect$$libinit$$00000025)
    __rt_lib_init_user_alloc_1               0x080001b7   Thumb Code     0  libinit2.o(.ARM.Collect$$libinit$$0000000C)
    __rt_lib_shutdown                        0x080001b9   Thumb Code     0  libshutdown.o(.ARM.Collect$$libshutdown$$00000000)
    __rt_lib_shutdown_cpp_1                  0x080001bb   Thumb Code     0  libshutdown2.o(.ARM.Collect$$libshutdown$$00000002)
    __rt_lib_shutdown_fp_trap_1              0x080001bb   Thumb Code     0  libshutdown2.o(.ARM.Collect$$libshutdown$$00000007)
    __rt_lib_shutdown_heap_1                 0x080001bb   Thumb Code     0  libshutdown2.o(.ARM.Collect$$libshutdown$$0000000F)
    __rt_lib_shutdown_return                 0x080001bb   Thumb Code     0  libshutdown2.o(.ARM.Collect$$libshutdown$$00000010)
    __rt_lib_shutdown_signal_1               0x080001bb   Thumb Code     0  libshutdown2.o(.ARM.Collect$$libshutdown$$0000000A)
    __rt_lib_shutdown_stdio_1                0x080001bb   Thumb Code     0  libshutdown2.o(.ARM.Collect$$libshutdown$$00000004)
    __rt_lib_shutdown_user_alloc_1           0x080001bb   Thumb Code     0  libshutdown2.o(.ARM.Collect$$libshutdown$$0000000C)
    __rt_entry                               0x080001bd   Thumb Code     0  __rtentry.o(.ARM.Collect$$rtentry$$00000000)
    __rt_entry_presh_1                       0x080001bd   Thumb Code     0  __rtentry2.o(.ARM.Collect$$rtentry$$00000002)
    __rt_entry_sh                            0x080001bd   Thumb Code     0  __rtentry4.o(.ARM.Collect$$rtentry$$00000004)
    __rt_entry_li                            0x080001c3   Thumb Code     0  __rtentry2.o(.ARM.Collect$$rtentry$$0000000A)
    __rt_entry_postsh_1                      0x080001c3   Thumb Code     0  __rtentry2.o(.ARM.Collect$$rtentry$$00000009)
    __rt_entry_main                          0x080001c7   Thumb Code     0  __rtentry2.o(.ARM.Collect$$rtentry$$0000000D)
    __rt_entry_postli_1                      0x080001c7   Thumb Code     0  __rtentry2.o(.ARM.Collect$$rtentry$$0000000C)
    __rt_exit                                0x080001cf   Thumb Code     0  rtexit.o(.ARM.Collect$$rtexit$$00000000)
    __rt_exit_ls                             0x080001d1   Thumb Code     0  rtexit2.o(.ARM.Collect$$rtexit$$00000003)
    __rt_exit_prels_1                        0x080001d1   Thumb Code     0  rtexit2.o(.ARM.Collect$$rtexit$$00000002)
    __rt_exit_exit                           0x080001d5   Thumb Code     0  rtexit2.o(.ARM.Collect$$rtexit$$00000004)
    Reset_Handler                            0x080001dd   Thumb Code     8  startup_stm32f10x_hd.o(.text)
    ADC1_2_IRQHandler                        0x080001f7   Thumb Code     0  startup_stm32f10x_hd.o(.text)
    ADC3_IRQHandler                          0x080001f7   Thumb Code     0  startup_stm32f10x_hd.o(.text)
    CAN1_RX1_IRQHandler                      0x080001f7   Thumb Code     0  startup_stm32f10x_hd.o(.text)
    CAN1_SCE_IRQHandler                      0x080001f7   Thumb Code     0  startup_stm32f10x_hd.o(.text)
    DMA1_Channel1_IRQHandler                 0x080001f7   Thumb Code     0  startup_stm32f10x_hd.o(.text)
    DMA1_Channel2_IRQHandler                 0x080001f7   Thumb Code     0  startup_stm32f10x_hd.o(.text)
    DMA1_Channel3_IRQHandler                 0x080001f7   Thumb Code     0  startup_stm32f10x_hd.o(.text)
    DMA1_Channel4_IRQHandler                 0x080001f7   Thumb Code     0  startup_stm32f10x_hd.o(.text)
    DMA1_Channel5_IRQHandler                 0x080001f7   Thumb Code     0  startup_stm32f10x_hd.o(.text)
    DMA1_Channel6_IRQHandler                 0x080001f7   Thumb Code     0  startup_stm32f10x_hd.o(.text)
    DMA1_Channel7_IRQHandler                 0x080001f7   Thumb Code     0  startup_stm32f10x_hd.o(.text)
    DMA2_Channel1_IRQHandler                 0x080001f7   Thumb Code     0  startup_stm32f10x_hd.o(.text)
    DMA2_Channel2_IRQHandler                 0x080001f7   Thumb Code     0  startup_stm32f10x_hd.o(.text)
    DMA2_Channel3_IRQHandler                 0x080001f7   Thumb Code     0  startup_stm32f10x_hd.o(.text)
    DMA2_Channel4_5_IRQHandler               0x080001f7   Thumb Code     0  startup_stm32f10x_hd.o(.text)
    EXTI0_IRQHandler                         0x080001f7   Thumb Code     0  startup_stm32f10x_hd.o(.text)
    EXTI15_10_IRQHandler                     0x080001f7   Thumb Code     0  startup_stm32f10x_hd.o(.text)
    EXTI1_IRQHandler                         0x080001f7   Thumb Code     0  startup_stm32f10x_hd.o(.text)
    EXTI2_IRQHandler                         0x080001f7   Thumb Code     0  startup_stm32f10x_hd.o(.text)
    EXTI3_IRQHandler                         0x080001f7   Thumb Code     0  startup_stm32f10x_hd.o(.text)
    EXTI4_IRQHandler                         0x080001f7   Thumb Code     0  startup_stm32f10x_hd.o(.text)
    EXTI9_5_IRQHandler                       0x080001f7   Thumb Code     0  startup_stm32f10x_hd.o(.text)
    FLASH_IRQHandler                         0x080001f7   Thumb Code     0  startup_stm32f10x_hd.o(.text)
    FSMC_IRQHandler                          0x080001f7   Thumb Code     0  startup_stm32f10x_hd.o(.text)
    I2C1_ER_IRQHandler                       0x080001f7   Thumb Code     0  startup_stm32f10x_hd.o(.text)
    I2C1_EV_IRQHandler                       0x080001f7   Thumb Code     0  startup_stm32f10x_hd.o(.text)
    I2C2_ER_IRQHandler                       0x080001f7   Thumb Code     0  startup_stm32f10x_hd.o(.text)
    I2C2_EV_IRQHandler                       0x080001f7   Thumb Code     0  startup_stm32f10x_hd.o(.text)
    PVD_IRQHandler                           0x080001f7   Thumb Code     0  startup_stm32f10x_hd.o(.text)
    RCC_IRQHandler                           0x080001f7   Thumb Code     0  startup_stm32f10x_hd.o(.text)
    RTCAlarm_IRQHandler                      0x080001f7   Thumb Code     0  startup_stm32f10x_hd.o(.text)
    RTC_IRQHandler                           0x080001f7   Thumb Code     0  startup_stm32f10x_hd.o(.text)
    SDIO_IRQHandler                          0x080001f7   Thumb Code     0  startup_stm32f10x_hd.o(.text)
    SPI1_IRQHandler                          0x080001f7   Thumb Code     0  startup_stm32f10x_hd.o(.text)
    SPI2_IRQHandler                          0x080001f7   Thumb Code     0  startup_stm32f10x_hd.o(.text)
    SPI3_IRQHandler                          0x080001f7   Thumb Code     0  startup_stm32f10x_hd.o(.text)
    TAMPER_IRQHandler                        0x080001f7   Thumb Code     0  startup_stm32f10x_hd.o(.text)
    TIM1_BRK_IRQHandler                      0x080001f7   Thumb Code     0  startup_stm32f10x_hd.o(.text)
    TIM1_CC_IRQHandler                       0x080001f7   Thumb Code     0  startup_stm32f10x_hd.o(.text)
    TIM1_TRG_COM_IRQHandler                  0x080001f7   Thumb Code     0  startup_stm32f10x_hd.o(.text)
    TIM2_IRQHandler                          0x080001f7   Thumb Code     0  startup_stm32f10x_hd.o(.text)
    TIM3_IRQHandler                          0x080001f7   Thumb Code     0  startup_stm32f10x_hd.o(.text)
    TIM4_IRQHandler                          0x080001f7   Thumb Code     0  startup_stm32f10x_hd.o(.text)
    TIM5_IRQHandler                          0x080001f7   Thumb Code     0  startup_stm32f10x_hd.o(.text)
    TIM6_IRQHandler                          0x080001f7   Thumb Code     0  startup_stm32f10x_hd.o(.text)
    TIM7_IRQHandler                          0x080001f7   Thumb Code     0  startup_stm32f10x_hd.o(.text)
    TIM8_BRK_IRQHandler                      0x080001f7   Thumb Code     0  startup_stm32f10x_hd.o(.text)
    TIM8_CC_IRQHandler                       0x080001f7   Thumb Code     0  startup_stm32f10x_hd.o(.text)
    TIM8_TRG_COM_IRQHandler                  0x080001f7   Thumb Code     0  startup_stm32f10x_hd.o(.text)
    TIM8_UP_IRQHandler                       0x080001f7   Thumb Code     0  startup_stm32f10x_hd.o(.text)
    USBWakeUp_IRQHandler                     0x080001f7   Thumb Code     0  startup_stm32f10x_hd.o(.text)
    USB_HP_CAN1_TX_IRQHandler                0x080001f7   Thumb Code     0  startup_stm32f10x_hd.o(.text)
    USB_LP_CAN1_RX0_IRQHandler               0x080001f7   Thumb Code     0  startup_stm32f10x_hd.o(.text)
    WWDG_IRQHandler                          0x080001f7   Thumb Code     0  startup_stm32f10x_hd.o(.text)
    __user_initial_stackheap                 0x080001f9   Thumb Code     0  startup_stm32f10x_hd.o(.text)
    __use_no_semihosting                     0x0800021d   Thumb Code     2  use_no_semi_2.o(.text)
    __2printf                                0x08000221   Thumb Code    20  noretval__2printf.o(.text)
    __printf                                 0x08000239   Thumb Code   104  __printf.o(.text)
    _printf_int_dec                          0x080002a1   Thumb Code   104  _printf_dec.o(.text)
    _printf_int_hex                          0x08000319   Thumb Code    84  _printf_hex_int.o(.text)
    _printf_longlong_hex                     0x08000319   Thumb Code     0  _printf_hex_int.o(.text)
    __aeabi_memcpy4                          0x08000371   Thumb Code     0  rt_memcpy_w.o(.text)
    __aeabi_memcpy8                          0x08000371   Thumb Code     0  rt_memcpy_w.o(.text)
    __rt_memcpy_w                            0x08000371   Thumb Code   100  rt_memcpy_w.o(.text)
    _memcpy_lastbytes_aligned                0x080003b9   Thumb Code     0  rt_memcpy_w.o(.text)
    __use_two_region_memory                  0x080003d5   Thumb Code     2  heapauxi.o(.text)
    __rt_heap_escrow$2region                 0x080003d7   Thumb Code     2  heapauxi.o(.text)
    __rt_heap_expand$2region                 0x080003d9   Thumb Code     2  heapauxi.o(.text)
    __I$use$semihosting                      0x080003db   Thumb Code     0  use_no_semi.o(.text)
    __use_no_semihosting_swi                 0x080003db   Thumb Code     2  use_no_semi.o(.text)
    _printf_int_common                       0x080003dd   Thumb Code   178  _printf_intcommon.o(.text)
    _printf_char_file                        0x08000491   Thumb Code    32  _printf_char_file.o(.text)
    _printf_char_common                      0x080004bf   Thumb Code    32  _printf_char_common.o(.text)
    ferror                                   0x080004e5   Thumb Code     8  ferror.o(.text)
    __user_setup_stackheap                   0x080004ed   Thumb Code    74  sys_stackheap_outer.o(.text)
    exit                                     0x08000537   Thumb Code    18  exit.o(.text)
    __user_libspace                          0x08000549   Thumb Code     8  libspace.o(.text)
    __user_perproc_libspace                  0x08000549   Thumb Code     0  libspace.o(.text)
    __user_perthread_libspace                0x08000549   Thumb Code     0  libspace.o(.text)
    Balance_Motor_Init                       0x08000551   Thumb Code    40  motor.o(i.Balance_Motor_Init)
    BusFault_Handler                         0x0800057d   Thumb Code     4  stm32f10x_it.o(i.BusFault_Handler)
    DebugMon_Handler                         0x08000581   Thumb Code     2  stm32f10x_it.o(i.DebugMon_Handler)
    Encoder_Count_Clear                      0x08000583   Thumb Code     6  encode.o(i.Encoder_Count_Clear)
    Encoder_Init_TIM2                        0x08000589   Thumb Code   240  encode.o(i.Encoder_Init_TIM2)
    Encoder_Init_TIM3                        0x08000689   Thumb Code   178  encode.o(i.Encoder_Init_TIM3)
    Encoder_Init_TIM4                        0x08000745   Thumb Code   180  encode.o(i.Encoder_Init_TIM4)
    Encoder_Init_TIM5                        0x08000801   Thumb Code   176  encode.o(i.Encoder_Init_TIM5)
    Encoder_Value                            0x080008b9   Thumb Code    22  encode.o(i.Encoder_Value)
    GPIO_Init                                0x080008cf   Thumb Code   278  stm32f10x_gpio.o(i.GPIO_Init)
    GPIO_PinRemapConfig                      0x080009e5   Thumb Code   138  stm32f10x_gpio.o(i.GPIO_PinRemapConfig)
    GPIO_ResetBits                           0x08000a75   Thumb Code     4  stm32f10x_gpio.o(i.GPIO_ResetBits)
    GPIO_SetBits                             0x08000a79   Thumb Code     4  stm32f10x_gpio.o(i.GPIO_SetBits)
    GetCRC16                                 0x08000a7d   Thumb Code    80  modbus.o(i.GetCRC16)
    HardFault_Handler                        0x08000ad5   Thumb Code     4  stm32f10x_it.o(i.HardFault_Handler)
    Left_Behind_Back                         0x08000ad9   Thumb Code    20  motor.o(i.Left_Behind_Back)
    Left_Front_Back                          0x08000af1   Thumb Code    20  motor.o(i.Left_Front_Back)
    MemManage_Handler                        0x08000b09   Thumb Code     4  stm32f10x_it.o(i.MemManage_Handler)
    NMI_Handler                              0x08000b0d   Thumb Code     2  stm32f10x_it.o(i.NMI_Handler)
    NVIC_Init                                0x08000b11   Thumb Code   100  misc.o(i.NVIC_Init)
    PWM_Init                                 0x08000b81   Thumb Code   332  motor.o(i.PWM_Init)
    PendSV_Handler                           0x08000cd5   Thumb Code     2  stm32f10x_it.o(i.PendSV_Handler)
    RCC_APB1PeriphClockCmd                   0x08000cd9   Thumb Code    26  stm32f10x_rcc.o(i.RCC_APB1PeriphClockCmd)
    RCC_APB2PeriphClockCmd                   0x08000cf9   Thumb Code    26  stm32f10x_rcc.o(i.RCC_APB2PeriphClockCmd)
    RCC_GetClocksFreq                        0x08000d19   Thumb Code   192  stm32f10x_rcc.o(i.RCC_GetClocksFreq)
    RS485IOInit                              0x08000ded   Thumb Code    42  modbus.o(i.RS485IOInit)
    RS485_RW_Opr                             0x08000e21   Thumb Code    90  modbus.o(i.RS485_RW_Opr)
    Right_Behind_Back                        0x08000e81   Thumb Code    20  motor.o(i.Right_Behind_Back)
    Right_Front_Back                         0x08000e99   Thumb Code    20  motor.o(i.Right_Front_Back)
    SVC_Handler                              0x08000eb1   Thumb Code     2  stm32f10x_it.o(i.SVC_Handler)
    Send_Data                                0x08000eb5   Thumb Code    70  modbus.o(i.Send_Data)
    SysTick_CLKSourceConfig                  0x08000ff1   Thumb Code    40  misc.o(i.SysTick_CLKSourceConfig)
    SysTick_Handler                          0x08001019   Thumb Code     2  stm32f10x_it.o(i.SysTick_Handler)
    SystemInit                               0x0800101d   Thumb Code    78  system_stm32f10x.o(i.SystemInit)
    TIM1_UP_IRQHandler                       0x080012bd   Thumb Code    82  timer.o(i.TIM1_UP_IRQHandler)
    TIM_ARRPreloadConfig                     0x0800131d   Thumb Code    24  stm32f10x_tim.o(i.TIM_ARRPreloadConfig)
    TIM_ClearFlag                            0x08001335   Thumb Code     6  stm32f10x_tim.o(i.TIM_ClearFlag)
    TIM_ClearITPendingBit                    0x0800133b   Thumb Code     6  stm32f10x_tim.o(i.TIM_ClearITPendingBit)
    TIM_Cmd                                  0x08001341   Thumb Code    24  stm32f10x_tim.o(i.TIM_Cmd)
    TIM_CtrlPWMOutputs                       0x08001359   Thumb Code    30  stm32f10x_tim.o(i.TIM_CtrlPWMOutputs)
    TIM_EncoderInterfaceConfig               0x08001377   Thumb Code    66  stm32f10x_tim.o(i.TIM_EncoderInterfaceConfig)
    TIM_GetITStatus                          0x080013b9   Thumb Code    34  stm32f10x_tim.o(i.TIM_GetITStatus)
    TIM_ICInit                               0x080013dd   Thumb Code   150  stm32f10x_tim.o(i.TIM_ICInit)
    TIM_ICStructInit                         0x08001489   Thumb Code    18  stm32f10x_tim.o(i.TIM_ICStructInit)
    TIM_ITConfig                             0x0800149b   Thumb Code    18  stm32f10x_tim.o(i.TIM_ITConfig)
    TIM_OC1Init                              0x080014ad   Thumb Code   132  stm32f10x_tim.o(i.TIM_OC1Init)
    TIM_OC1PreloadConfig                     0x08001545   Thumb Code    18  stm32f10x_tim.o(i.TIM_OC1PreloadConfig)
    TIM_OC2Init                              0x08001559   Thumb Code   154  stm32f10x_tim.o(i.TIM_OC2Init)
    TIM_OC2PreloadConfig                     0x080015fd   Thumb Code    26  stm32f10x_tim.o(i.TIM_OC2PreloadConfig)
    TIM_OC3Init                              0x08001619   Thumb Code   150  stm32f10x_tim.o(i.TIM_OC3Init)
    TIM_OC3PreloadConfig                     0x080016b9   Thumb Code    18  stm32f10x_tim.o(i.TIM_OC3PreloadConfig)
    TIM_OC4Init                              0x080016cd   Thumb Code   114  stm32f10x_tim.o(i.TIM_OC4Init)
    TIM_OC4PreloadConfig                     0x08001749   Thumb Code    26  stm32f10x_tim.o(i.TIM_OC4PreloadConfig)
    TIM_SetCompare1                          0x08001763   Thumb Code     4  stm32f10x_tim.o(i.TIM_SetCompare1)
    TIM_SetCompare2                          0x08001767   Thumb Code     4  stm32f10x_tim.o(i.TIM_SetCompare2)
    TIM_SetCompare3                          0x0800176b   Thumb Code     4  stm32f10x_tim.o(i.TIM_SetCompare3)
    TIM_SetCompare4                          0x0800176f   Thumb Code     6  stm32f10x_tim.o(i.TIM_SetCompare4)
    TIM_SetCounter                           0x08001775   Thumb Code     4  stm32f10x_tim.o(i.TIM_SetCounter)
    TIM_SetIC1Prescaler                      0x08001779   Thumb Code    18  stm32f10x_tim.o(i.TIM_SetIC1Prescaler)
    TIM_SetIC2Prescaler                      0x0800178b   Thumb Code    26  stm32f10x_tim.o(i.TIM_SetIC2Prescaler)
    TIM_SetIC3Prescaler                      0x080017a5   Thumb Code    18  stm32f10x_tim.o(i.TIM_SetIC3Prescaler)
    TIM_SetIC4Prescaler                      0x080017b7   Thumb Code    26  stm32f10x_tim.o(i.TIM_SetIC4Prescaler)
    TIM_TimeBaseInit                         0x080017d1   Thumb Code   122  stm32f10x_tim.o(i.TIM_TimeBaseInit)
    TIM_TimeBaseStructInit                   0x08001875   Thumb Code    18  stm32f10x_tim.o(i.TIM_TimeBaseStructInit)
    Timer1_Init                              0x08001889   Thumb Code   104  timer.o(i.Timer1_Init)
    UART4_IRQHandler                         0x080018f5   Thumb Code    36  usart.o(i.UART4_IRQHandler)
    UART5_IRQHandler                         0x0800191d   Thumb Code    46  usart.o(i.UART5_IRQHandler)
    USART1_IRQHandler                        0x08001951   Thumb Code    24  usart.o(i.USART1_IRQHandler)
    USART1_Init                              0x0800196d   Thumb Code   160  usart.o(i.USART1_Init)
    USART2_IRQHandler                        0x08001a15   Thumb Code    56  modbus.o(i.USART2_IRQHandler)
    USART2_Init                              0x08001a55   Thumb Code   154  modbus.o(i.USART2_Init)
    USART3_IRQHandler                        0x08001af9   Thumb Code    84  usart.o(i.USART3_IRQHandler)
    USART3_Init                              0x08001b59   Thumb Code   158  usart.o(i.USART3_Init)
    USART_ClearFlag                          0x08001c01   Thumb Code    18  stm32f10x_usart.o(i.USART_ClearFlag)
    USART_Cmd                                0x08001c13   Thumb Code    24  stm32f10x_usart.o(i.USART_Cmd)
    USART_GetFlagStatus                      0x08001c2b   Thumb Code    26  stm32f10x_usart.o(i.USART_GetFlagStatus)
    USART_GetITStatus                        0x08001c45   Thumb Code    84  stm32f10x_usart.o(i.USART_GetITStatus)
    USART_ITConfig                           0x08001c99   Thumb Code    74  stm32f10x_usart.o(i.USART_ITConfig)
    USART_Init                               0x08001ce5   Thumb Code   210  stm32f10x_usart.o(i.USART_Init)
    USART_ReceiveData                        0x08001dbd   Thumb Code    10  stm32f10x_usart.o(i.USART_ReceiveData)
    USART_SendData                           0x08001dc7   Thumb Code     8  stm32f10x_usart.o(i.USART_SendData)
    UartDriver                               0x08001dd1   Thumb Code   158  modbus.o(i.UartDriver)
    UartRead                                 0x08001ec1   Thumb Code    52  modbus.o(i.UartRead)
    UartRxMonitor                            0x08001ef9   Thumb Code    86  modbus.o(i.UartRxMonitor)
    UsageFault_Handler                       0x08001f5d   Thumb Code     4  stm32f10x_it.o(i.UsageFault_Handler)
    _sys_exit                                0x08001f61   Thumb Code     4  usart.o(i._sys_exit)
    delay_init                               0x08001f65   Thumb Code    50  delay.o(i.delay_init)
    delay_ms                                 0x08001fa9   Thumb Code    72  delay.o(i.delay_ms)
    encoder_car                              0x08001ff5   Thumb Code   200  encode.o(i.encoder_car)
    fputc                                    0x080020e9   Thumb Code    32  usart.o(i.fputc)
    main                                     0x0800210d   Thumb Code    84  main.o(i.main)
    parseWT61HexData                         0x08002161   Thumb Code   562  usart.o(i.parseWT61HexData)
    test1                                    0x080023ed   Thumb Code    60  main.o(i.test1)
    test2                                    0x0800242d   Thumb Code    26  main.o(i.test2)
    __aeabi_d2f                              0x0800244d   Thumb Code     0  d2f.o(x$fpl$d2f)
    _d2f                                     0x0800244d   Thumb Code    98  d2f.o(x$fpl$d2f)
    __aeabi_ddiv                             0x080024b1   Thumb Code     0  ddiv.o(x$fpl$ddiv)
    _ddiv                                    0x080024b1   Thumb Code   552  ddiv.o(x$fpl$ddiv)
    __aeabi_i2d                              0x08002761   Thumb Code     0  dflt_clz.o(x$fpl$dflt)
    _dflt                                    0x08002761   Thumb Code    46  dflt_clz.o(x$fpl$dflt)
    __aeabi_dmul                             0x08002791   Thumb Code     0  dmul.o(x$fpl$dmul)
    _dmul                                    0x08002791   Thumb Code   332  dmul.o(x$fpl$dmul)
    __fpl_dnaninf                            0x080028e5   Thumb Code   156  dnaninf.o(x$fpl$dnaninf)
    __fpl_dretinf                            0x08002981   Thumb Code    12  dretinf.o(x$fpl$dretinf)
    __aeabi_i2f                              0x0800298d   Thumb Code     0  fflt_clz.o(x$fpl$fflt)
    _fflt                                    0x0800298d   Thumb Code    48  fflt_clz.o(x$fpl$fflt)
    __fpl_fretinf                            0x080029bd   Thumb Code    10  fretinf.o(x$fpl$fretinf)
    __I$use$fp                               0x080029c6   Number         0  usenofp.o(x$fpl$usenofp)
    Region$$Table$$Base                      0x08002bf0   Number         0  anon$$obj.o(Region$$Table)
    Region$$Table$$Limit                     0x08002c10   Number         0  anon$$obj.o(Region$$Table)
    SystemCoreClock                          0x20000000   Data           4  system_stm32f10x.o(.data)
    AHBPrescTable                            0x20000004   Data          16  system_stm32f10x.o(.data)
    AxL                                      0x20000018   Data           1  usart.o(.data)
    AxH                                      0x20000019   Data           1  usart.o(.data)
    AyL                                      0x2000001a   Data           1  usart.o(.data)
    AyH                                      0x2000001b   Data           1  usart.o(.data)
    AzL                                      0x2000001c   Data           1  usart.o(.data)
    AzH                                      0x2000001d   Data           1  usart.o(.data)
    WxL                                      0x2000001e   Data           1  usart.o(.data)
    WxH                                      0x2000001f   Data           1  usart.o(.data)
    WyL                                      0x20000020   Data           1  usart.o(.data)
    WyH                                      0x20000021   Data           1  usart.o(.data)
    WzL                                      0x20000022   Data           1  usart.o(.data)
    WzH                                      0x20000023   Data           1  usart.o(.data)
    AnxL                                     0x20000024   Data           1  usart.o(.data)
    AnxH                                     0x20000025   Data           1  usart.o(.data)
    AnyL                                     0x20000026   Data           1  usart.o(.data)
    AnyH                                     0x20000027   Data           1  usart.o(.data)
    AnzL                                     0x20000028   Data           1  usart.o(.data)
    AnzH                                     0x20000029   Data           1  usart.o(.data)
    myff                                     0x2000002a   Data           2  usart.o(.data)
    temp                                     0x2000002c   Data           4  usart.o(.data)
    cnt3                                     0x20000030   Data           1  usart.o(.data)
    __stdout                                 0x20000034   Data           4  usart.o(.data)
    encoder_fl                               0x20000038   Data           2  encode.o(.data)
    encoder_fr                               0x2000003a   Data           2  encode.o(.data)
    encoder_bl                               0x2000003c   Data           2  encode.o(.data)
    encoder_br                               0x2000003e   Data           2  encode.o(.data)
    speed_fl_rpm                             0x20000040   Data           4  encode.o(.data)
    speed_fr_rpm                             0x20000044   Data           4  encode.o(.data)
    speed_bl_rpm                             0x20000048   Data           4  encode.o(.data)
    speed_br_rpm                             0x2000004c   Data           4  encode.o(.data)
    timer_1                                  0x20000050   Data           1  timer.o(.data)
    timer_2                                  0x20000052   Data           2  timer.o(.data)
    ReadDateVal                              0x20000054   Data           2  modbus.o(.data)
    fAcc                                     0x20000070   Data          12  usart.o(.bss)
    fGyro                                    0x2000007c   Data          12  usart.o(.bss)
    fAngle                                   0x20000088   Data          12  usart.o(.bss)
    buf3                                     0x20000094   Data          11  usart.o(.bss)
    modbus                                   0x2000009f   Data         103  modbus.o(.bss)
    __libspace_start                         0x20000148   Data          96  libspace.o(.bss)
    __temporary_stack_top$libspace           0x200001a8   Data           0  libspace.o(.bss)



==============================================================================

Memory Map of the image

  Image Entry point : 0x080001dd

  Load Region LR_1 (Base: 0x08000000, Size: 0x00002c80, Max: 0xffffffff, ABSOLUTE)

    Execution Region ER_RO (Exec base: 0x08000000, Load base: 0x08000000, Size: 0x00002c10, Max: 0xffffffff, ABSOLUTE)

    Exec Addr    Load Addr    Size         Type   Attr      Idx    E Section Name        Object

    0x08000000   0x08000000   0x00000130   Data   RO          903    RESET               startup_stm32f10x_hd.o
    0x08000130   0x08000130   0x00000008   Code   RO         2118  * !!!main             c_w.l(__main.o)
    0x08000138   0x08000138   0x00000034   Code   RO         2313    !!!scatter          c_w.l(__scatter.o)
    0x0800016c   0x0800016c   0x0000001a   Code   RO         2315    !!handler_copy      c_w.l(__scatter_copy.o)
    0x08000186   0x08000186   0x00000002   PAD
    0x08000188   0x08000188   0x0000001c   Code   RO         2317    !!handler_zi        c_w.l(__scatter_zi.o)
    0x080001a4   0x080001a4   0x00000000   Code   RO         2113    .ARM.Collect$$_printf_percent$$00000000  c_w.l(_printf_percent.o)
    0x080001a4   0x080001a4   0x00000006   Code   RO         2112    .ARM.Collect$$_printf_percent$$00000009  c_w.l(_printf_d.o)
    0x080001aa   0x080001aa   0x00000006   Code   RO         2111    .ARM.Collect$$_printf_percent$$0000000C  c_w.l(_printf_x.o)
    0x080001b0   0x080001b0   0x00000004   Code   RO         2147    .ARM.Collect$$_printf_percent$$00000017  c_w.l(_printf_percent_end.o)
    0x080001b4   0x080001b4   0x00000002   Code   RO         2187    .ARM.Collect$$libinit$$00000000  c_w.l(libinit.o)
    0x080001b6   0x080001b6   0x00000000   Code   RO         2194    .ARM.Collect$$libinit$$00000002  c_w.l(libinit2.o)
    0x080001b6   0x080001b6   0x00000000   Code   RO         2196    .ARM.Collect$$libinit$$00000004  c_w.l(libinit2.o)
    0x080001b6   0x080001b6   0x00000000   Code   RO         2199    .ARM.Collect$$libinit$$0000000A  c_w.l(libinit2.o)
    0x080001b6   0x080001b6   0x00000000   Code   RO         2201    .ARM.Collect$$libinit$$0000000C  c_w.l(libinit2.o)
    0x080001b6   0x080001b6   0x00000000   Code   RO         2203    .ARM.Collect$$libinit$$0000000E  c_w.l(libinit2.o)
    0x080001b6   0x080001b6   0x00000000   Code   RO         2206    .ARM.Collect$$libinit$$00000011  c_w.l(libinit2.o)
    0x080001b6   0x080001b6   0x00000000   Code   RO         2208    .ARM.Collect$$libinit$$00000013  c_w.l(libinit2.o)
    0x080001b6   0x080001b6   0x00000000   Code   RO         2210    .ARM.Collect$$libinit$$00000015  c_w.l(libinit2.o)
    0x080001b6   0x080001b6   0x00000000   Code   RO         2212    .ARM.Collect$$libinit$$00000017  c_w.l(libinit2.o)
    0x080001b6   0x080001b6   0x00000000   Code   RO         2214    .ARM.Collect$$libinit$$00000019  c_w.l(libinit2.o)
    0x080001b6   0x080001b6   0x00000000   Code   RO         2216    .ARM.Collect$$libinit$$0000001B  c_w.l(libinit2.o)
    0x080001b6   0x080001b6   0x00000000   Code   RO         2218    .ARM.Collect$$libinit$$0000001D  c_w.l(libinit2.o)
    0x080001b6   0x080001b6   0x00000000   Code   RO         2220    .ARM.Collect$$libinit$$0000001F  c_w.l(libinit2.o)
    0x080001b6   0x080001b6   0x00000000   Code   RO         2222    .ARM.Collect$$libinit$$00000021  c_w.l(libinit2.o)
    0x080001b6   0x080001b6   0x00000000   Code   RO         2224    .ARM.Collect$$libinit$$00000023  c_w.l(libinit2.o)
    0x080001b6   0x080001b6   0x00000000   Code   RO         2226    .ARM.Collect$$libinit$$00000025  c_w.l(libinit2.o)
    0x080001b6   0x080001b6   0x00000000   Code   RO         2230    .ARM.Collect$$libinit$$0000002C  c_w.l(libinit2.o)
    0x080001b6   0x080001b6   0x00000000   Code   RO         2232    .ARM.Collect$$libinit$$0000002E  c_w.l(libinit2.o)
    0x080001b6   0x080001b6   0x00000000   Code   RO         2234    .ARM.Collect$$libinit$$00000030  c_w.l(libinit2.o)
    0x080001b6   0x080001b6   0x00000000   Code   RO         2236    .ARM.Collect$$libinit$$00000032  c_w.l(libinit2.o)
    0x080001b6   0x080001b6   0x00000002   Code   RO         2237    .ARM.Collect$$libinit$$00000033  c_w.l(libinit2.o)
    0x080001b8   0x080001b8   0x00000002   Code   RO         2255    .ARM.Collect$$libshutdown$$00000000  c_w.l(libshutdown.o)
    0x080001ba   0x080001ba   0x00000000   Code   RO         2265    .ARM.Collect$$libshutdown$$00000002  c_w.l(libshutdown2.o)
    0x080001ba   0x080001ba   0x00000000   Code   RO         2267    .ARM.Collect$$libshutdown$$00000004  c_w.l(libshutdown2.o)
    0x080001ba   0x080001ba   0x00000000   Code   RO         2270    .ARM.Collect$$libshutdown$$00000007  c_w.l(libshutdown2.o)
    0x080001ba   0x080001ba   0x00000000   Code   RO         2273    .ARM.Collect$$libshutdown$$0000000A  c_w.l(libshutdown2.o)
    0x080001ba   0x080001ba   0x00000000   Code   RO         2275    .ARM.Collect$$libshutdown$$0000000C  c_w.l(libshutdown2.o)
    0x080001ba   0x080001ba   0x00000000   Code   RO         2278    .ARM.Collect$$libshutdown$$0000000F  c_w.l(libshutdown2.o)
    0x080001ba   0x080001ba   0x00000002   Code   RO         2279    .ARM.Collect$$libshutdown$$00000010  c_w.l(libshutdown2.o)
    0x080001bc   0x080001bc   0x00000000   Code   RO         2142    .ARM.Collect$$rtentry$$00000000  c_w.l(__rtentry.o)
    0x080001bc   0x080001bc   0x00000000   Code   RO         2156    .ARM.Collect$$rtentry$$00000002  c_w.l(__rtentry2.o)
    0x080001bc   0x080001bc   0x00000006   Code   RO         2168    .ARM.Collect$$rtentry$$00000004  c_w.l(__rtentry4.o)
    0x080001c2   0x080001c2   0x00000000   Code   RO         2158    .ARM.Collect$$rtentry$$00000009  c_w.l(__rtentry2.o)
    0x080001c2   0x080001c2   0x00000004   Code   RO         2159    .ARM.Collect$$rtentry$$0000000A  c_w.l(__rtentry2.o)
    0x080001c6   0x080001c6   0x00000000   Code   RO         2161    .ARM.Collect$$rtentry$$0000000C  c_w.l(__rtentry2.o)
    0x080001c6   0x080001c6   0x00000008   Code   RO         2162    .ARM.Collect$$rtentry$$0000000D  c_w.l(__rtentry2.o)
    0x080001ce   0x080001ce   0x00000002   Code   RO         2191    .ARM.Collect$$rtexit$$00000000  c_w.l(rtexit.o)
    0x080001d0   0x080001d0   0x00000000   Code   RO         2239    .ARM.Collect$$rtexit$$00000002  c_w.l(rtexit2.o)
    0x080001d0   0x080001d0   0x00000004   Code   RO         2240    .ARM.Collect$$rtexit$$00000003  c_w.l(rtexit2.o)
    0x080001d4   0x080001d4   0x00000006   Code   RO         2241    .ARM.Collect$$rtexit$$00000004  c_w.l(rtexit2.o)
    0x080001da   0x080001da   0x00000002   PAD
    0x080001dc   0x080001dc   0x00000040   Code   RO          904  * .text               startup_stm32f10x_hd.o
    0x0800021c   0x0800021c   0x00000002   Code   RO         2060    .text               c_w.l(use_no_semi_2.o)
    0x0800021e   0x0800021e   0x00000002   PAD
    0x08000220   0x08000220   0x00000018   Code   RO         2064    .text               c_w.l(noretval__2printf.o)
    0x08000238   0x08000238   0x00000068   Code   RO         2066    .text               c_w.l(__printf.o)
    0x080002a0   0x080002a0   0x00000078   Code   RO         2068    .text               c_w.l(_printf_dec.o)
    0x08000318   0x08000318   0x00000058   Code   RO         2073    .text               c_w.l(_printf_hex_int.o)
    0x08000370   0x08000370   0x00000064   Code   RO         2114    .text               c_w.l(rt_memcpy_w.o)
    0x080003d4   0x080003d4   0x00000006   Code   RO         2116    .text               c_w.l(heapauxi.o)
    0x080003da   0x080003da   0x00000002   Code   RO         2140    .text               c_w.l(use_no_semi.o)
    0x080003dc   0x080003dc   0x000000b2   Code   RO         2143    .text               c_w.l(_printf_intcommon.o)
    0x0800048e   0x0800048e   0x00000002   PAD
    0x08000490   0x08000490   0x00000024   Code   RO         2145    .text               c_w.l(_printf_char_file.o)
    0x080004b4   0x080004b4   0x00000030   Code   RO         2170    .text               c_w.l(_printf_char_common.o)
    0x080004e4   0x080004e4   0x00000008   Code   RO         2172    .text               c_w.l(ferror.o)
    0x080004ec   0x080004ec   0x0000004a   Code   RO         2176    .text               c_w.l(sys_stackheap_outer.o)
    0x08000536   0x08000536   0x00000012   Code   RO         2180    .text               c_w.l(exit.o)
    0x08000548   0x08000548   0x00000008   Code   RO         2188    .text               c_w.l(libspace.o)
    0x08000550   0x08000550   0x0000002c   Code   RO          573    i.Balance_Motor_Init  motor.o
    0x0800057c   0x0800057c   0x00000004   Code   RO          156    i.BusFault_Handler  stm32f10x_it.o
    0x08000580   0x08000580   0x00000002   Code   RO          157    i.DebugMon_Handler  stm32f10x_it.o
    0x08000582   0x08000582   0x00000006   Code   RO          513    i.Encoder_Count_Clear  encode.o
    0x08000588   0x08000588   0x00000100   Code   RO          514    i.Encoder_Init_TIM2  encode.o
    0x08000688   0x08000688   0x000000bc   Code   RO          515    i.Encoder_Init_TIM3  encode.o
    0x08000744   0x08000744   0x000000bc   Code   RO          516    i.Encoder_Init_TIM4  encode.o
    0x08000800   0x08000800   0x000000b8   Code   RO          517    i.Encoder_Init_TIM5  encode.o
    0x080008b8   0x080008b8   0x00000016   Code   RO          518    i.Encoder_Value     encode.o
    0x080008ce   0x080008ce   0x00000116   Code   RO          950    i.GPIO_Init         stm32f10x_gpio.o
    0x080009e4   0x080009e4   0x00000090   Code   RO          952    i.GPIO_PinRemapConfig  stm32f10x_gpio.o
    0x08000a74   0x08000a74   0x00000004   Code   RO          957    i.GPIO_ResetBits    stm32f10x_gpio.o
    0x08000a78   0x08000a78   0x00000004   Code   RO          958    i.GPIO_SetBits      stm32f10x_gpio.o
    0x08000a7c   0x08000a7c   0x00000058   Code   RO          823    i.GetCRC16          modbus.o
    0x08000ad4   0x08000ad4   0x00000004   Code   RO          158    i.HardFault_Handler  stm32f10x_it.o
    0x08000ad8   0x08000ad8   0x00000018   Code   RO          574    i.Left_Behind_Back  motor.o
    0x08000af0   0x08000af0   0x00000018   Code   RO          577    i.Left_Front_Back   motor.o
    0x08000b08   0x08000b08   0x00000004   Code   RO          159    i.MemManage_Handler  stm32f10x_it.o
    0x08000b0c   0x08000b0c   0x00000002   Code   RO          160    i.NMI_Handler       stm32f10x_it.o
    0x08000b0e   0x08000b0e   0x00000002   PAD
    0x08000b10   0x08000b10   0x00000070   Code   RO          908    i.NVIC_Init         misc.o
    0x08000b80   0x08000b80   0x00000154   Code   RO          582    i.PWM_Init          motor.o
    0x08000cd4   0x08000cd4   0x00000002   Code   RO          161    i.PendSV_Handler    stm32f10x_it.o
    0x08000cd6   0x08000cd6   0x00000002   PAD
    0x08000cd8   0x08000cd8   0x00000020   Code   RO         1060    i.RCC_APB1PeriphClockCmd  stm32f10x_rcc.o
    0x08000cf8   0x08000cf8   0x00000020   Code   RO         1062    i.RCC_APB2PeriphClockCmd  stm32f10x_rcc.o
    0x08000d18   0x08000d18   0x000000d4   Code   RO         1070    i.RCC_GetClocksFreq  stm32f10x_rcc.o
    0x08000dec   0x08000dec   0x00000034   Code   RO          824    i.RS485IOInit       modbus.o
    0x08000e20   0x08000e20   0x00000060   Code   RO          825    i.RS485_RW_Opr      modbus.o
    0x08000e80   0x08000e80   0x00000018   Code   RO          583    i.Right_Behind_Back  motor.o
    0x08000e98   0x08000e98   0x00000018   Code   RO          586    i.Right_Front_Back  motor.o
    0x08000eb0   0x08000eb0   0x00000002   Code   RO          162    i.SVC_Handler       stm32f10x_it.o
    0x08000eb2   0x08000eb2   0x00000002   PAD
    0x08000eb4   0x08000eb4   0x00000054   Code   RO          826    i.Send_Data         modbus.o
    0x08000f08   0x08000f08   0x00000008   Code   RO          245    i.SetSysClock       system_stm32f10x.o
    0x08000f10   0x08000f10   0x000000e0   Code   RO          246    i.SetSysClockTo72   system_stm32f10x.o
    0x08000ff0   0x08000ff0   0x00000028   Code   RO          912    i.SysTick_CLKSourceConfig  misc.o
    0x08001018   0x08001018   0x00000002   Code   RO          163    i.SysTick_Handler   stm32f10x_it.o
    0x0800101a   0x0800101a   0x00000002   PAD
    0x0800101c   0x0800101c   0x00000060   Code   RO          248    i.SystemInit        system_stm32f10x.o
    0x0800107c   0x0800107c   0x00000080   Code   RO         1510    i.TI1_Config        stm32f10x_tim.o
    0x080010fc   0x080010fc   0x00000098   Code   RO         1511    i.TI2_Config        stm32f10x_tim.o
    0x08001194   0x08001194   0x00000090   Code   RO         1512    i.TI3_Config        stm32f10x_tim.o
    0x08001224   0x08001224   0x00000098   Code   RO         1513    i.TI4_Config        stm32f10x_tim.o
    0x080012bc   0x080012bc   0x00000060   Code   RO          675    i.TIM1_UP_IRQHandler  timer.o
    0x0800131c   0x0800131c   0x00000018   Code   RO         1514    i.TIM_ARRPreloadConfig  stm32f10x_tim.o
    0x08001334   0x08001334   0x00000006   Code   RO         1520    i.TIM_ClearFlag     stm32f10x_tim.o
    0x0800133a   0x0800133a   0x00000006   Code   RO         1521    i.TIM_ClearITPendingBit  stm32f10x_tim.o
    0x08001340   0x08001340   0x00000018   Code   RO         1526    i.TIM_Cmd           stm32f10x_tim.o
    0x08001358   0x08001358   0x0000001e   Code   RO         1528    i.TIM_CtrlPWMOutputs  stm32f10x_tim.o
    0x08001376   0x08001376   0x00000042   Code   RO         1535    i.TIM_EncoderInterfaceConfig  stm32f10x_tim.o
    0x080013b8   0x080013b8   0x00000022   Code   RO         1547    i.TIM_GetITStatus   stm32f10x_tim.o
    0x080013da   0x080013da   0x00000002   PAD
    0x080013dc   0x080013dc   0x000000ac   Code   RO         1549    i.TIM_ICInit        stm32f10x_tim.o
    0x08001488   0x08001488   0x00000012   Code   RO         1550    i.TIM_ICStructInit  stm32f10x_tim.o
    0x0800149a   0x0800149a   0x00000012   Code   RO         1551    i.TIM_ITConfig      stm32f10x_tim.o
    0x080014ac   0x080014ac   0x00000098   Code   RO         1555    i.TIM_OC1Init       stm32f10x_tim.o
    0x08001544   0x08001544   0x00000012   Code   RO         1558    i.TIM_OC1PreloadConfig  stm32f10x_tim.o
    0x08001556   0x08001556   0x00000002   PAD
    0x08001558   0x08001558   0x000000a4   Code   RO         1560    i.TIM_OC2Init       stm32f10x_tim.o
    0x080015fc   0x080015fc   0x0000001a   Code   RO         1563    i.TIM_OC2PreloadConfig  stm32f10x_tim.o
    0x08001616   0x08001616   0x00000002   PAD
    0x08001618   0x08001618   0x000000a0   Code   RO         1565    i.TIM_OC3Init       stm32f10x_tim.o
    0x080016b8   0x080016b8   0x00000012   Code   RO         1568    i.TIM_OC3PreloadConfig  stm32f10x_tim.o
    0x080016ca   0x080016ca   0x00000002   PAD
    0x080016cc   0x080016cc   0x0000007c   Code   RO         1570    i.TIM_OC4Init       stm32f10x_tim.o
    0x08001748   0x08001748   0x0000001a   Code   RO         1572    i.TIM_OC4PreloadConfig  stm32f10x_tim.o
    0x08001762   0x08001762   0x00000004   Code   RO         1587    i.TIM_SetCompare1   stm32f10x_tim.o
    0x08001766   0x08001766   0x00000004   Code   RO         1588    i.TIM_SetCompare2   stm32f10x_tim.o
    0x0800176a   0x0800176a   0x00000004   Code   RO         1589    i.TIM_SetCompare3   stm32f10x_tim.o
    0x0800176e   0x0800176e   0x00000006   Code   RO         1590    i.TIM_SetCompare4   stm32f10x_tim.o
    0x08001774   0x08001774   0x00000004   Code   RO         1591    i.TIM_SetCounter    stm32f10x_tim.o
    0x08001778   0x08001778   0x00000012   Code   RO         1592    i.TIM_SetIC1Prescaler  stm32f10x_tim.o
    0x0800178a   0x0800178a   0x0000001a   Code   RO         1593    i.TIM_SetIC2Prescaler  stm32f10x_tim.o
    0x080017a4   0x080017a4   0x00000012   Code   RO         1594    i.TIM_SetIC3Prescaler  stm32f10x_tim.o
    0x080017b6   0x080017b6   0x0000001a   Code   RO         1595    i.TIM_SetIC4Prescaler  stm32f10x_tim.o
    0x080017d0   0x080017d0   0x000000a4   Code   RO         1597    i.TIM_TimeBaseInit  stm32f10x_tim.o
    0x08001874   0x08001874   0x00000012   Code   RO         1598    i.TIM_TimeBaseStructInit  stm32f10x_tim.o
    0x08001886   0x08001886   0x00000002   PAD
    0x08001888   0x08001888   0x0000006c   Code   RO          676    i.Timer1_Init       timer.o
    0x080018f4   0x080018f4   0x00000028   Code   RO          334    i.UART4_IRQHandler  usart.o
    0x0800191c   0x0800191c   0x00000034   Code   RO          338    i.UART5_IRQHandler  usart.o
    0x08001950   0x08001950   0x0000001c   Code   RO          342    i.USART1_IRQHandler  usart.o
    0x0800196c   0x0800196c   0x000000a8   Code   RO          343    i.USART1_Init       usart.o
    0x08001a14   0x08001a14   0x00000040   Code   RO          827    i.USART2_IRQHandler  modbus.o
    0x08001a54   0x08001a54   0x000000a4   Code   RO          828    i.USART2_Init       modbus.o
    0x08001af8   0x08001af8   0x00000060   Code   RO          347    i.USART3_IRQHandler  usart.o
    0x08001b58   0x08001b58   0x000000a8   Code   RO          348    i.USART3_Init       usart.o
    0x08001c00   0x08001c00   0x00000012   Code   RO         1258    i.USART_ClearFlag   stm32f10x_usart.o
    0x08001c12   0x08001c12   0x00000018   Code   RO         1262    i.USART_Cmd         stm32f10x_usart.o
    0x08001c2a   0x08001c2a   0x0000001a   Code   RO         1265    i.USART_GetFlagStatus  stm32f10x_usart.o
    0x08001c44   0x08001c44   0x00000054   Code   RO         1266    i.USART_GetITStatus  stm32f10x_usart.o
    0x08001c98   0x08001c98   0x0000004a   Code   RO         1268    i.USART_ITConfig    stm32f10x_usart.o
    0x08001ce2   0x08001ce2   0x00000002   PAD
    0x08001ce4   0x08001ce4   0x000000d8   Code   RO         1269    i.USART_Init        stm32f10x_usart.o
    0x08001dbc   0x08001dbc   0x0000000a   Code   RO         1276    i.USART_ReceiveData  stm32f10x_usart.o
    0x08001dc6   0x08001dc6   0x00000008   Code   RO         1279    i.USART_SendData    stm32f10x_usart.o
    0x08001dce   0x08001dce   0x00000002   PAD
    0x08001dd0   0x08001dd0   0x000000f0   Code   RO          829    i.UartDriver        modbus.o
    0x08001ec0   0x08001ec0   0x00000038   Code   RO          830    i.UartRead          modbus.o
    0x08001ef8   0x08001ef8   0x00000064   Code   RO          831    i.UartRxMonitor     modbus.o
    0x08001f5c   0x08001f5c   0x00000004   Code   RO          164    i.UsageFault_Handler  stm32f10x_it.o
    0x08001f60   0x08001f60   0x00000004   Code   RO          355    i._sys_exit         usart.o
    0x08001f64   0x08001f64   0x00000044   Code   RO          279    i.delay_init        delay.o
    0x08001fa8   0x08001fa8   0x0000004c   Code   RO          280    i.delay_ms          delay.o
    0x08001ff4   0x08001ff4   0x000000f4   Code   RO          520    i.encoder_car       encode.o
    0x080020e8   0x080020e8   0x00000024   Code   RO          357    i.fputc             usart.o
    0x0800210c   0x0800210c   0x00000054   Code   RO            1    i.main              main.o
    0x08002160   0x08002160   0x0000028c   Code   RO          358    i.parseWT61HexData  usart.o
    0x080023ec   0x080023ec   0x00000040   Code   RO            2    i.test1             main.o
    0x0800242c   0x0800242c   0x00000020   Code   RO            3    i.test2             main.o
    0x0800244c   0x0800244c   0x00000062   Code   RO         2120    x$fpl$d2f           fz_ws.l(d2f.o)
    0x080024ae   0x080024ae   0x00000002   PAD
    0x080024b0   0x080024b0   0x000002b0   Code   RO         2123    x$fpl$ddiv          fz_ws.l(ddiv.o)
    0x08002760   0x08002760   0x0000002e   Code   RO         2127    x$fpl$dflt          fz_ws.l(dflt_clz.o)
    0x0800278e   0x0800278e   0x00000002   PAD
    0x08002790   0x08002790   0x00000154   Code   RO         2132    x$fpl$dmul          fz_ws.l(dmul.o)
    0x080028e4   0x080028e4   0x0000009c   Code   RO         2148    x$fpl$dnaninf       fz_ws.l(dnaninf.o)
    0x08002980   0x08002980   0x0000000c   Code   RO         2150    x$fpl$dretinf       fz_ws.l(dretinf.o)
    0x0800298c   0x0800298c   0x00000030   Code   RO         2135    x$fpl$fflt          fz_ws.l(fflt_clz.o)
    0x080029bc   0x080029bc   0x0000000a   Code   RO         2152    x$fpl$fretinf       fz_ws.l(fretinf.o)
    0x080029c6   0x080029c6   0x00000000   Code   RO         2154    x$fpl$usenofp       fz_ws.l(usenofp.o)
    0x080029c6   0x080029c6   0x00000002   PAD
    0x080029c8   0x080029c8   0x00000200   Data   RO          833    .constdata          modbus.o
    0x08002bc8   0x08002bc8   0x00000028   Data   RO         2074    .constdata          c_w.l(_printf_hex_int.o)
    0x08002bf0   0x08002bf0   0x00000020   Data   RO         2311    Region$$Table       anon$$obj.o


    Execution Region ER_RW (Exec base: 0x20000000, Load base: 0x08002c10, Size: 0x00000070, Max: 0xffffffff, ABSOLUTE)

    Exec Addr    Load Addr    Size         Type   Attr      Idx    E Section Name        Object

    0x20000000   0x08002c10   0x00000014   Data   RW          249    .data               system_stm32f10x.o
    0x20000014   0x08002c24   0x00000004   Data   RW          282    .data               delay.o
    0x20000018   0x08002c28   0x00000020   Data   RW          360    .data               usart.o
    0x20000038   0x08002c48   0x00000018   Data   RW          521    .data               encode.o
    0x20000050   0x08002c60   0x00000004   Data   RW          677    .data               timer.o
    0x20000054   0x08002c64   0x00000005   Data   RW          834    .data               modbus.o
    0x20000059   0x08002c69   0x00000014   Data   RW         1090    .data               stm32f10x_rcc.o


    Execution Region ER_ZI (Exec base: 0x20000070, Load base: 0x08002c80, Size: 0x00000738, Max: 0xffffffff, ABSOLUTE)

    Exec Addr    Load Addr    Size         Type   Attr      Idx    E Section Name        Object

    0x20000070        -       0x0000002f   Zero   RW          359    .bss                usart.o
    0x2000009f        -       0x000000a7   Zero   RW          832    .bss                modbus.o
    0x20000146   0x08002c80   0x00000002   PAD
    0x20000148        -       0x00000060   Zero   RW         2189    .bss                c_w.l(libspace.o)
    0x200001a8        -       0x00000200   Zero   RW          902    HEAP                startup_stm32f10x_hd.o
    0x200003a8        -       0x00000400   Zero   RW          901    STACK               startup_stm32f10x_hd.o


==============================================================================

Image component sizes


      Code (inc. data)   RO Data    RW Data    ZI Data      Debug   Object Name

       144         22          0          4          0       1164   delay.o
      1088         86          0         24          0       5066   encode.o
       180         10          0          0          0     254011   main.o
       152         12          0          0          0       1510   misc.o
       944        156        512          5        167       6999   modbus.o
       480         28          0          0          0       3180   motor.o
        64         26        304          0       1536        788   startup_stm32f10x_hd.o
       430          6          0          0          0       3818   stm32f10x_gpio.o
        26          0          0          0          0       3606   stm32f10x_it.o
       276         32          0         20          0       4386   stm32f10x_rcc.o
      1954        200          0          0          0      20569   stm32f10x_tim.o
       460          6          0          0          0       6631   stm32f10x_usart.o
         0          0          0          0          0         32   sys.o
       328         28          0         20          0       2037   system_stm32f10x.o
       204         18          0          4          0       1413   timer.o
      1244        138          0         32         47       7563   usart.o

    ----------------------------------------------------------------------
      7996        768        848        112       1752     322773   Object Totals
         0          0         32          0          0          0   (incl. Generated)
        22          0          0          3          2          0   (incl. Padding)

    ----------------------------------------------------------------------

      Code (inc. data)   RO Data    RW Data    ZI Data      Debug   Library Member Name

         8          0          0          0          0         68   __main.o
       104          0          0          0          0         84   __printf.o
         0          0          0          0          0          0   __rtentry.o
        12          0          0          0          0          0   __rtentry2.o
         6          0          0          0          0          0   __rtentry4.o
        52          8          0          0          0          0   __scatter.o
        26          0          0          0          0          0   __scatter_copy.o
        28          0          0          0          0          0   __scatter_zi.o
        48          6          0          0          0         96   _printf_char_common.o
        36          4          0          0          0         80   _printf_char_file.o
         6          0          0          0          0          0   _printf_d.o
       120         16          0          0          0         92   _printf_dec.o
        88          4         40          0          0         88   _printf_hex_int.o
       178          0          0          0          0         88   _printf_intcommon.o
         0          0          0          0          0          0   _printf_percent.o
         4          0          0          0          0          0   _printf_percent_end.o
         6          0          0          0          0          0   _printf_x.o
        18          0          0          0          0         80   exit.o
         8          0          0          0          0         68   ferror.o
         6          0          0          0          0        152   heapauxi.o
         2          0          0          0          0          0   libinit.o
         2          0          0          0          0          0   libinit2.o
         2          0          0          0          0          0   libshutdown.o
         2          0          0          0          0          0   libshutdown2.o
         8          4          0          0         96         68   libspace.o
        24          4          0          0          0         84   noretval__2printf.o
       100          0          0          0          0         80   rt_memcpy_w.o
         2          0          0          0          0          0   rtexit.o
        10          0          0          0          0          0   rtexit2.o
        74          0          0          0          0         80   sys_stackheap_outer.o
         2          0          0          0          0         68   use_no_semi.o
         2          0          0          0          0         68   use_no_semi_2.o
        98          4          0          0          0         92   d2f.o
       688        140          0          0          0        208   ddiv.o
        46          0          0          0          0         68   dflt_clz.o
       340         12          0          0          0        104   dmul.o
       156          4          0          0          0         92   dnaninf.o
        12          0          0          0          0         68   dretinf.o
        48          0          0          0          0         68   fflt_clz.o
        10          0          0          0          0         68   fretinf.o
         0          0          0          0          0          0   usenofp.o

    ----------------------------------------------------------------------
      2396        206         40          0         96       2112   Library Totals
        14          0          0          0          0          0   (incl. Padding)

    ----------------------------------------------------------------------

      Code (inc. data)   RO Data    RW Data    ZI Data      Debug   Library Name

       984         46         40          0         96       1344   c_w.l
      1398        160          0          0          0        768   fz_ws.l

    ----------------------------------------------------------------------
      2396        206         40          0         96       2112   Library Totals

    ----------------------------------------------------------------------

==============================================================================


      Code (inc. data)   RO Data    RW Data    ZI Data      Debug   

     10392        974        888        112       1848     318901   Grand Totals
     10392        974        888        112       1848     318901   ELF Image Totals
     10392        974        888        112          0          0   ROM Totals

==============================================================================

    Total RO  Size (Code + RO Data)                11280 (  11.02kB)
    Total RW  Size (RW Data + ZI Data)              1960 (   1.91kB)
    Total ROM Size (Code + RO Data + RW Data)      11392 (  11.13kB)

==============================================================================

