<html>
<body>
<pre>
<h1>礦ision Build Log</h1>
<h2>Tool Versions:</h2>
IDE-Version: μVision V5.25.3.0
Copyright (C) 2018 ARM Ltd and ARM Germany GmbH. All rights reserved.
License Information: si gq, qgkj, LIC=UJWP0-B58N9-UHY8H-W4KHI-U0XQX-ISNUQ
 
Tool Versions:
Toolchain:       MDK-ARM Plus  Version: 5.29.0.0
Toolchain Path:  G:\keil5\ARM\ARMCC\Bin
C Compiler:      Armcc.exe V5.06 update 6 (build 750)
Assembler:       Armasm.exe V5.06 update 6 (build 750)
Linker/Locator:  ArmLink.exe V5.06 update 6 (build 750)
Library Manager: ArmAr.exe V5.06 update 6 (build 750)
Hex Converter:   FromElf.exe V5.06 update 6 (build 750)
CPU DLL:         SARMCM3.DLL V5.29.0.0
Dialog DLL:      DCM.DLL V1.17.3.0
Target DLL:      UL2CM3.DLL V1.163.0.0
Dialog DLL:      TCM.DLL V1.36.5.0
 
<h2>Project:</h2>
C:\Users\sgq15\OneDrive\桌面\RS485 Modbus通讯协议程序原代码 STM32主从机单片机开发设计资料\RS485Modbus程序\STM32F103XX从机例程\RS485_SLAVE_PROGRAME.uvprojx
Project File Date:  11/30/2023

<h2>Output:</h2>
*** Using Compiler 'V5.06 update 6 (build 750)', folder: 'G:\keil5\ARM\ARMCC\Bin'
Rebuild target 'Project'
compiling crc16.c...
compiling led.c...
compiling system_stm32f10x.c...
compiling timer.c...
compiling rs485.c...
compiling stm32f10x_it.c...
compiling main.c...
assembling startup_stm32f10x_md.s...
compiling core_cm3.c...
compiling delay.c...
compiling usart.c...
compiling misc.c...
compiling stm32f10x_crc.c...
compiling stm32f10x_gpio.c...
compiling sys.c...
compiling stm32f10x_rcc.c...
compiling stm32f10x_tim.c...
compiling demo.c...
compiling stm32f10x_usart.c...
linking...
Program Size: Code=3912 RO-data=780 RW-data=68 ZI-data=1420  
FromELF: creating hex file...
".\OBJ\RS485_SLAVE_PROGRAME.axf" - 0 Error(s), 0 Warning(s).

<h2>Software Packages used:</h2>

Package Vendor: Keil
                http://www.keil.com/pack/Keil.STM32F1xx_DFP.1.0.5.pack
                Keil.STM32F1xx_DFP.1.0.5
                STMicroelectronics STM32F1 Series Device Support, Drivers and Examples

<h2>Collection of Component include folders:</h2>
  .\RTE\_Project
  G:\keil5\Keil\STM32F1xx_DFP\1.0.5\Device\Include

<h2>Collection of Component Files used:</h2>
Build Time Elapsed:  00:00:03
</pre>
</body>
</html>
