Component: ARM Compiler 5.06 update 5 (build 528) Tool: armlink [4d35e2]

==============================================================================

Section Cross References

    main.o(i.Process_Received_Data) refers to _printf_percent.o(.ARM.Collect$$_printf_percent$$00000000) for _printf_percent
    main.o(i.Process_Received_Data) refers to _printf_d.o(.ARM.Collect$$_printf_percent$$00000009) for _printf_d
    main.o(i.Process_Received_Data) refers to _printf_dec.o(.text) for _printf_int_dec
    main.o(i.Process_Received_Data) refers to _printf_pad.o(.text) for _printf_pre_padding
    main.o(i.Process_Received_Data) refers to _printf_x.o(.ARM.Collect$$_printf_percent$$0000000C) for _printf_x
    main.o(i.Process_Received_Data) refers to _printf_hex_int.o(.text) for _printf_longlong_hex
    main.o(i.Process_Received_Data) refers to modbusmaster.o(i.MB_GetBufAddr) for MB_GetBufAddr
    main.o(i.Process_Received_Data) refers to noretval__2printf.o(.text) for __2printf
    main.o(i.Process_Received_Data) refers to main.o(.data) for i
    main.o(i.main) refers to systeminit.o(i.System_Init) for System_Init
    main.o(i.main) refers to modbusmaster.o(i.MB_SetMasterMode) for MB_SetMasterMode
    main.o(i.main) refers to commonusart.o(i.USART1_Init) for USART1_Init
    main.o(i.main) refers to commonusart.o(i.USART3_Init) for USART3_Init
    main.o(i.main) refers to led.o(i.LED_Init) for LED_Init
    main.o(i.main) refers to motor.o(i.TIM3_Int_Init) for TIM3_Int_Init
    main.o(i.main) refers to modbusmaster.o(i.MB_MasterTask) for MB_MasterTask
    main.o(i.main) refers to modbusmaster.o(i.MB_ReadHoldReg) for MB_ReadHoldReg
    main.o(i.main) refers to noretval__2printf.o(.text) for __2printf
    main.o(i.main) refers to main.o(i.Process_Received_Data) for Process_Received_Data
    main.o(i.main) refers to motor.o(.data) for flag_1
    main.o(i.main) refers to main.o(.data) for read_success
    system_stm32f10x.o(i.SetSysClock) refers to system_stm32f10x.o(i.SetSysClockTo72) for SetSysClockTo72
    system_stm32f10x.o(i.SystemCoreClockUpdate) refers to system_stm32f10x.o(.data) for SystemCoreClock
    system_stm32f10x.o(i.SystemInit) refers to system_stm32f10x.o(i.SetSysClock) for SetSysClock
    led.o(i.LED_Init) refers to stm32f10x_rcc.o(i.RCC_APB2PeriphClockCmd) for RCC_APB2PeriphClockCmd
    led.o(i.LED_Init) refers to stm32f10x_gpio.o(i.GPIO_Init) for GPIO_Init
    led.o(i.LED_Init) refers to stm32f10x_gpio.o(i.GPIO_SetBits) for GPIO_SetBits
    motor.o(i.Balance_Motor_Init) refers to stm32f10x_rcc.o(i.RCC_APB2PeriphClockCmd) for RCC_APB2PeriphClockCmd
    motor.o(i.Balance_Motor_Init) refers to stm32f10x_gpio.o(i.GPIO_Init) for GPIO_Init
    motor.o(i.Left_Behind_Back) refers to stm32f10x_gpio.o(i.GPIO_ResetBits) for GPIO_ResetBits
    motor.o(i.Left_Behind_Back) refers to stm32f10x_gpio.o(i.GPIO_SetBits) for GPIO_SetBits
    motor.o(i.Left_Behind_Go) refers to stm32f10x_gpio.o(i.GPIO_SetBits) for GPIO_SetBits
    motor.o(i.Left_Behind_Go) refers to stm32f10x_gpio.o(i.GPIO_ResetBits) for GPIO_ResetBits
    motor.o(i.Left_Behind_Stop) refers to stm32f10x_gpio.o(i.GPIO_ResetBits) for GPIO_ResetBits
    motor.o(i.Left_Front_Back) refers to stm32f10x_gpio.o(i.GPIO_ResetBits) for GPIO_ResetBits
    motor.o(i.Left_Front_Back) refers to stm32f10x_gpio.o(i.GPIO_SetBits) for GPIO_SetBits
    motor.o(i.Left_Front_Go) refers to stm32f10x_gpio.o(i.GPIO_SetBits) for GPIO_SetBits
    motor.o(i.Left_Front_Go) refers to stm32f10x_gpio.o(i.GPIO_ResetBits) for GPIO_ResetBits
    motor.o(i.Left_Front_Stop) refers to stm32f10x_gpio.o(i.GPIO_ResetBits) for GPIO_ResetBits
    motor.o(i.MotorControl) refers to motor.o(i.Left_Front_Stop) for Left_Front_Stop
    motor.o(i.MotorControl) refers to motor.o(i.Right_Front_Stop) for Right_Front_Stop
    motor.o(i.MotorControl) refers to motor.o(i.Left_Behind_Stop) for Left_Behind_Stop
    motor.o(i.MotorControl) refers to motor.o(i.Right_Behind_Stop) for Right_Behind_Stop
    motor.o(i.MotorControl) refers to motor.o(i.Left_Front_Go) for Left_Front_Go
    motor.o(i.MotorControl) refers to motor.o(i.Right_Front_Go) for Right_Front_Go
    motor.o(i.MotorControl) refers to motor.o(i.Left_Behind_Go) for Left_Behind_Go
    motor.o(i.MotorControl) refers to motor.o(i.Right_Behind_Go) for Right_Behind_Go
    motor.o(i.MotorControl) refers to motor.o(i.Left_Front_Back) for Left_Front_Back
    motor.o(i.MotorControl) refers to motor.o(i.Right_Front_Back) for Right_Front_Back
    motor.o(i.MotorControl) refers to motor.o(i.Left_Behind_Back) for Left_Behind_Back
    motor.o(i.MotorControl) refers to motor.o(i.Right_Behind_Back) for Right_Behind_Back
    motor.o(i.MotorControl) refers to stm32f10x_tim.o(i.TIM_SetCompare1) for TIM_SetCompare1
    motor.o(i.MotorControl) refers to stm32f10x_tim.o(i.TIM_SetCompare2) for TIM_SetCompare2
    motor.o(i.MotorControl) refers to stm32f10x_tim.o(i.TIM_SetCompare3) for TIM_SetCompare3
[...]
    .ARM.Collect$$libinit$$00000004          0x080001f6   Section        0  libinit2.o(.ARM.Collect$$libinit$$00000004)
    .ARM.Collect$$libinit$$0000000A          0x080001f6   Section        0  libinit2.o(.ARM.Collect$$libinit$$0000000A)
    .ARM.Collect$$libinit$$0000000C          0x080001f6   Section        0  libinit2.o(.ARM.Collect$$libinit$$0000000C)
    .ARM.Collect$$libinit$$0000000E          0x080001f6   Section        0  libinit2.o(.ARM.Collect$$libinit$$0000000E)
    .ARM.Collect$$libinit$$00000011          0x080001f6   Section        0  libinit2.o(.ARM.Collect$$libinit$$00000011)
    .ARM.Collect$$libinit$$00000013          0x080001f6   Section        0  libinit2.o(.ARM.Collect$$libinit$$00000013)
    .ARM.Collect$$libinit$$00000015          0x080001f6   Section        0  libinit2.o(.ARM.Collect$$libinit$$00000015)
    .ARM.Collect$$libinit$$00000017          0x080001f6   Section        0  libinit2.o(.ARM.Collect$$libinit$$00000017)
    .ARM.Collect$$libinit$$00000019          0x080001f6   Section        0  libinit2.o(.ARM.Collect$$libinit$$00000019)
    .ARM.Collect$$libinit$$0000001B          0x080001f6   Section        0  libinit2.o(.ARM.Collect$$libinit$$0000001B)
    .ARM.Collect$$libinit$$0000001D          0x080001f6   Section        0  libinit2.o(.ARM.Collect$$libinit$$0000001D)
    .ARM.Collect$$libinit$$0000001F          0x080001f6   Section        0  libinit2.o(.ARM.Collect$$libinit$$0000001F)
    .ARM.Collect$$libinit$$00000021          0x080001f6   Section        0  libinit2.o(.ARM.Collect$$libinit$$00000021)
    .ARM.Collect$$libinit$$00000023          0x080001f6   Section        0  libinit2.o(.ARM.Collect$$libinit$$00000023)
    .ARM.Collect$$libinit$$00000025          0x080001f6   Section        0  libinit2.o(.ARM.Collect$$libinit$$00000025)
    .ARM.Collect$$libinit$$0000002C          0x080001f6   Section        0  libinit2.o(.ARM.Collect$$libinit$$0000002C)
    .ARM.Collect$$libinit$$0000002E          0x080001f6   Section        0  libinit2.o(.ARM.Collect$$libinit$$0000002E)
    .ARM.Collect$$libinit$$00000030          0x080001f6   Section        0  libinit2.o(.ARM.Collect$$libinit$$00000030)
    .ARM.Collect$$libinit$$00000032          0x080001f6   Section        0  libinit2.o(.ARM.Collect$$libinit$$00000032)
    .ARM.Collect$$libinit$$00000033          0x080001f6   Section        2  libinit2.o(.ARM.Collect$$libinit$$00000033)
    .ARM.Collect$$libshutdown$$00000000      0x080001f8   Section        2  libshutdown.o(.ARM.Collect$$libshutdown$$00000000)
    .ARM.Collect$$libshutdown$$00000002      0x080001fa   Section        0  libshutdown2.o(.ARM.Collect$$libshutdown$$00000002)
    .ARM.Collect$$libshutdown$$00000004      0x080001fa   Section        0  libshutdown2.o(.ARM.Collect$$libshutdown$$00000004)
    .ARM.Collect$$libshutdown$$00000007      0x080001fa   Section        0  libshutdown2.o(.ARM.Collect$$libshutdown$$00000007)
    .ARM.Collect$$libshutdown$$0000000A      0x080001fa   Section        0  libshutdown2.o(.ARM.Collect$$libshutdown$$0000000A)
    .ARM.Collect$$libshutdown$$0000000C      0x080001fa   Section        0  libshutdown2.o(.ARM.Collect$$libshutdown$$0000000C)
    .ARM.Collect$$libshutdown$$0000000F      0x080001fa   Section        0  libshutdown2.o(.ARM.Collect$$libshutdown$$0000000F)
    .ARM.Collect$$libshutdown$$00000010      0x080001fa   Section        2  libshutdown2.o(.ARM.Collect$$libshutdown$$00000010)
    .ARM.Collect$$rtentry$$00000000          0x080001fc   Section        0  __rtentry.o(.ARM.Collect$$rtentry$$00000000)
    .ARM.Collect$$rtentry$$00000002          0x080001fc   Section        0  __rtentry2.o(.ARM.Collect$$rtentry$$00000002)
    .ARM.Collect$$rtentry$$00000004          0x080001fc   Section        6  __rtentry4.o(.ARM.Collect$$rtentry$$00000004)
    .ARM.Collect$$rtentry$$00000009          0x08000202   Section        0  __rtentry2.o(.ARM.Collect$$rtentry$$00000009)
    .ARM.Collect$$rtentry$$0000000A          0x08000202   Section        4  __rtentry2.o(.ARM.Collect$$rtentry$$0000000A)
    .ARM.Collect$$rtentry$$0000000C          0x08000206   Section        0  __rtentry2.o(.ARM.Collect$$rtentry$$0000000C)
    .ARM.Collect$$rtentry$$0000000D          0x08000206   Section        8  __rtentry2.o(.ARM.Collect$$rtentry$$0000000D)
    .ARM.Collect$$rtexit$$00000000           0x0800020e   Section        2  rtexit.o(.ARM.Collect$$rtexit$$00000000)
    .ARM.Collect$$rtexit$$00000002           0x08000210   Section        0  rtexit2.o(.ARM.Collect$$rtexit$$00000002)
    .ARM.Collect$$rtexit$$00000003           0x08000210   Section        4  rtexit2.o(.ARM.Collect$$rtexit$$00000003)
    .ARM.Collect$$rtexit$$00000004           0x08000214   Section        6  rtexit2.o(.ARM.Collect$$rtexit$$00000004)
    .text                                    0x0800021c   Section       64  startup_stm32f10x_hd.o(.text)
    .text                                    0x0800025c   Section        2  use_no_semi_2.o(.text)
    .text                                    0x08000260   Section        0  noretval__2printf.o(.text)
    .text                                    0x08000278   Section        0  _printf_pad.o(.text)
    .text                                    0x080002c8   Section        0  _printf_dec.o(.text)
    .text                                    0x08000340   Section        0  _printf_hex_int.o(.text)
    .text                                    0x08000398   Section        0  __printf_flags_wp.o(.text)
    .text                                    0x080004d0   Section        0  heapauxi.o(.text)
    .text                                    0x080004d6   Section        2  use_no_semi.o(.text)
    .text                                    0x080004d8   Section        0  _printf_intcommon.o(.text)
    .text                                    0x0800058c   Section        0  _printf_char_file.o(.text)
    .text                                    0x080005b0   Section        0  _printf_char_common.o(.text)
    _printf_input_char                       0x080005b1   Thumb Code    10  _printf_char_common.o(.text)
    .text                                    0x080005e0   Section        0  ferror.o(.text)
    .text                                    0x080005e8   Section       74  sys_stackheap_outer.o(.text)
    .text                                    0x08000632   Section        0  exit.o(.text)
    .text                                    0x08000644   Section        8  libspace.o(.text)
    i.BusFault_Handler                       0x0800064c   Section        0  stm32f10x_it.o(i.BusFault_Handler)
    i.COM_Init                               0x08000650   Section        0  comunication.o(i.COM_Init)
    i.CRC16                                  0x08000678   Section        0  mbcrc.o(i.CRC16)
    i.DebugMon_Handler                       0x080006b0   Section        0  stm32f10x_it.o(i.DebugMon_Handler)
    i.FLASH_PrefetchBufferCmd                0x080006b4   Section        0  stm32f10x_flash.o(i.FLASH_PrefetchBufferCmd)
    i.FLASH_SetLatency                       0x080006d0   Section        0  stm32f10x_flash.o(i.FLASH_SetLatency)
    i.GPIO_Init                              0x080006e8   Section        0  stm32f10x_gpio.o(i.GPIO_Init)
    i.GPIO_ResetBits                         0x080007fe   Section        0  stm32f10x_gpio.o(i.GPIO_ResetBits)
    i.GPIO_SetBits                           0x08000802   Section        0  stm32f10x_gpio.o(i.GPIO_SetBits)
    i.HardFault_Handler                      0x08000806   Section        0  stm32f10x_it.o(i.HardFault_Handler)
    i.LED_Init                               0x0800080c   Section        0  led.o(i.LED_Init)
    i.MBMR_GetRecbufaddr                     0x08000858   Section        0  mbmasterrtu.o(i.MBMR_GetRecbufaddr)
    i.MBMR_GetSndbufaddr                     0x080008a0   Section        0  mbmasterrtu.o(i.MBMR_GetSndbufaddr)
    i.MBMR_RecFrame                          0x080008c0   Section        0  mbmasterrtu.o(i.MBMR_RecFrame)
    i.MBMR_ResponsesTimeoutISR               0x08000934   Section        0  mbmasterrtu.o(i.MBMR_ResponsesTimeoutISR)
    i.MBMR_SendFrame                         0x08000958   Section        0  mbmasterrtu.o(i.MBMR_SendFrame)
    i.MBMR_SetRxState                        0x080009b4   Section        0  mbmasterrtu.o(i.MBMR_SetRxState)
    i.MBMR_SetTxState                        0x080009c0   Section        0  mbmasterrtu.o(i.MBMR_SetTxState)
    i.MBMR_timer2T35ISR                      0x080009cc   Section        0  mbmasterrtu.o(i.MBMR_timer2T35ISR)
    i.MB_GetBufAddr                          0x08000a00   Section        0  modbusmaster.o(i.MB_GetBufAddr)
    i.MB_GetMasterEvent                      0x08000a10   Section        0  modbusmaster.o(i.MB_GetMasterEvent)
    i.MB_MasterTask                          0x08000a1c   Section        0  modbusmaster.o(i.MB_MasterTask)
    i.MB_ReadHoldReg                         0x08000a64   Section        0  modbusmaster.o(i.MB_ReadHoldReg)
    i.MB_SetMasterErrCode                    0x08000acc   Section        0  modbusmaster.o(i.MB_SetMasterErrCode)
    i.MB_SetMasterEvent                      0x08000ad8   Section        0  modbusmaster.o(i.MB_SetMasterEvent)
    i.MB_SetMasterMode                       0x08000ae4   Section        0  modbusmaster.o(i.MB_SetMasterMode)
    i.MF_REC_Readholdingreg                  0x08000b18   Section        0  mbmasterfunc.o(i.MF_REC_Readholdingreg)
    i.MF_REC_WirteMulreg                     0x08000b6e   Section        0  mbmasterfunc.o(i.MF_REC_WirteMulreg)
    i.MF_REC_Wirtereg                        0x08000ba6   Section        0  mbmasterfunc.o(i.MF_REC_Wirtereg)
    i.MF_SND_Readholdingreg                  0x08000bde   Section        0  mbmasterfunc.o(i.MF_SND_Readholdingreg)
    i.MRSofttimerDisable                     0x08000c80   Section        0  mbmastertimer.o(i.MRSofttimerDisable)
    i.MRSofttimerEnable                      0x08000c90   Section        0  mbmastertimer.o(i.MRSofttimerEnable)
    i.MR_TimeoutISR                          0x08000ca0   Section        0  mbmastertimer.o(i.MR_TimeoutISR)
    i.MRtimer2Disable                        0x08000ca8   Section        0  mbmastertimer.o(i.MRtimer2Disable)
    i.MRtimer2Enable                         0x08000cd2   Section        0  mbmastertimer.o(i.MRtimer2Enable)
    i.MRtimerInit                            0x08000cfa   Section        0  mbmastertimer.o(i.MRtimerInit)
    i.MbRecComplete                          0x08000d08   Section        0  modbusmaster.o(i.MbRecComplete)
    MbRecComplete                            0x08000d09   Thumb Code   182  modbusmaster.o(i.MbRecComplete)
    i.MbSndReady                             0x08000dd8   Section        0  modbusmaster.o(i.MbSndReady)
    MbSndReady                               0x08000dd9   Thumb Code    22  modbusmaster.o(i.MbSndReady)
    i.MemManage_Handler                      0x08000dee   Section        0  stm32f10x_it.o(i.MemManage_Handler)
    i.NMI_Handler                            0x08000df2   Section        0  stm32f10x_it.o(i.NMI_Handler)
    i.NVIC_Init                              0x08000df4   Section        0  misc.o(i.NVIC_Init)
    i.NVIC_PriorityGroupConfig               0x08000e64   Section        0  misc.o(i.NVIC_PriorityGroupConfig)
    i.PendSV_Handler                         0x08000e78   Section        0  stm32f10x_it.o(i.PendSV_Handler)
    i.Pop_Quene                              0x08000e7a   Section        0  quene.o(i.Pop_Quene)
    i.Process_Received_Data                  0x08000eac   Section        0  main.o(i.Process_Received_Data)
    i.Push_Quene                             0x08000f48   Section        0  quene.o(i.Push_Quene)
    i.Quene_Clear                            0x08000f78   Section        0  quene.o(i.Quene_Clear)
    i.Quene_IsEmpty                          0x08000f84   Section        0  quene.o(i.Quene_IsEmpty)
    i.Quene_IsFull                           0x08000f96   Section        0  quene.o(i.Quene_IsFull)
    i.RCC_APB1PeriphClockCmd                 0x08000fb4   Section        0  stm32f10x_rcc.o(i.RCC_APB1PeriphClockCmd)
    i.RCC_APB1PeriphResetCmd                 0x08000fd4   Section        0  stm32f10x_rcc.o(i.RCC_APB1PeriphResetCmd)
    i.RCC_APB2PeriphClockCmd                 0x08000ff4   Section        0  stm32f10x_rcc.o(i.RCC_APB2PeriphClockCmd)
    i.RCC_APB2PeriphResetCmd                 0x08001014   Section        0  stm32f10x_rcc.o(i.RCC_APB2PeriphResetCmd)
    i.RCC_Configuration                      0x08001034   Section        0  systeminit.o(i.RCC_Configuration)
    i.RCC_DeInit                             0x08001098   Section        0  stm32f10x_rcc.o(i.RCC_DeInit)
    i.RCC_GetClocksFreq                      0x080010e4   Section        0  stm32f10x_rcc.o(i.RCC_GetClocksFreq)
    i.RCC_GetFlagStatus                      0x080011b8   Section        0  stm32f10x_rcc.o(i.RCC_GetFlagStatus)
    i.RCC_GetSYSCLKSource                    0x080011f4   Section        0  stm32f10x_rcc.o(i.RCC_GetSYSCLKSource)
    i.RCC_HCLKConfig                         0x08001204   Section        0  stm32f10x_rcc.o(i.RCC_HCLKConfig)
    i.RCC_HSEConfig                          0x0800121c   Section        0  stm32f10x_rcc.o(i.RCC_HSEConfig)
    i.RCC_PCLK1Config                        0x08001268   Section        0  stm32f10x_rcc.o(i.RCC_PCLK1Config)
    i.RCC_PCLK2Config                        0x08001280   Section        0  stm32f10x_rcc.o(i.RCC_PCLK2Config)
    i.RCC_PLLCmd                             0x08001298   Section        0  stm32f10x_rcc.o(i.RCC_PLLCmd)
    i.RCC_PLLConfig                          0x080012a4   Section        0  stm32f10x_rcc.o(i.RCC_PLLConfig)
    i.RCC_SYSCLKConfig                       0x080012c0   Section        0  stm32f10x_rcc.o(i.RCC_SYSCLKConfig)
    i.RCC_WaitForHSEStartUp                  0x080012d8   Section        0  stm32f10x_rcc.o(i.RCC_WaitForHSEStartUp)
    i.SVC_Handler                            0x08001310   Section        0  stm32f10x_it.o(i.SVC_Handler)
    i.SetSysClock                            0x08001312   Section        0  system_stm32f10x.o(i.SetSysClock)
    SetSysClock                              0x08001313   Thumb Code     8  system_stm32f10x.o(i.SetSysClock)
    i.SetSysClockTo72                        0x0800131c   Section        0  system_stm32f10x.o(i.SetSysClockTo72)
    SetSysClockTo72                          0x0800131d   Thumb Code   214  system_stm32f10x.o(i.SetSysClockTo72)
    i.SoftTimer_init                         0x080013fc   Section        0  mbmastertimer.o(i.SoftTimer_init)
    SoftTimer_init                           0x080013fd   Thumb Code    50  mbmastertimer.o(i.SoftTimer_init)
    i.SysTick_Handler                        0x0800143c   Section        0  stm32f10x_it.o(i.SysTick_Handler)
    i.SystemInit                             0x08001440   Section        0  system_stm32f10x.o(i.SystemInit)
    i.System_Init                            0x080014a0   Section        0  systeminit.o(i.System_Init)
    i.TIM1_Configuration                     0x080014b8   Section        0  systemtimer.o(i.TIM1_Configuration)
    TIM1_Configuration                       0x080014b9   Thumb Code   100  systemtimer.o(i.TIM1_Configuration)
    i.TIM1_UP_IRQHandler                     0x08001520   Section        0  systemtimer.o(i.TIM1_UP_IRQHandler)
    i.TIM2_Configuration                     0x08001544   Section        0  mbmastertimer.o(i.TIM2_Configuration)
    TIM2_Configuration                       0x08001545   Thumb Code   114  mbmastertimer.o(i.TIM2_Configuration)
    i.TIM2_IRQHandler                        0x080015b6   Section        0  mbmastertimer.o(i.TIM2_IRQHandler)
    i.TIM3_IRQHandler                        0x080015d0   Section        0  motor.o(i.TIM3_IRQHandler)
    i.TIM3_Int_Init                          0x08001614   Section        0  motor.o(i.TIM3_Int_Init)
    i.TIMER_ArrayInit                        0x08001670   Section        0  timers.o(i.TIMER_ArrayInit)
    i.TIMER_ChangeFeq                        0x080016a8   Section        0  timers.o(i.TIMER_ChangeFeq)
    i.TIMER_Create                           0x080016ec   Section        0  timers.o(i.TIMER_Create)
    i.TIMER_Disable                          0x08001748   Section        0  timers.o(i.TIMER_Disable)
    i.TIMER_Enable                           0x08001768   Section        0  timers.o(i.TIMER_Enable)
    i.TIMER_Servic_Timer1_ISR                0x08001794   Section        0  timers.o(i.TIMER_Servic_Timer1_ISR)
    i.TIM_ClearFlag                          0x08001808   Section        0  stm32f10x_tim.o(i.TIM_ClearFlag)
    i.TIM_ClearITPendingBit                  0x0800180e   Section        0  stm32f10x_tim.o(i.TIM_ClearITPendingBit)
    i.TIM_Cmd                                0x08001814   Section        0  stm32f10x_tim.o(i.TIM_Cmd)
    i.TIM_DeInit                             0x0800182c   Section        0  stm32f10x_tim.o(i.TIM_DeInit)
    i.TIM_GetITStatus                        0x08001a14   Section        0  stm32f10x_tim.o(i.TIM_GetITStatus)
    i.TIM_ITConfig                           0x08001a36   Section        0  stm32f10x_tim.o(i.TIM_ITConfig)
    i.TIM_SetCounter                         0x08001a48   Section        0  stm32f10x_tim.o(i.TIM_SetCounter)
    i.TIM_TimeBaseInit                       0x08001a4c   Section        0  stm32f10x_tim.o(i.TIM_TimeBaseInit)
    i.TIM_TimeBaseStructInit                 0x08001af0   Section        0  stm32f10x_tim.o(i.TIM_TimeBaseStructInit)
    i.Timer1_Enable                          0x08001b04   Section        0  systemtimer.o(i.Timer1_Enable)
    i.Timer1_Init                            0x08001b30   Section        0  systemtimer.o(i.Timer1_Init)
    i.UART4_IRQHandler                       0x08001b38   Section        0  commonusart.o(i.UART4_IRQHandler)
    i.UART5_IRQHandler                       0x08001b60   Section        0  commonusart.o(i.UART5_IRQHandler)
    i.USART1_IRQHandler                      0x08001b94   Section        0  commonusart.o(i.USART1_IRQHandler)
    i.USART1_Init                            0x08001bb0   Section        0  commonusart.o(i.USART1_Init)
    i.USART2_ConfigurationParam              0x08001c58   Section        0  usart.o(i.USART2_ConfigurationParam)
    i.USART2_GPIOConfiguration               0x08001d08   Section        0  usart.o(i.USART2_GPIOConfiguration)
    USART2_GPIOConfiguration                 0x08001d09   Thumb Code   106  usart.o(i.USART2_GPIOConfiguration)
    i.USART2_IRQHandler                      0x08001d7c   Section        0  usart.o(i.USART2_IRQHandler)
    i.USART2_RXTXSwitch                      0x08001dcc   Section        0  usart.o(i.USART2_RXTXSwitch)
    i.USART2_RecData                         0x08001e34   Section        0  usart.o(i.USART2_RecData)
    i.USART2_SendData                        0x08001e40   Section        0  usart.o(i.USART2_SendData)
    i.USART3_IRQHandler                      0x08001e60   Section        0  commonusart.o(i.USART3_IRQHandler)
    i.USART3_Init                            0x08001ec0   Section        0  commonusart.o(i.USART3_Init)
    i.USART_ClearFlag                        0x08001f68   Section        0  stm32f10x_usart.o(i.USART_ClearFlag)
    i.USART_ClearITPendingBit                0x08001f7a   Section        0  stm32f10x_usart.o(i.USART_ClearITPendingBit)
    i.USART_ClockInit                        0x08001f98   Section        0  stm32f10x_usart.o(i.USART_ClockInit)
    i.USART_Cmd                              0x08001fba   Section        0  stm32f10x_usart.o(i.USART_Cmd)
    i.USART_GetFlagStatus                    0x08001fd2   Section        0  stm32f10x_usart.o(i.USART_GetFlagStatus)
    i.USART_GetITStatus                      0x08001fec   Section        0  stm32f10x_usart.o(i.USART_GetITStatus)
    i.USART_ITConfig                         0x08002040   Section        0  stm32f10x_usart.o(i.USART_ITConfig)
    i.USART_Init                             0x0800208c   Section        0  stm32f10x_usart.o(i.USART_Init)
    i.USART_ReceiveData                      0x08002164   Section        0  stm32f10x_usart.o(i.USART_ReceiveData)
    i.USART_SendData                         0x0800216e   Section        0  stm32f10x_usart.o(i.USART_SendData)
    i.UsageFault_Handler                     0x08002176   Section        0  stm32f10x_it.o(i.UsageFault_Handler)
    i._is_digit                              0x0800217a   Section        0  __printf_wp.o(i._is_digit)
    i._sys_exit                              0x08002188   Section        0  commonusart.o(i._sys_exit)
    i.fputc                                  0x0800218c   Section        0  commonusart.o(i.fputc)
    i.main                                   0x080021b0   Section        0  main.o(i.main)
    i.parseWT61HexData                       0x0800222c   Section        0  commonusart.o(i.parseWT61HexData)
    x$fpl$d2f                                0x080024b8   Section       98  d2f.o(x$fpl$d2f)
    x$fpl$ddiv                               0x0800251c   Section      688  ddiv.o(x$fpl$ddiv)
    ddiv_entry                               0x08002523   Thumb Code     0  ddiv.o(x$fpl$ddiv)
    x$fpl$dflt                               0x080027cc   Section       46  dflt_clz.o(x$fpl$dflt)
    x$fpl$dmul                               0x080027fc   Section      340  dmul.o(x$fpl$dmul)
    x$fpl$dnaninf                            0x08002950   Section      156  dnaninf.o(x$fpl$dnaninf)
    x$fpl$dretinf                            0x080029ec   Section       12  dretinf.o(x$fpl$dretinf)
    x$fpl$fretinf                            0x080029f8   Section       10  fretinf.o(x$fpl$fretinf)
    .constdata                               0x08002a02   Section       40  _printf_hex_int.o(.constdata)
    x$fpl$usenofp                            0x08002a02   Section        0  usenofp.o(x$fpl$usenofp)
    uc_hextab                                0x08002a02   Data          20  _printf_hex_int.o(.constdata)
    lc_hextab                                0x08002a16   Data          20  _printf_hex_int.o(.constdata)
    .constdata                               0x08002a2a   Section       17  __printf_flags_wp.o(.constdata)
    maptable                                 0x08002a2a   Data          17  __printf_flags_wp.o(.constdata)
    .data                                    0x20000000   Section        2  main.o(.data)
    .data                                    0x20000002   Section        4  motor.o(.data)
    .data                                    0x20000006   Section      512  mbcrc.o(.data)
    auchCRCHi                                0x20000006   Data         256  mbcrc.o(.data)
    auchCRCLo                                0x20000106   Data         256  mbcrc.o(.data)
    .data                                    0x20000208   Section       18  mbmasterrtu.o(.data)
    Mbmasterbuf                              0x20000208   Data          16  mbmasterrtu.o(.data)
    Rxstate                                  0x20000218   Data           1  mbmasterrtu.o(.data)
    Txstate                                  0x20000219   Data           1  mbmasterrtu.o(.data)
    .data                                    0x2000021c   Section        5  mbmastertimer.o(.data)
    MRTimeOutHandler                         0x2000021c   Data           4  mbmastertimer.o(.data)
    MRTimer                                  0x20000220   Data           1  mbmastertimer.o(.data)
    .data                                    0x20000224   Section      112  modbusmaster.o(.data)
    MasterMode                               0x20000224   Data           1  modbusmaster.o(.data)
    pMBDataReg                               0x20000228   Data           4  modbusmaster.o(.data)
    Slaveaddr                                0x2000022c   Data           2  modbusmaster.o(.data)
    MBErrCode                                0x2000022e   Data           1  modbusmaster.o(.data)
    MBEvent                                  0x2000022f   Data           1  modbusmaster.o(.data)
    MMreadholdreg                            0x20000230   Data          20  modbusmaster.o(.data)
    MMwirtereg                               0x20000244   Data          20  modbusmaster.o(.data)
    MMwirtemulreg                            0x20000258   Data          28  modbusmaster.o(.data)
    FCRecHANDLER                             0x20000274   Data          32  modbusmaster.o(.data)
    .data                                    0x20000294   Section       48  comunication.o(.data)
    BaudRate                                 0x20000294   Data          32  comunication.o(.data)
    ParityrAra                               0x200002b4   Data           8  comunication.o(.data)
    DataBit                                  0x200002bc   Data           4  comunication.o(.data)
    StopBit                                  0x200002c0   Data           4  comunication.o(.data)
    .data                                    0x200002c4   Section        4  systemtimer.o(.data)
    g_uiSYSTIME                              0x200002c4   Data           4  systemtimer.o(.data)
    .data                                    0x200002c8   Section       32  commonusart.o(.data)
    .data                                    0x200002e8   Section       20  stm32f10x_rcc.o(.data)
    APBAHBPrescTable                         0x200002e8   Data          16  stm32f10x_rcc.o(.data)
    ADCPrescTable                            0x200002f8   Data           4  stm32f10x_rcc.o(.data)
    .bss                                     0x200002fc   Section      512  mbmasterrtu.o(.bss)
    MasterBuf                                0x200002fc   Data         512  mbmasterrtu.o(.bss)
    .bss                                     0x200004fc   Section      320  modbusmaster.o(.bss)
    uiDataReg                                0x200004fc   Data         160  modbusmaster.o(.bss)
    Sndreg                                   0x2000059c   Data         160  modbusmaster.o(.bss)
    .bss                                     0x2000063c   Section      288  timers.o(.bss)
    .bss                                     0x2000075c   Section       47  commonusart.o(.bss)
    .bss                                     0x2000078c   Section       96  libspace.o(.bss)
    HEAP                                     0x200007f0   Section      512  startup_stm32f10x_hd.o(HEAP)
    Heap_Mem                                 0x200007f0   Data         512  startup_stm32f10x_hd.o(HEAP)
    STACK                                    0x200009f0   Section     1024  startup_stm32f10x_hd.o(STACK)
    Stack_Mem                                0x200009f0   Data        1024  startup_stm32f10x_hd.o(STACK)
    __initial_sp                             0x20000df0   Data           0  startup_stm32f10x_hd.o(STACK)

    Global Symbols

    Symbol Name                              Value     Ov Type        Size  Object(Section)

    BuildAttributes$$THM_ISAv4$P$D$K$B$S$PE$A:L22UL41UL21$X:L11$S22US41US21$IEEE1$IW$USESV6$~STKCKD$USESV7$~SHL$OSPACE$ROPI$EBA8$UX$STANDARDLIB$REQ8$PRES8$EABIv2 0x00000000   Number         0  anon$$obj.o ABSOLUTE
    __ARM_use_no_argv                        0x00000000   Number         0  main.o ABSOLUTE
    _printf_flags                            0x00000000   Number         0  printf_stubs.o ABSOLUTE
    _printf_return_value                     0x00000000   Number         0  printf_stubs.o ABSOLUTE
    _printf_sizespec                         0x00000000   Number         0  printf_stubs.o ABSOLUTE
    _printf_widthprec                        0x00000000   Number         0  printf_stubs.o ABSOLUTE
    __ARM_exceptions_init                     - Undefined Weak Reference
    __alloca_initialize                       - Undefined Weak Reference
    __arm_preinit_                            - Undefined Weak Reference
    __cpp_initialize__aeabi_                  - Undefined Weak Reference
    __cxa_finalize                            - Undefined Weak Reference
    __rt_locale                               - Undefined Weak Reference
    __sigvec_lookup                           - Undefined Weak Reference
    _atexit_init                              - Undefined Weak Reference
    _call_atexit_fns                          - Undefined Weak Reference
    _clock_init                               - Undefined Weak Reference
    _fp_trap_init                             - Undefined Weak Reference
    _fp_trap_shutdown                         - Undefined Weak Reference
    _get_lc_collate                           - Undefined Weak Reference
    _get_lc_ctype                             - Undefined Weak Reference
    _get_lc_monetary                          - Undefined Weak Reference
    _get_lc_numeric                           - Undefined Weak Reference
    _get_lc_time                              - Undefined Weak Reference
    _getenv_init                              - Undefined Weak Reference
    _handle_redirection                       - Undefined Weak Reference
    _init_alloc                               - Undefined Weak Reference
    _init_user_alloc                          - Undefined Weak Reference
    _initio                                   - Undefined Weak Reference
    _mutex_acquire                            - Undefined Weak Reference
    _mutex_release                            - Undefined Weak Reference
    _printf_truncate_signed                   - Undefined Weak Reference
    _printf_truncate_unsigned                 - Undefined Weak Reference
    _rand_init                                - Undefined Weak Reference
    _signal_finish                            - Undefined Weak Reference
    _signal_init                              - Undefined Weak Reference
    _terminate_alloc                          - Undefined Weak Reference
    _terminate_user_alloc                     - Undefined Weak Reference
    _terminateio                              - Undefined Weak Reference
    __Vectors_Size                           0x00000130   Number         0  startup_stm32f10x_hd.o ABSOLUTE
    __Vectors                                0x08000000   Data           4  startup_stm32f10x_hd.o(RESET)
    __Vectors_End                            0x08000130   Data           0  startup_stm32f10x_hd.o(RESET)
    __main                                   0x08000131   Thumb Code     8  __main.o(!!!main)
    __scatterload                            0x08000139   Thumb Code     0  __scatter.o(!!!scatter)
    __scatterload_rt2                        0x08000139   Thumb Code    44  __scatter.o(!!!scatter)
    __scatterload_rt2_thumb_only             0x08000139   Thumb Code     0  __scatter.o(!!!scatter)
    __scatterload_null                       0x08000147   Thumb Code     0  __scatter.o(!!!scatter)
    __decompress                             0x0800016d   Thumb Code    90  __dczerorl2.o(!!dczerorl2)
    __decompress1                            0x0800016d   Thumb Code     0  __dczerorl2.o(!!dczerorl2)
    __scatterload_zeroinit                   0x080001c9   Thumb Code    28  __scatter_zi.o(!!handler_zi)
    _printf_d                                0x080001e5   Thumb Code     0  _printf_d.o(.ARM.Collect$$_printf_percent$$00000009)
    _printf_percent                          0x080001e5   Thumb Code     0  _printf_percent.o(.ARM.Collect$$_printf_percent$$00000000)
    _printf_x                                0x080001eb   Thumb Code     0  _printf_x.o(.ARM.Collect$$_printf_percent$$0000000C)
    _printf_percent_end                      0x080001f1   Thumb Code     0  _printf_percent_end.o(.ARM.Collect$$_printf_percent$$00000017)
    __rt_lib_init                            0x080001f5   Thumb Code     0  libinit.o(.ARM.Collect$$libinit$$00000000)
    __rt_lib_init_alloca_1                   0x080001f7   Thumb Code     0  libinit2.o(.ARM.Collect$$libinit$$0000002E)
    __rt_lib_init_argv_1                     0x080001f7   Thumb Code     0  libinit2.o(.ARM.Collect$$libinit$$0000002C)
    __rt_lib_init_atexit_1                   0x080001f7   Thumb Code     0  libinit2.o(.ARM.Collect$$libinit$$0000001B)
    __rt_lib_init_clock_1                    0x080001f7   Thumb Code     0  libinit2.o(.ARM.Collect$$libinit$$00000021)
    __rt_lib_init_cpp_1                      0x080001f7   Thumb Code     0  libinit2.o(.ARM.Collect$$libinit$$00000032)
    __rt_lib_init_exceptions_1               0x080001f7   Thumb Code     0  libinit2.o(.ARM.Collect$$libinit$$00000030)
    __rt_lib_init_fp_1                       0x080001f7   Thumb Code     0  libinit2.o(.ARM.Collect$$libinit$$00000002)
    __rt_lib_init_fp_trap_1                  0x080001f7   Thumb Code     0  libinit2.o(.ARM.Collect$$libinit$$0000001F)
    __rt_lib_init_getenv_1                   0x080001f7   Thumb Code     0  libinit2.o(.ARM.Collect$$libinit$$00000023)
    __rt_lib_init_heap_1                     0x080001f7   Thumb Code     0  libinit2.o(.ARM.Collect$$libinit$$0000000A)
    __rt_lib_init_lc_collate_1               0x080001f7   Thumb Code     0  libinit2.o(.ARM.Collect$$libinit$$00000011)
    __rt_lib_init_lc_ctype_1                 0x080001f7   Thumb Code     0  libinit2.o(.ARM.Collect$$libinit$$00000013)
    __rt_lib_init_lc_monetary_1              0x080001f7   Thumb Code     0  libinit2.o(.ARM.Collect$$libinit$$00000015)
    __rt_lib_init_lc_numeric_1               0x080001f7   Thumb Code     0  libinit2.o(.ARM.Collect$$libinit$$00000017)
    __rt_lib_init_lc_time_1                  0x080001f7   Thumb Code     0  libinit2.o(.ARM.Collect$$libinit$$00000019)
    __rt_lib_init_preinit_1                  0x080001f7   Thumb Code     0  libinit2.o(.ARM.Collect$$libinit$$00000004)
    __rt_lib_init_rand_1                     0x080001f7   Thumb Code     0  libinit2.o(.ARM.Collect$$libinit$$0000000E)
    __rt_lib_init_return                     0x080001f7   Thumb Code     0  libinit2.o(.ARM.Collect$$libinit$$00000033)
    __rt_lib_init_signal_1                   0x080001f7   Thumb Code     0  libinit2.o(.ARM.Collect$$libinit$$0000001D)
    __rt_lib_init_stdio_1                    0x080001f7   Thumb Code     0  libinit2.o(.ARM.Collect$$libinit$$00000025)
    __rt_lib_init_user_alloc_1               0x080001f7   Thumb Code     0  libinit2.o(.ARM.Collect$$libinit$$0000000C)
    __rt_lib_shutdown                        0x080001f9   Thumb Code     0  libshutdown.o(.ARM.Collect$$libshutdown$$00000000)
    __rt_lib_shutdown_cpp_1                  0x080001fb   Thumb Code     0  libshutdown2.o(.ARM.Collect$$libshutdown$$00000002)
    __rt_lib_shutdown_fp_trap_1              0x080001fb   Thumb Code     0  libshutdown2.o(.ARM.Collect$$libshutdown$$00000007)
    __rt_lib_shutdown_heap_1                 0x080001fb   Thumb Code     0  libshutdown2.o(.ARM.Collect$$libshutdown$$0000000F)
    __rt_lib_shutdown_return                 0x080001fb   Thumb Code     0  libshutdown2.o(.ARM.Collect$$libshutdown$$00000010)
    __rt_lib_shutdown_signal_1               0x080001fb   Thumb Code     0  libshutdown2.o(.ARM.Collect$$libshutdown$$0000000A)
    __rt_lib_shutdown_stdio_1                0x080001fb   Thumb Code     0  libshutdown2.o(.ARM.Collect$$libshutdown$$00000004)
    __rt_lib_shutdown_user_alloc_1           0x080001fb   Thumb Code     0  libshutdown2.o(.ARM.Collect$$libshutdown$$0000000C)
    __rt_entry                               0x080001fd   Thumb Code     0  __rtentry.o(.ARM.Collect$$rtentry$$00000000)
    __rt_entry_presh_1                       0x080001fd   Thumb Code     0  __rtentry2.o(.ARM.Collect$$rtentry$$00000002)
    __rt_entry_sh                            0x080001fd   Thumb Code     0  __rtentry4.o(.ARM.Collect$$rtentry$$00000004)
    __rt_entry_li                            0x08000203   Thumb Code     0  __rtentry2.o(.ARM.Collect$$rtentry$$0000000A)
    __rt_entry_postsh_1                      0x08000203   Thumb Code     0  __rtentry2.o(.ARM.Collect$$rtentry$$00000009)
    __rt_entry_main                          0x08000207   Thumb Code     0  __rtentry2.o(.ARM.Collect$$rtentry$$0000000D)
    __rt_entry_postli_1                      0x08000207   Thumb Code     0  __rtentry2.o(.ARM.Collect$$rtentry$$0000000C)
    __rt_exit                                0x0800020f   Thumb Code     0  rtexit.o(.ARM.Collect$$rtexit$$00000000)
    __rt_exit_ls                             0x08000211   Thumb Code     0  rtexit2.o(.ARM.Collect$$rtexit$$00000003)
    __rt_exit_prels_1                        0x08000211   Thumb Code     0  rtexit2.o(.ARM.Collect$$rtexit$$00000002)
    __rt_exit_exit                           0x08000215   Thumb Code     0  rtexit2.o(.ARM.Collect$$rtexit$$00000004)
    Reset_Handler                            0x0800021d   Thumb Code     8  startup_stm32f10x_hd.o(.text)
    ADC1_2_IRQHandler                        0x08000237   Thumb Code     0  startup_stm32f10x_hd.o(.text)
    ADC3_IRQHandler                          0x08000237   Thumb Code     0  startup_stm32f10x_hd.o(.text)
    CAN1_RX1_IRQHandler                      0x08000237   Thumb Code     0  startup_stm32f10x_hd.o(.text)
    CAN1_SCE_IRQHandler                      0x08000237   Thumb Code     0  startup_stm32f10x_hd.o(.text)
    DMA1_Channel1_IRQHandler                 0x08000237   Thumb Code     0  startup_stm32f10x_hd.o(.text)
    DMA1_Channel2_IRQHandler                 0x08000237   Thumb Code     0  startup_stm32f10x_hd.o(.text)
    DMA1_Channel3_IRQHandler                 0x08000237   Thumb Code     0  startup_stm32f10x_hd.o(.text)
    DMA1_Channel4_IRQHandler                 0x08000237   Thumb Code     0  startup_stm32f10x_hd.o(.text)
    DMA1_Channel5_IRQHandler                 0x08000237   Thumb Code     0  startup_stm32f10x_hd.o(.text)
    DMA1_Channel6_IRQHandler                 0x08000237   Thumb Code     0  startup_stm32f10x_hd.o(.text)
    DMA1_Channel7_IRQHandler                 0x08000237   Thumb Code     0  startup_stm32f10x_hd.o(.text)
    DMA2_Channel1_IRQHandler                 0x08000237   Thumb Code     0  startup_stm32f10x_hd.o(.text)
    DMA2_Channel2_IRQHandler                 0x08000237   Thumb Code     0  startup_stm32f10x_hd.o(.text)
    DMA2_Channel3_IRQHandler                 0x08000237   Thumb Code     0  startup_stm32f10x_hd.o(.text)
    DMA2_Channel4_5_IRQHandler               0x08000237   Thumb Code     0  startup_stm32f10x_hd.o(.text)
    EXTI0_IRQHandler                         0x08000237   Thumb Code     0  startup_stm32f10x_hd.o(.text)
    EXTI15_10_IRQHandler                     0x08000237   Thumb Code     0  startup_stm32f10x_hd.o(.text)
    EXTI1_IRQHandler                         0x08000237   Thumb Code     0  startup_stm32f10x_hd.o(.text)
    EXTI2_IRQHandler                         0x08000237   Thumb Code     0  startup_stm32f10x_hd.o(.text)
    EXTI3_IRQHandler                         0x08000237   Thumb Code     0  startup_stm32f10x_hd.o(.text)
    EXTI4_IRQHandler                         0x08000237   Thumb Code     0  startup_stm32f10x_hd.o(.text)
    EXTI9_5_IRQHandler                       0x08000237   Thumb Code     0  startup_stm32f10x_hd.o(.text)
    FLASH_IRQHandler                         0x08000237   Thumb Code     0  startup_stm32f10x_hd.o(.text)
    FSMC_IRQHandler                          0x08000237   Thumb Code     0  startup_stm32f10x_hd.o(.text)
    I2C1_ER_IRQHandler                       0x08000237   Thumb Code     0  startup_stm32f10x_hd.o(.text)
    I2C1_EV_IRQHandler                       0x08000237   Thumb Code     0  startup_stm32f10x_hd.o(.text)
    I2C2_ER_IRQHandler                       0x08000237   Thumb Code     0  startup_stm32f10x_hd.o(.text)
    I2C2_EV_IRQHandler                       0x08000237   Thumb Code     0  startup_stm32f10x_hd.o(.text)
    PVD_IRQHandler                           0x08000237   Thumb Code     0  startup_stm32f10x_hd.o(.text)
    RCC_IRQHandler                           0x08000237   Thumb Code     0  startup_stm32f10x_hd.o(.text)
    RTCAlarm_IRQHandler                      0x08000237   Thumb Code     0  startup_stm32f10x_hd.o(.text)
    RTC_IRQHandler                           0x08000237   Thumb Code     0  startup_stm32f10x_hd.o(.text)
    SDIO_IRQHandler                          0x08000237   Thumb Code     0  startup_stm32f10x_hd.o(.text)
    SPI1_IRQHandler                          0x08000237   Thumb Code     0  startup_stm32f10x_hd.o(.text)
    SPI2_IRQHandler                          0x08000237   Thumb Code     0  startup_stm32f10x_hd.o(.text)
    SPI3_IRQHandler                          0x08000237   Thumb Code     0  startup_stm32f10x_hd.o(.text)
    TAMPER_IRQHandler                        0x08000237   Thumb Code     0  startup_stm32f10x_hd.o(.text)
    TIM1_BRK_IRQHandler                      0x08000237   Thumb Code     0  startup_stm32f10x_hd.o(.text)
    TIM1_CC_IRQHandler                       0x08000237   Thumb Code     0  startup_stm32f10x_hd.o(.text)
    TIM1_TRG_COM_IRQHandler                  0x08000237   Thumb Code     0  startup_stm32f10x_hd.o(.text)
    TIM4_IRQHandler                          0x08000237   Thumb Code     0  startup_stm32f10x_hd.o(.text)
    TIM5_IRQHandler                          0x08000237   Thumb Code     0  startup_stm32f10x_hd.o(.text)
    TIM6_IRQHandler                          0x08000237   Thumb Code     0  startup_stm32f10x_hd.o(.text)
    TIM7_IRQHandler                          0x08000237   Thumb Code     0  startup_stm32f10x_hd.o(.text)
    TIM8_BRK_IRQHandler                      0x08000237   Thumb Code     0  startup_stm32f10x_hd.o(.text)
    TIM8_CC_IRQHandler                       0x08000237   Thumb Code     0  startup_stm32f10x_hd.o(.text)
    TIM8_TRG_COM_IRQHandler                  0x08000237   Thumb Code     0  startup_stm32f10x_hd.o(.text)
    TIM8_UP_IRQHandler                       0x08000237   Thumb Code     0  startup_stm32f10x_hd.o(.text)
    USBWakeUp_IRQHandler                     0x08000237   Thumb Code     0  startup_stm32f10x_hd.o(.text)
    USB_HP_CAN1_TX_IRQHandler                0x08000237   Thumb Code     0  startup_stm32f10x_hd.o(.text)
    USB_LP_CAN1_RX0_IRQHandler               0x08000237   Thumb Code     0  startup_stm32f10x_hd.o(.text)
    WWDG_IRQHandler                          0x08000237   Thumb Code     0  startup_stm32f10x_hd.o(.text)
    __user_initial_stackheap                 0x08000239   Thumb Code     0  startup_stm32f10x_hd.o(.text)
    __use_no_semihosting                     0x0800025d   Thumb Code     2  use_no_semi_2.o(.text)
    __2printf                                0x08000261   Thumb Code    20  noretval__2printf.o(.text)
    _printf_pre_padding                      0x08000279   Thumb Code    44  _printf_pad.o(.text)
    _printf_post_padding                     0x080002a5   Thumb Code    34  _printf_pad.o(.text)
    _printf_int_dec                          0x080002c9   Thumb Code   104  _printf_dec.o(.text)
    _printf_int_hex                          0x08000341   Thumb Code    84  _printf_hex_int.o(.text)
    _printf_longlong_hex                     0x08000341   Thumb Code     0  _printf_hex_int.o(.text)
    __printf                                 0x08000399   Thumb Code   308  __printf_flags_wp.o(.text)
    __use_two_region_memory                  0x080004d1   Thumb Code     2  heapauxi.o(.text)
    __rt_heap_escrow$2region                 0x080004d3   Thumb Code     2  heapauxi.o(.text)
    __rt_heap_expand$2region                 0x080004d5   Thumb Code     2  heapauxi.o(.text)
    __I$use$semihosting                      0x080004d7   Thumb Code     0  use_no_semi.o(.text)
    __use_no_semihosting_swi                 0x080004d7   Thumb Code     2  use_no_semi.o(.text)
    _printf_int_common                       0x080004d9   Thumb Code   178  _printf_intcommon.o(.text)
    _printf_char_file                        0x0800058d   Thumb Code    32  _printf_char_file.o(.text)
    _printf_char_common                      0x080005bb   Thumb Code    32  _printf_char_common.o(.text)
    ferror                                   0x080005e1   Thumb Code     8  ferror.o(.text)
    __user_setup_stackheap                   0x080005e9   Thumb Code    74  sys_stackheap_outer.o(.text)
    exit                                     0x08000633   Thumb Code    18  exit.o(.text)
    __user_libspace                          0x08000645   Thumb Code     8  libspace.o(.text)
    __user_perproc_libspace                  0x08000645   Thumb Code     0  libspace.o(.text)
    __user_perthread_libspace                0x08000645   Thumb Code     0  libspace.o(.text)
    BusFault_Handler                         0x0800064d   Thumb Code     4  stm32f10x_it.o(i.BusFault_Handler)
    COM_Init                                 0x08000651   Thumb Code    24  comunication.o(i.COM_Init)
    CRC16                                    0x08000679   Thumb Code    48  mbcrc.o(i.CRC16)
    DebugMon_Handler                         0x080006b1   Thumb Code     2  stm32f10x_it.o(i.DebugMon_Handler)
    FLASH_PrefetchBufferCmd                  0x080006b5   Thumb Code    22  stm32f10x_flash.o(i.FLASH_PrefetchBufferCmd)
    FLASH_SetLatency                         0x080006d1   Thumb Code    18  stm32f10x_flash.o(i.FLASH_SetLatency)
    GPIO_Init                                0x080006e9   Thumb Code   278  stm32f10x_gpio.o(i.GPIO_Init)
    GPIO_ResetBits                           0x080007ff   Thumb Code     4  stm32f10x_gpio.o(i.GPIO_ResetBits)
    GPIO_SetBits                             0x08000803   Thumb Code     4  stm32f10x_gpio.o(i.GPIO_SetBits)
    HardFault_Handler                        0x08000807   Thumb Code     4  stm32f10x_it.o(i.HardFault_Handler)
    LED_Init                                 0x0800080d   Thumb Code    68  led.o(i.LED_Init)
    MBMR_GetRecbufaddr                       0x08000859   Thumb Code    68  mbmasterrtu.o(i.MBMR_GetRecbufaddr)
    MBMR_GetSndbufaddr                       0x080008a1   Thumb Code    26  mbmasterrtu.o(i.MBMR_GetSndbufaddr)
    MBMR_RecFrame                            0x080008c1   Thumb Code   106  mbmasterrtu.o(i.MBMR_RecFrame)
    MBMR_ResponsesTimeoutISR                 0x08000935   Thumb Code    36  mbmasterrtu.o(i.MBMR_ResponsesTimeoutISR)
    MBMR_SendFrame                           0x08000959   Thumb Code    78  mbmasterrtu.o(i.MBMR_SendFrame)
    MBMR_SetRxState                          0x080009b5   Thumb Code     6  mbmasterrtu.o(i.MBMR_SetRxState)
    MBMR_SetTxState                          0x080009c1   Thumb Code     6  mbmasterrtu.o(i.MBMR_SetTxState)
    MBMR_timer2T35ISR                        0x080009cd   Thumb Code    48  mbmasterrtu.o(i.MBMR_timer2T35ISR)
    MB_GetBufAddr                            0x08000a01   Thumb Code    10  modbusmaster.o(i.MB_GetBufAddr)
    MB_GetMasterEvent                        0x08000a11   Thumb Code     6  modbusmaster.o(i.MB_GetMasterEvent)
    MB_MasterTask                            0x08000a1d   Thumb Code    68  modbusmaster.o(i.MB_MasterTask)
    MB_ReadHoldReg                           0x08000a65   Thumb Code    84  modbusmaster.o(i.MB_ReadHoldReg)
    MB_SetMasterErrCode                      0x08000acd   Thumb Code     6  modbusmaster.o(i.MB_SetMasterErrCode)
    MB_SetMasterEvent                        0x08000ad9   Thumb Code     6  modbusmaster.o(i.MB_SetMasterEvent)
    MB_SetMasterMode                         0x08000ae5   Thumb Code    40  modbusmaster.o(i.MB_SetMasterMode)
    MF_REC_Readholdingreg                    0x08000b19   Thumb Code    86  mbmasterfunc.o(i.MF_REC_Readholdingreg)
    MF_REC_WirteMulreg                       0x08000b6f   Thumb Code    56  mbmasterfunc.o(i.MF_REC_WirteMulreg)
    MF_REC_Wirtereg                          0x08000ba7   Thumb Code    56  mbmasterfunc.o(i.MF_REC_Wirtereg)
    MF_SND_Readholdingreg                    0x08000bdf   Thumb Code   160  mbmasterfunc.o(i.MF_SND_Readholdingreg)
    MRSofttimerDisable                       0x08000c81   Thumb Code    12  mbmastertimer.o(i.MRSofttimerDisable)
    MRSofttimerEnable                        0x08000c91   Thumb Code    12  mbmastertimer.o(i.MRSofttimerEnable)
    MR_TimeoutISR                            0x08000ca1   Thumb Code     8  mbmastertimer.o(i.MR_TimeoutISR)
    MRtimer2Disable                          0x08000ca9   Thumb Code    42  mbmastertimer.o(i.MRtimer2Disable)
    MRtimer2Enable                           0x08000cd3   Thumb Code    40  mbmastertimer.o(i.MRtimer2Enable)
    MRtimerInit                              0x08000cfb   Thumb Code    12  mbmastertimer.o(i.MRtimerInit)
    MemManage_Handler                        0x08000def   Thumb Code     4  stm32f10x_it.o(i.MemManage_Handler)
    NMI_Handler                              0x08000df3   Thumb Code     2  stm32f10x_it.o(i.NMI_Handler)
    NVIC_Init                                0x08000df5   Thumb Code   100  misc.o(i.NVIC_Init)
    NVIC_PriorityGroupConfig                 0x08000e65   Thumb Code    10  misc.o(i.NVIC_PriorityGroupConfig)
    PendSV_Handler                           0x08000e79   Thumb Code     2  stm32f10x_it.o(i.PendSV_Handler)
    Pop_Quene                                0x08000e7b   Thumb Code    50  quene.o(i.Pop_Quene)
    Process_Received_Data                    0x08000ead   Thumb Code    96  main.o(i.Process_Received_Data)
    Push_Quene                               0x08000f49   Thumb Code    48  quene.o(i.Push_Quene)
    Quene_Clear                              0x08000f79   Thumb Code    12  quene.o(i.Quene_Clear)
    Quene_IsEmpty                            0x08000f85   Thumb Code    18  quene.o(i.Quene_IsEmpty)
    Quene_IsFull                             0x08000f97   Thumb Code    28  quene.o(i.Quene_IsFull)
    RCC_APB1PeriphClockCmd                   0x08000fb5   Thumb Code    26  stm32f10x_rcc.o(i.RCC_APB1PeriphClockCmd)
    RCC_APB1PeriphResetCmd                   0x08000fd5   Thumb Code    26  stm32f10x_rcc.o(i.RCC_APB1PeriphResetCmd)
    RCC_APB2PeriphClockCmd                   0x08000ff5   Thumb Code    26  stm32f10x_rcc.o(i.RCC_APB2PeriphClockCmd)
    RCC_APB2PeriphResetCmd                   0x08001015   Thumb Code    26  stm32f10x_rcc.o(i.RCC_APB2PeriphResetCmd)
    RCC_Configuration                        0x08001035   Thumb Code   100  systeminit.o(i.RCC_Configuration)
    RCC_DeInit                               0x08001099   Thumb Code    64  stm32f10x_rcc.o(i.RCC_DeInit)
    RCC_GetClocksFreq                        0x080010e5   Thumb Code   192  stm32f10x_rcc.o(i.RCC_GetClocksFreq)
    RCC_GetFlagStatus                        0x080011b9   Thumb Code    56  stm32f10x_rcc.o(i.RCC_GetFlagStatus)
    RCC_GetSYSCLKSource                      0x080011f5   Thumb Code    10  stm32f10x_rcc.o(i.RCC_GetSYSCLKSource)
    RCC_HCLKConfig                           0x08001205   Thumb Code    18  stm32f10x_rcc.o(i.RCC_HCLKConfig)
    RCC_HSEConfig                            0x0800121d   Thumb Code    70  stm32f10x_rcc.o(i.RCC_HSEConfig)
    RCC_PCLK1Config                          0x08001269   Thumb Code    18  stm32f10x_rcc.o(i.RCC_PCLK1Config)
    RCC_PCLK2Config                          0x08001281   Thumb Code    20  stm32f10x_rcc.o(i.RCC_PCLK2Config)
    RCC_PLLCmd                               0x08001299   Thumb Code     6  stm32f10x_rcc.o(i.RCC_PLLCmd)
    RCC_PLLConfig                            0x080012a5   Thumb Code    24  stm32f10x_rcc.o(i.RCC_PLLConfig)
    RCC_SYSCLKConfig                         0x080012c1   Thumb Code    18  stm32f10x_rcc.o(i.RCC_SYSCLKConfig)
    RCC_WaitForHSEStartUp                    0x080012d9   Thumb Code    56  stm32f10x_rcc.o(i.RCC_WaitForHSEStartUp)
    SVC_Handler                              0x08001311   Thumb Code     2  stm32f10x_it.o(i.SVC_Handler)
    SysTick_Handler                          0x0800143d   Thumb Code     2  stm32f10x_it.o(i.SysTick_Handler)
    SystemInit                               0x08001441   Thumb Code    78  system_stm32f10x.o(i.SystemInit)
    System_Init                              0x080014a1   Thumb Code    24  systeminit.o(i.System_Init)
    TIM1_UP_IRQHandler                       0x08001521   Thumb Code    26  systemtimer.o(i.TIM1_UP_IRQHandler)
    TIM2_IRQHandler                          0x080015b7   Thumb Code    24  mbmastertimer.o(i.TIM2_IRQHandler)
    TIM3_IRQHandler                          0x080015d1   Thumb Code    54  motor.o(i.TIM3_IRQHandler)
    TIM3_Int_Init                            0x08001615   Thumb Code    88  motor.o(i.TIM3_Int_Init)
    TIMER_ArrayInit                          0x08001671   Thumb Code    50  timers.o(i.TIMER_ArrayInit)
    TIMER_ChangeFeq                          0x080016a9   Thumb Code    58  timers.o(i.TIMER_ChangeFeq)
    TIMER_Create                             0x080016ed   Thumb Code    88  timers.o(i.TIMER_Create)
    TIMER_Disable                            0x08001749   Thumb Code    28  timers.o(i.TIMER_Disable)
    TIMER_Enable                             0x08001769   Thumb Code    40  timers.o(i.TIMER_Enable)
    TIMER_Servic_Timer1_ISR                  0x08001795   Thumb Code   112  timers.o(i.TIMER_Servic_Timer1_ISR)
    TIM_ClearFlag                            0x08001809   Thumb Code     6  stm32f10x_tim.o(i.TIM_ClearFlag)
    TIM_ClearITPendingBit                    0x0800180f   Thumb Code     6  stm32f10x_tim.o(i.TIM_ClearITPendingBit)
    TIM_Cmd                                  0x08001815   Thumb Code    24  stm32f10x_tim.o(i.TIM_Cmd)
    TIM_DeInit                               0x0800182d   Thumb Code   424  stm32f10x_tim.o(i.TIM_DeInit)
    TIM_GetITStatus                          0x08001a15   Thumb Code    34  stm32f10x_tim.o(i.TIM_GetITStatus)
    TIM_ITConfig                             0x08001a37   Thumb Code    18  stm32f10x_tim.o(i.TIM_ITConfig)
    TIM_SetCounter                           0x08001a49   Thumb Code     4  stm32f10x_tim.o(i.TIM_SetCounter)
    TIM_TimeBaseInit                         0x08001a4d   Thumb Code   122  stm32f10x_tim.o(i.TIM_TimeBaseInit)
    TIM_TimeBaseStructInit                   0x08001af1   Thumb Code    18  stm32f10x_tim.o(i.TIM_TimeBaseStructInit)
    Timer1_Enable                            0x08001b05   Thumb Code    38  systemtimer.o(i.Timer1_Enable)
    Timer1_Init                              0x08001b31   Thumb Code     8  systemtimer.o(i.Timer1_Init)
    UART4_IRQHandler                         0x08001b39   Thumb Code    36  commonusart.o(i.UART4_IRQHandler)
    UART5_IRQHandler                         0x08001b61   Thumb Code    46  commonusart.o(i.UART5_IRQHandler)
    USART1_IRQHandler                        0x08001b95   Thumb Code    24  commonusart.o(i.USART1_IRQHandler)
    USART1_Init                              0x08001bb1   Thumb Code   160  commonusart.o(i.USART1_Init)
    USART2_ConfigurationParam                0x08001c59   Thumb Code   172  usart.o(i.USART2_ConfigurationParam)
    USART2_IRQHandler                        0x08001d7d   Thumb Code    76  usart.o(i.USART2_IRQHandler)
    USART2_RXTXSwitch                        0x08001dcd   Thumb Code    96  usart.o(i.USART2_RXTXSwitch)
    USART2_RecData                           0x08001e35   Thumb Code     6  usart.o(i.USART2_RecData)
    USART2_SendData                          0x08001e41   Thumb Code    22  usart.o(i.USART2_SendData)
    USART3_IRQHandler                        0x08001e61   Thumb Code    84  commonusart.o(i.USART3_IRQHandler)
    USART3_Init                              0x08001ec1   Thumb Code   158  commonusart.o(i.USART3_Init)
    USART_ClearFlag                          0x08001f69   Thumb Code    18  stm32f10x_usart.o(i.USART_ClearFlag)
    USART_ClearITPendingBit                  0x08001f7b   Thumb Code    30  stm32f10x_usart.o(i.USART_ClearITPendingBit)
    USART_ClockInit                          0x08001f99   Thumb Code    34  stm32f10x_usart.o(i.USART_ClockInit)
    USART_Cmd                                0x08001fbb   Thumb Code    24  stm32f10x_usart.o(i.USART_Cmd)
    USART_GetFlagStatus                      0x08001fd3   Thumb Code    26  stm32f10x_usart.o(i.USART_GetFlagStatus)
    USART_GetITStatus                        0x08001fed   Thumb Code    84  stm32f10x_usart.o(i.USART_GetITStatus)
    USART_ITConfig                           0x08002041   Thumb Code    74  stm32f10x_usart.o(i.USART_ITConfig)
    USART_Init                               0x0800208d   Thumb Code   210  stm32f10x_usart.o(i.USART_Init)
    USART_ReceiveData                        0x08002165   Thumb Code    10  stm32f10x_usart.o(i.USART_ReceiveData)
    USART_SendData                           0x0800216f   Thumb Code     8  stm32f10x_usart.o(i.USART_SendData)
    UsageFault_Handler                       0x08002177   Thumb Code     4  stm32f10x_it.o(i.UsageFault_Handler)
    _is_digit                                0x0800217b   Thumb Code    14  __printf_wp.o(i._is_digit)
    _sys_exit                                0x08002189   Thumb Code     4  commonusart.o(i._sys_exit)
    fputc                                    0x0800218d   Thumb Code    32  commonusart.o(i.fputc)
    main                                     0x080021b1   Thumb Code   106  main.o(i.main)
    parseWT61HexData                         0x0800222d   Thumb Code   562  commonusart.o(i.parseWT61HexData)
    __aeabi_d2f                              0x080024b9   Thumb Code     0  d2f.o(x$fpl$d2f)
    _d2f                                     0x080024b9   Thumb Code    98  d2f.o(x$fpl$d2f)
    __aeabi_ddiv                             0x0800251d   Thumb Code     0  ddiv.o(x$fpl$ddiv)
    _ddiv                                    0x0800251d   Thumb Code   552  ddiv.o(x$fpl$ddiv)
    __aeabi_i2d                              0x080027cd   Thumb Code     0  dflt_clz.o(x$fpl$dflt)
    _dflt                                    0x080027cd   Thumb Code    46  dflt_clz.o(x$fpl$dflt)
    __aeabi_dmul                             0x080027fd   Thumb Code     0  dmul.o(x$fpl$dmul)
    _dmul                                    0x080027fd   Thumb Code   332  dmul.o(x$fpl$dmul)
    __fpl_dnaninf                            0x08002951   Thumb Code   156  dnaninf.o(x$fpl$dnaninf)
    __fpl_dretinf                            0x080029ed   Thumb Code    12  dretinf.o(x$fpl$dretinf)
    __fpl_fretinf                            0x080029f9   Thumb Code    10  fretinf.o(x$fpl$fretinf)
    __I$use$fp                               0x08002a02   Number         0  usenofp.o(x$fpl$usenofp)
    Region$$Table$$Base                      0x08002a3c   Number         0  anon$$obj.o(Region$$Table)
    Region$$Table$$Limit                     0x08002a5c   Number         0  anon$$obj.o(Region$$Table)
    read_success                             0x20000000   Data           1  main.o(.data)
    i                                        0x20000001   Data           1  main.o(.data)
    flag_1                                   0x20000002   Data           1  motor.o(.data)
    timmer_3                                 0x20000004   Data           2  motor.o(.data)
    AxL                                      0x200002c8   Data           1  commonusart.o(.data)
    AxH                                      0x200002c9   Data           1  commonusart.o(.data)
    AyL                                      0x200002ca   Data           1  commonusart.o(.data)
    AyH                                      0x200002cb   Data           1  commonusart.o(.data)
    AzL                                      0x200002cc   Data           1  commonusart.o(.data)
    AzH                                      0x200002cd   Data           1  commonusart.o(.data)
    WxL                                      0x200002ce   Data           1  commonusart.o(.data)
    WxH                                      0x200002cf   Data           1  commonusart.o(.data)
    WyL                                      0x200002d0   Data           1  commonusart.o(.data)
    WyH                                      0x200002d1   Data           1  commonusart.o(.data)
    WzL                                      0x200002d2   Data           1  commonusart.o(.data)
    WzH                                      0x200002d3   Data           1  commonusart.o(.data)
    AnxL                                     0x200002d4   Data           1  commonusart.o(.data)
    AnxH                                     0x200002d5   Data           1  commonusart.o(.data)
    AnyL                                     0x200002d6   Data           1  commonusart.o(.data)
    AnyH                                     0x200002d7   Data           1  commonusart.o(.data)
    AnzL                                     0x200002d8   Data           1  commonusart.o(.data)
    AnzH                                     0x200002d9   Data           1  commonusart.o(.data)
    myff                                     0x200002da   Data           2  commonusart.o(.data)
    temp                                     0x200002dc   Data           4  commonusart.o(.data)
    cnt3                                     0x200002e0   Data           1  commonusart.o(.data)
    __stdout                                 0x200002e4   Data           4  commonusart.o(.data)
    TimersArray                              0x2000063c   Data         288  timers.o(.bss)
    fAcc                                     0x2000075c   Data          12  commonusart.o(.bss)
    fGyro                                    0x20000768   Data          12  commonusart.o(.bss)
    fAngle                                   0x20000774   Data          12  commonusart.o(.bss)
    buf3                                     0x20000780   Data          11  commonusart.o(.bss)
    __libspace_start                         0x2000078c   Data          96  libspace.o(.bss)
    __temporary_stack_top$libspace           0x200007ec   Data           0  libspace.o(.bss)



==============================================================================

Memory Map of the image

  Image Entry point : 0x0800021d

  Load Region LR_1 (Base: 0x08000000, Size: 0x00002d58, Max: 0xffffffff, ABSOLUTE, COMPRESSED[0x00002be0])

    Execution Region ER_RO (Exec base: 0x08000000, Load base: 0x08000000, Size: 0x00002a5c, Max: 0xffffffff, ABSOLUTE)

    Exec Addr    Load Addr    Size         Type   Attr      Idx    E Section Name        Object

    0x08000000   0x08000000   0x00000130   Data   RO         1169    RESET               startup_stm32f10x_hd.o
    0x08000130   0x08000130   0x00000008   Code   RO         2510  * !!!main             c_w.l(__main.o)
    0x08000138   0x08000138   0x00000034   Code   RO         2701    !!!scatter          c_w.l(__scatter.o)
    0x0800016c   0x0800016c   0x0000005a   Code   RO         2699    !!dczerorl2         c_w.l(__dczerorl2.o)
    0x080001c6   0x080001c6   0x00000002   PAD
    0x080001c8   0x080001c8   0x0000001c   Code   RO         2703    !!handler_zi        c_w.l(__scatter_zi.o)
    0x080001e4   0x080001e4   0x00000000   Code   RO         2507    .ARM.Collect$$_printf_percent$$00000000  c_w.l(_printf_percent.o)
    0x080001e4   0x080001e4   0x00000006   Code   RO         2506    .ARM.Collect$$_printf_percent$$00000009  c_w.l(_printf_d.o)
    0x080001ea   0x080001ea   0x00000006   Code   RO         2505    .ARM.Collect$$_printf_percent$$0000000C  c_w.l(_printf_x.o)
    0x080001f0   0x080001f0   0x00000004   Code   RO         2533    .ARM.Collect$$_printf_percent$$00000017  c_w.l(_printf_percent_end.o)
    0x080001f4   0x080001f4   0x00000002   Code   RO         2573    .ARM.Collect$$libinit$$00000000  c_w.l(libinit.o)
    0x080001f6   0x080001f6   0x00000000   Code   RO         2580    .ARM.Collect$$libinit$$00000002  c_w.l(libinit2.o)
    0x080001f6   0x080001f6   0x00000000   Code   RO         2582    .ARM.Collect$$libinit$$00000004  c_w.l(libinit2.o)
    0x080001f6   0x080001f6   0x00000000   Code   RO         2585    .ARM.Collect$$libinit$$0000000A  c_w.l(libinit2.o)
    0x080001f6   0x080001f6   0x00000000   Code   RO         2587    .ARM.Collect$$libinit$$0000000C  c_w.l(libinit2.o)
    0x080001f6   0x080001f6   0x00000000   Code   RO         2589    .ARM.Collect$$libinit$$0000000E  c_w.l(libinit2.o)
    0x080001f6   0x080001f6   0x00000000   Code   RO         2592    .ARM.Collect$$libinit$$00000011  c_w.l(libinit2.o)
    0x080001f6   0x080001f6   0x00000000   Code   RO         2594    .ARM.Collect$$libinit$$00000013  c_w.l(libinit2.o)
    0x080001f6   0x080001f6   0x00000000   Code   RO         2596    .ARM.Collect$$libinit$$00000015  c_w.l(libinit2.o)
    0x080001f6   0x080001f6   0x00000000   Code   RO         2598    .ARM.Collect$$libinit$$00000017  c_w.l(libinit2.o)
    0x080001f6   0x080001f6   0x00000000   Code   RO         2600    .ARM.Collect$$libinit$$00000019  c_w.l(libinit2.o)
    0x080001f6   0x080001f6   0x00000000   Code   RO         2602    .ARM.Collect$$libinit$$0000001B  c_w.l(libinit2.o)
    0x080001f6   0x080001f6   0x00000000   Code   RO         2604    .ARM.Collect$$libinit$$0000001D  c_w.l(libinit2.o)
    0x080001f6   0x080001f6   0x00000000   Code   RO         2606    .ARM.Collect$$libinit$$0000001F  c_w.l(libinit2.o)
    0x080001f6   0x080001f6   0x00000000   Code   RO         2608    .ARM.Collect$$libinit$$00000021  c_w.l(libinit2.o)
    0x080001f6   0x080001f6   0x00000000   Code   RO         2610    .ARM.Collect$$libinit$$00000023  c_w.l(libinit2.o)
    0x080001f6   0x080001f6   0x00000000   Code   RO         2612    .ARM.Collect$$libinit$$00000025  c_w.l(libinit2.o)
    0x080001f6   0x080001f6   0x00000000   Code   RO         2616    .ARM.Collect$$libinit$$0000002C  c_w.l(libinit2.o)
    0x080001f6   0x080001f6   0x00000000   Code   RO         2618    .ARM.Collect$$libinit$$0000002E  c_w.l(libinit2.o)
    0x080001f6   0x080001f6   0x00000000   Code   RO         2620    .ARM.Collect$$libinit$$00000030  c_w.l(libinit2.o)
    0x080001f6   0x080001f6   0x00000000   Code   RO         2622    .ARM.Collect$$libinit$$00000032  c_w.l(libinit2.o)
    0x080001f6   0x080001f6   0x00000002   Code   RO         2623    .ARM.Collect$$libinit$$00000033  c_w.l(libinit2.o)
    0x080001f8   0x080001f8   0x00000002   Code   RO         2641    .ARM.Collect$$libshutdown$$00000000  c_w.l(libshutdown.o)
    0x080001fa   0x080001fa   0x00000000   Code   RO         2651    .ARM.Collect$$libshutdown$$00000002  c_w.l(libshutdown2.o)
    0x080001fa   0x080001fa   0x00000000   Code   RO         2653    .ARM.Collect$$libshutdown$$00000004  c_w.l(libshutdown2.o)
    0x080001fa   0x080001fa   0x00000000   Code   RO         2656    .ARM.Collect$$libshutdown$$00000007  c_w.l(libshutdown2.o)
    0x080001fa   0x080001fa   0x00000000   Code   RO         2659    .ARM.Collect$$libshutdown$$0000000A  c_w.l(libshutdown2.o)
    0x080001fa   0x080001fa   0x00000000   Code   RO         2661    .ARM.Collect$$libshutdown$$0000000C  c_w.l(libshutdown2.o)
    0x080001fa   0x080001fa   0x00000000   Code   RO         2664    .ARM.Collect$$libshutdown$$0000000F  c_w.l(libshutdown2.o)
    0x080001fa   0x080001fa   0x00000002   Code   RO         2665    .ARM.Collect$$libshutdown$$00000010  c_w.l(libshutdown2.o)
    0x080001fc   0x080001fc   0x00000000   Code   RO         2528    .ARM.Collect$$rtentry$$00000000  c_w.l(__rtentry.o)
    0x080001fc   0x080001fc   0x00000000   Code   RO         2542    .ARM.Collect$$rtentry$$00000002  c_w.l(__rtentry2.o)
    0x080001fc   0x080001fc   0x00000006   Code   RO         2554    .ARM.Collect$$rtentry$$00000004  c_w.l(__rtentry4.o)
    0x08000202   0x08000202   0x00000000   Code   RO         2544    .ARM.Collect$$rtentry$$00000009  c_w.l(__rtentry2.o)
    0x08000202   0x08000202   0x00000004   Code   RO         2545    .ARM.Collect$$rtentry$$0000000A  c_w.l(__rtentry2.o)
    0x08000206   0x08000206   0x00000000   Code   RO         2547    .ARM.Collect$$rtentry$$0000000C  c_w.l(__rtentry2.o)
    0x08000206   0x08000206   0x00000008   Code   RO         2548    .ARM.Collect$$rtentry$$0000000D  c_w.l(__rtentry2.o)
    0x0800020e   0x0800020e   0x00000002   Code   RO         2577    .ARM.Collect$$rtexit$$00000000  c_w.l(rtexit.o)
    0x08000210   0x08000210   0x00000000   Code   RO         2625    .ARM.Collect$$rtexit$$00000002  c_w.l(rtexit2.o)
    0x08000210   0x08000210   0x00000004   Code   RO         2626    .ARM.Collect$$rtexit$$00000003  c_w.l(rtexit2.o)
    0x08000214   0x08000214   0x00000006   Code   RO         2627    .ARM.Collect$$rtexit$$00000004  c_w.l(rtexit2.o)
    0x0800021a   0x0800021a   0x00000002   PAD
    0x0800021c   0x0800021c   0x00000040   Code   RO         1170  * .text               startup_stm32f10x_hd.o
    0x0800025c   0x0800025c   0x00000002   Code   RO         2452    .text               c_w.l(use_no_semi_2.o)
    0x0800025e   0x0800025e   0x00000002   PAD
    0x08000260   0x08000260   0x00000018   Code   RO         2456    .text               c_w.l(noretval__2printf.o)
    0x08000278   0x08000278   0x0000004e   Code   RO         2460    .text               c_w.l(_printf_pad.o)
    0x080002c6   0x080002c6   0x00000002   PAD
    0x080002c8   0x080002c8   0x00000078   Code   RO         2462    .text               c_w.l(_printf_dec.o)
    0x08000340   0x08000340   0x00000058   Code   RO         2467    .text               c_w.l(_printf_hex_int.o)
    0x08000398   0x08000398   0x00000138   Code   RO         2497    .text               c_w.l(__printf_flags_wp.o)
    0x080004d0   0x080004d0   0x00000006   Code   RO         2508    .text               c_w.l(heapauxi.o)
    0x080004d6   0x080004d6   0x00000002   Code   RO         2526    .text               c_w.l(use_no_semi.o)
    0x080004d8   0x080004d8   0x000000b2   Code   RO         2529    .text               c_w.l(_printf_intcommon.o)
    0x0800058a   0x0800058a   0x00000002   PAD
    0x0800058c   0x0800058c   0x00000024   Code   RO         2531    .text               c_w.l(_printf_char_file.o)
    0x080005b0   0x080005b0   0x00000030   Code   RO         2556    .text               c_w.l(_printf_char_common.o)
    0x080005e0   0x080005e0   0x00000008   Code   RO         2558    .text               c_w.l(ferror.o)
    0x080005e8   0x080005e8   0x0000004a   Code   RO         2562    .text               c_w.l(sys_stackheap_outer.o)
    0x08000632   0x08000632   0x00000012   Code   RO         2566    .text               c_w.l(exit.o)
    0x08000644   0x08000644   0x00000008   Code   RO         2574    .text               c_w.l(libspace.o)
    0x0800064c   0x0800064c   0x00000004   Code   RO          149    i.BusFault_Handler  stm32f10x_it.o
    0x08000650   0x08000650   0x00000028   Code   RO          821    i.COM_Init          comunication.o
    0x08000678   0x08000678   0x00000038   Code   RO          404    i.CRC16             mbcrc.o
    0x080006b0   0x080006b0   0x00000002   Code   RO          150    i.DebugMon_Handler  stm32f10x_it.o
    0x080006b2   0x080006b2   0x00000002   PAD
    0x080006b4   0x080006b4   0x0000001c   Code   RO         2293    i.FLASH_PrefetchBufferCmd  stm32f10x_flash.o
    0x080006d0   0x080006d0   0x00000018   Code   RO         2298    i.FLASH_SetLatency  stm32f10x_flash.o
    0x080006e8   0x080006e8   0x00000116   Code   RO         1216    i.GPIO_Init         stm32f10x_gpio.o
    0x080007fe   0x080007fe   0x00000004   Code   RO         1223    i.GPIO_ResetBits    stm32f10x_gpio.o
    0x08000802   0x08000802   0x00000004   Code   RO         1224    i.GPIO_SetBits      stm32f10x_gpio.o
    0x08000806   0x08000806   0x00000004   Code   RO          151    i.HardFault_Handler  stm32f10x_it.o
    0x0800080a   0x0800080a   0x00000002   PAD
    0x0800080c   0x0800080c   0x0000004c   Code   RO          246    i.LED_Init          led.o
    0x08000858   0x08000858   0x00000048   Code   RO          472    i.MBMR_GetRecbufaddr  mbmasterrtu.o
    0x080008a0   0x080008a0   0x00000020   Code   RO          474    i.MBMR_GetSndbufaddr  mbmasterrtu.o
    0x080008c0   0x080008c0   0x00000074   Code   RO          476    i.MBMR_RecFrame     mbmasterrtu.o
    0x08000934   0x08000934   0x00000024   Code   RO          477    i.MBMR_ResponsesTimeoutISR  mbmasterrtu.o
    0x08000958   0x08000958   0x0000005c   Code   RO          478    i.MBMR_SendFrame    mbmasterrtu.o
    0x080009b4   0x080009b4   0x0000000c   Code   RO          479    i.MBMR_SetRxState   mbmasterrtu.o
    0x080009c0   0x080009c0   0x0000000c   Code   RO          480    i.MBMR_SetTxState   mbmasterrtu.o
    0x080009cc   0x080009cc   0x00000034   Code   RO          481    i.MBMR_timer2T35ISR  mbmasterrtu.o
    0x08000a00   0x08000a00   0x00000010   Code   RO          616    i.MB_GetBufAddr     modbusmaster.o
    0x08000a10   0x08000a10   0x0000000c   Code   RO          618    i.MB_GetMasterEvent  modbusmaster.o
    0x08000a1c   0x08000a1c   0x00000048   Code   RO          621    i.MB_MasterTask     modbusmaster.o
    0x08000a64   0x08000a64   0x00000068   Code   RO          622    i.MB_ReadHoldReg    modbusmaster.o
    0x08000acc   0x08000acc   0x0000000c   Code   RO          623    i.MB_SetMasterErrCode  modbusmaster.o
    0x08000ad8   0x08000ad8   0x0000000c   Code   RO          624    i.MB_SetMasterEvent  modbusmaster.o
    0x08000ae4   0x08000ae4   0x00000034   Code   RO          625    i.MB_SetMasterMode  modbusmaster.o
    0x08000b18   0x08000b18   0x00000056   Code   RO          421    i.MF_REC_Readholdingreg  mbmasterfunc.o
    0x08000b6e   0x08000b6e   0x00000038   Code   RO          422    i.MF_REC_WirteMulreg  mbmasterfunc.o
    0x08000ba6   0x08000ba6   0x00000038   Code   RO          423    i.MF_REC_Wirtereg   mbmasterfunc.o
    0x08000bde   0x08000bde   0x000000a0   Code   RO          424    i.MF_SND_Readholdingreg  mbmasterfunc.o
    0x08000c7e   0x08000c7e   0x00000002   PAD
    0x08000c80   0x08000c80   0x00000010   Code   RO          550    i.MRSofttimerDisable  mbmastertimer.o
    0x08000c90   0x08000c90   0x00000010   Code   RO          551    i.MRSofttimerEnable  mbmastertimer.o
    0x08000ca0   0x08000ca0   0x00000008   Code   RO          552    i.MR_TimeoutISR     mbmastertimer.o
    0x08000ca8   0x08000ca8   0x0000002a   Code   RO          553    i.MRtimer2Disable   mbmastertimer.o
    0x08000cd2   0x08000cd2   0x00000028   Code   RO          554    i.MRtimer2Enable    mbmastertimer.o
    0x08000cfa   0x08000cfa   0x0000000c   Code   RO          555    i.MRtimerInit       mbmastertimer.o
    0x08000d06   0x08000d06   0x00000002   PAD
    0x08000d08   0x08000d08   0x000000d0   Code   RO          628    i.MbRecComplete     modbusmaster.o
    0x08000dd8   0x08000dd8   0x00000016   Code   RO          629    i.MbSndReady        modbusmaster.o
    0x08000dee   0x08000dee   0x00000004   Code   RO          152    i.MemManage_Handler  stm32f10x_it.o
    0x08000df2   0x08000df2   0x00000002   Code   RO          153    i.NMI_Handler       stm32f10x_it.o
    0x08000df4   0x08000df4   0x00000070   Code   RO         1174    i.NVIC_Init         misc.o
    0x08000e64   0x08000e64   0x00000014   Code   RO         1175    i.NVIC_PriorityGroupConfig  misc.o
    0x08000e78   0x08000e78   0x00000002   Code   RO          154    i.PendSV_Handler    stm32f10x_it.o
    0x08000e7a   0x08000e7a   0x00000032   Code   RO          707    i.Pop_Quene         quene.o
    0x08000eac   0x08000eac   0x0000009c   Code   RO            1    i.Process_Received_Data  main.o
    0x08000f48   0x08000f48   0x00000030   Code   RO          708    i.Push_Quene        quene.o
    0x08000f78   0x08000f78   0x0000000c   Code   RO          709    i.Quene_Clear       quene.o
    0x08000f84   0x08000f84   0x00000012   Code   RO          710    i.Quene_IsEmpty     quene.o
    0x08000f96   0x08000f96   0x0000001c   Code   RO          711    i.Quene_IsFull      quene.o
    0x08000fb2   0x08000fb2   0x00000002   PAD
    0x08000fb4   0x08000fb4   0x00000020   Code   RO         1350    i.RCC_APB1PeriphClockCmd  stm32f10x_rcc.o
    0x08000fd4   0x08000fd4   0x00000020   Code   RO         1351    i.RCC_APB1PeriphResetCmd  stm32f10x_rcc.o
    0x08000ff4   0x08000ff4   0x00000020   Code   RO         1352    i.RCC_APB2PeriphClockCmd  stm32f10x_rcc.o
    0x08001014   0x08001014   0x00000020   Code   RO         1353    i.RCC_APB2PeriphResetCmd  stm32f10x_rcc.o
    0x08001034   0x08001034   0x00000064   Code   RO          746    i.RCC_Configuration  systeminit.o
    0x08001098   0x08001098   0x0000004c   Code   RO         1359    i.RCC_DeInit        stm32f10x_rcc.o
    0x080010e4   0x080010e4   0x000000d4   Code   RO         1360    i.RCC_GetClocksFreq  stm32f10x_rcc.o
    0x080011b8   0x080011b8   0x0000003c   Code   RO         1361    i.RCC_GetFlagStatus  stm32f10x_rcc.o
    0x080011f4   0x080011f4   0x00000010   Code   RO         1363    i.RCC_GetSYSCLKSource  stm32f10x_rcc.o
    0x08001204   0x08001204   0x00000018   Code   RO         1364    i.RCC_HCLKConfig    stm32f10x_rcc.o
    0x0800121c   0x0800121c   0x0000004c   Code   RO         1365    i.RCC_HSEConfig     stm32f10x_rcc.o
    0x08001268   0x08001268   0x00000018   Code   RO         1371    i.RCC_PCLK1Config   stm32f10x_rcc.o
    0x08001280   0x08001280   0x00000018   Code   RO         1372    i.RCC_PCLK2Config   stm32f10x_rcc.o
    0x08001298   0x08001298   0x0000000c   Code   RO         1373    i.RCC_PLLCmd        stm32f10x_rcc.o
    0x080012a4   0x080012a4   0x0000001c   Code   RO         1374    i.RCC_PLLConfig     stm32f10x_rcc.o
    0x080012c0   0x080012c0   0x00000018   Code   RO         1377    i.RCC_SYSCLKConfig  stm32f10x_rcc.o
    0x080012d8   0x080012d8   0x00000038   Code   RO         1379    i.RCC_WaitForHSEStartUp  stm32f10x_rcc.o
    0x08001310   0x08001310   0x00000002   Code   RO          155    i.SVC_Handler       stm32f10x_it.o
    0x08001312   0x08001312   0x00000008   Code   RO          212    i.SetSysClock       system_stm32f10x.o
    0x0800131a   0x0800131a   0x00000002   PAD
    0x0800131c   0x0800131c   0x000000e0   Code   RO          213    i.SetSysClockTo72   system_stm32f10x.o
    0x080013fc   0x080013fc   0x00000040   Code   RO          556    i.SoftTimer_init    mbmastertimer.o
    0x0800143c   0x0800143c   0x00000002   Code   RO          156    i.SysTick_Handler   stm32f10x_it.o
    0x0800143e   0x0800143e   0x00000002   PAD
    0x08001440   0x08001440   0x00000060   Code   RO          215    i.SystemInit        system_stm32f10x.o
    0x080014a0   0x080014a0   0x00000018   Code   RO          747    i.System_Init       systeminit.o
    0x080014b8   0x080014b8   0x00000068   Code   RO          886    i.TIM1_Configuration  systemtimer.o
    0x08001520   0x08001520   0x00000024   Code   RO          887    i.TIM1_UP_IRQHandler  systemtimer.o
    0x08001544   0x08001544   0x00000072   Code   RO          557    i.TIM2_Configuration  mbmastertimer.o
    0x080015b6   0x080015b6   0x00000018   Code   RO          558    i.TIM2_IRQHandler   mbmastertimer.o
    0x080015ce   0x080015ce   0x00000002   PAD
    0x080015d0   0x080015d0   0x00000044   Code   RO          300    i.TIM3_IRQHandler   motor.o
    0x08001614   0x08001614   0x0000005c   Code   RO          301    i.TIM3_Int_Init     motor.o
    0x08001670   0x08001670   0x00000038   Code   RO          770    i.TIMER_ArrayInit   timers.o
    0x080016a8   0x080016a8   0x00000044   Code   RO          771    i.TIMER_ChangeFeq   timers.o
    0x080016ec   0x080016ec   0x0000005c   Code   RO          772    i.TIMER_Create      timers.o
    0x08001748   0x08001748   0x00000020   Code   RO          774    i.TIMER_Disable     timers.o
    0x08001768   0x08001768   0x0000002c   Code   RO          775    i.TIMER_Enable      timers.o
    0x08001794   0x08001794   0x00000074   Code   RO          776    i.TIMER_Servic_Timer1_ISR  timers.o
    0x08001808   0x08001808   0x00000006   Code   RO         1738    i.TIM_ClearFlag     stm32f10x_tim.o
    0x0800180e   0x0800180e   0x00000006   Code   RO         1739    i.TIM_ClearITPendingBit  stm32f10x_tim.o
    0x08001814   0x08001814   0x00000018   Code   RO         1744    i.TIM_Cmd           stm32f10x_tim.o
    0x0800182c   0x0800182c   0x000001e8   Code   RO         1749    i.TIM_DeInit        stm32f10x_tim.o
    0x08001a14   0x08001a14   0x00000022   Code   RO         1765    i.TIM_GetITStatus   stm32f10x_tim.o
    0x08001a36   0x08001a36   0x00000012   Code   RO         1769    i.TIM_ITConfig      stm32f10x_tim.o
    0x08001a48   0x08001a48   0x00000004   Code   RO         1809    i.TIM_SetCounter    stm32f10x_tim.o
    0x08001a4c   0x08001a4c   0x000000a4   Code   RO         1815    i.TIM_TimeBaseInit  stm32f10x_tim.o
    0x08001af0   0x08001af0   0x00000012   Code   RO         1816    i.TIM_TimeBaseStructInit  stm32f10x_tim.o
    0x08001b02   0x08001b02   0x00000002   PAD
    0x08001b04   0x08001b04   0x0000002c   Code   RO          889    i.Timer1_Enable     systemtimer.o
    0x08001b30   0x08001b30   0x00000008   Code   RO          890    i.Timer1_Init       systemtimer.o
    0x08001b38   0x08001b38   0x00000028   Code   RO          983    i.UART4_IRQHandler  commonusart.o
    0x08001b60   0x08001b60   0x00000034   Code   RO          987    i.UART5_IRQHandler  commonusart.o
    0x08001b94   0x08001b94   0x0000001c   Code   RO          991    i.USART1_IRQHandler  commonusart.o
    0x08001bb0   0x08001bb0   0x000000a8   Code   RO          992    i.USART1_Init       commonusart.o
    0x08001c58   0x08001c58   0x000000b0   Code   RO          844    i.USART2_ConfigurationParam  usart.o
    0x08001d08   0x08001d08   0x00000074   Code   RO          845    i.USART2_GPIOConfiguration  usart.o
    0x08001d7c   0x08001d7c   0x00000050   Code   RO          846    i.USART2_IRQHandler  usart.o
    0x08001dcc   0x08001dcc   0x00000068   Code   RO          847    i.USART2_RXTXSwitch  usart.o
    0x08001e34   0x08001e34   0x0000000c   Code   RO          848    i.USART2_RecData    usart.o
    0x08001e40   0x08001e40   0x00000020   Code   RO          849    i.USART2_SendData   usart.o
    0x08001e60   0x08001e60   0x00000060   Code   RO          996    i.USART3_IRQHandler  commonusart.o
    0x08001ec0   0x08001ec0   0x000000a8   Code   RO          997    i.USART3_Init       commonusart.o
    0x08001f68   0x08001f68   0x00000012   Code   RO         1548    i.USART_ClearFlag   stm32f10x_usart.o
    0x08001f7a   0x08001f7a   0x0000001e   Code   RO         1549    i.USART_ClearITPendingBit  stm32f10x_usart.o
    0x08001f98   0x08001f98   0x00000022   Code   RO         1550    i.USART_ClockInit   stm32f10x_usart.o
    0x08001fba   0x08001fba   0x00000018   Code   RO         1552    i.USART_Cmd         stm32f10x_usart.o
    0x08001fd2   0x08001fd2   0x0000001a   Code   RO         1555    i.USART_GetFlagStatus  stm32f10x_usart.o
    0x08001fec   0x08001fec   0x00000054   Code   RO         1556    i.USART_GetITStatus  stm32f10x_usart.o
    0x08002040   0x08002040   0x0000004a   Code   RO         1558    i.USART_ITConfig    stm32f10x_usart.o
    0x0800208a   0x0800208a   0x00000002   PAD
    0x0800208c   0x0800208c   0x000000d8   Code   RO         1559    i.USART_Init        stm32f10x_usart.o
    0x08002164   0x08002164   0x0000000a   Code   RO         1566    i.USART_ReceiveData  stm32f10x_usart.o
    0x0800216e   0x0800216e   0x00000008   Code   RO         1569    i.USART_SendData    stm32f10x_usart.o
    0x08002176   0x08002176   0x00000004   Code   RO          157    i.UsageFault_Handler  stm32f10x_it.o
    0x0800217a   0x0800217a   0x0000000e   Code   RO         2495    i._is_digit         c_w.l(__printf_wp.o)
    0x08002188   0x08002188   0x00000004   Code   RO         1004    i._sys_exit         commonusart.o
    0x0800218c   0x0800218c   0x00000024   Code   RO         1006    i.fputc             commonusart.o
    0x080021b0   0x080021b0   0x0000007c   Code   RO            2    i.main              main.o
    0x0800222c   0x0800222c   0x0000028c   Code   RO         1007    i.parseWT61HexData  commonusart.o
    0x080024b8   0x080024b8   0x00000062   Code   RO         2512    x$fpl$d2f           fz_ws.l(d2f.o)
    0x0800251a   0x0800251a   0x00000002   PAD
    0x0800251c   0x0800251c   0x000002b0   Code   RO         2515    x$fpl$ddiv          fz_ws.l(ddiv.o)
    0x080027cc   0x080027cc   0x0000002e   Code   RO         2519    x$fpl$dflt          fz_ws.l(dflt_clz.o)
    0x080027fa   0x080027fa   0x00000002   PAD
    0x080027fc   0x080027fc   0x00000154   Code   RO         2524    x$fpl$dmul          fz_ws.l(dmul.o)
    0x08002950   0x08002950   0x0000009c   Code   RO         2534    x$fpl$dnaninf       fz_ws.l(dnaninf.o)
    0x080029ec   0x080029ec   0x0000000c   Code   RO         2536    x$fpl$dretinf       fz_ws.l(dretinf.o)
    0x080029f8   0x080029f8   0x0000000a   Code   RO         2538    x$fpl$fretinf       fz_ws.l(fretinf.o)
    0x08002a02   0x08002a02   0x00000000   Code   RO         2540    x$fpl$usenofp       fz_ws.l(usenofp.o)
    0x08002a02   0x08002a02   0x00000028   Data   RO         2468    .constdata          c_w.l(_printf_hex_int.o)
    0x08002a2a   0x08002a2a   0x00000011   Data   RO         2498    .constdata          c_w.l(__printf_flags_wp.o)
    0x08002a3b   0x08002a3b   0x00000001   PAD
    0x08002a3c   0x08002a3c   0x00000020   Data   RO         2697    Region$$Table       anon$$obj.o


    Execution Region ER_RW (Exec base: 0x20000000, Load base: 0x08002a5c, Size: 0x000002fc, Max: 0xffffffff, ABSOLUTE, COMPRESSED[0x00000184])

    Exec Addr    Load Addr    Size         Type   Attr      Idx    E Section Name        Object

    0x20000000   COMPRESSED   0x00000002   Data   RW            3    .data               main.o
    0x20000002   COMPRESSED   0x00000004   Data   RW          302    .data               motor.o
    0x20000006   COMPRESSED   0x00000200   Data   RW          405    .data               mbcrc.o
    0x20000206   COMPRESSED   0x00000002   PAD
    0x20000208   COMPRESSED   0x00000012   Data   RW          483    .data               mbmasterrtu.o
    0x2000021a   COMPRESSED   0x00000002   PAD
    0x2000021c   COMPRESSED   0x00000005   Data   RW          559    .data               mbmastertimer.o
    0x20000221   COMPRESSED   0x00000003   PAD
    0x20000224   COMPRESSED   0x00000070   Data   RW          631    .data               modbusmaster.o
    0x20000294   COMPRESSED   0x00000030   Data   RW          823    .data               comunication.o
    0x200002c4   COMPRESSED   0x00000004   Data   RW          891    .data               systemtimer.o
    0x200002c8   COMPRESSED   0x00000020   Data   RW         1009    .data               commonusart.o
    0x200002e8   COMPRESSED   0x00000014   Data   RW         1380    .data               stm32f10x_rcc.o


    Execution Region ER_ZI (Exec base: 0x200002fc, Load base: 0x08002be0, Size: 0x00000af4, Max: 0xffffffff, ABSOLUTE)

    Exec Addr    Load Addr    Size         Type   Attr      Idx    E Section Name        Object

    0x200002fc        -       0x00000200   Zero   RW          482    .bss                mbmasterrtu.o
    0x200004fc        -       0x00000140   Zero   RW          630    .bss                modbusmaster.o
    0x2000063c        -       0x00000120   Zero   RW          777    .bss                timers.o
    0x2000075c        -       0x0000002f   Zero   RW         1008    .bss                commonusart.o
    0x2000078b   0x08002be0   0x00000001   PAD
    0x2000078c        -       0x00000060   Zero   RW         2575    .bss                c_w.l(libspace.o)
    0x200007ec   0x08002be0   0x00000004   PAD
    0x200007f0        -       0x00000200   Zero   RW         1168    HEAP                startup_stm32f10x_hd.o
    0x200009f0        -       0x00000400   Zero   RW         1167    STACK               startup_stm32f10x_hd.o


==============================================================================

Image component sizes


      Code (inc. data)   RO Data    RW Data    ZI Data      Debug   Object Name

      1244        138          0         32         47       7795   commonusart.o
        40         16          0         48          0       1067   comunication.o
        76          8          0          0          0     205275   led.o
       280         78          0          2          0     254612   main.o
        56          8          0        512          0       1216   mbcrc.o
       358          0          0          0          0       4363   mbmasterfunc.o
       424         50          0         18        512       5178   mbmasterrtu.o
       336         22          0          5          0       5180   mbmastertimer.o
       132         22          0          0          0       1491   misc.o
       510         92          0        112        320       5726   modbusmaster.o
       160         18          0          4          0       1376   motor.o
       156          0          0          0          0       3382   quene.o
        64         26        304          0       1536        792   startup_stm32f10x_hd.o
        52         12          0          0          0       1069   stm32f10x_flash.o
       286          0          0          0          0       2980   stm32f10x_gpio.o
        26          0          0          0          0       3578   stm32f10x_it.o
       760        104          0         20          0      11412   stm32f10x_rcc.o
       762        106          0          0          0       5809   stm32f10x_tim.o
       524          6          0          0          0       7835   stm32f10x_usart.o
         0          0          0          0          0         32   sys.o
       328         28          0          0          0       1745   system_stm32f10x.o
       124          0          0          0          0       1014   systeminit.o
       192         20          0          4          0       2083   systemtimer.o
       408         32          0          0        288       4138   timers.o
       520         42          0          0          0       3335   usart.o

    ----------------------------------------------------------------------
      7838        828        336        764       2704     542483   Object Totals
         0          0         32          0          0          0   (incl. Generated)
        20          0          0          7          1          0   (incl. Padding)

    ----------------------------------------------------------------------

      Code (inc. data)   RO Data    RW Data    ZI Data      Debug   Library Member Name

        90          0          0          0          0          0   __dczerorl2.o
         8          0          0          0          0         68   __main.o
       312          4         17          0          0         92   __printf_flags_wp.o
        14          0          0          0          0         68   __printf_wp.o
         0          0          0          0          0          0   __rtentry.o
        12          0          0          0          0          0   __rtentry2.o
         6          0          0          0          0          0   __rtentry4.o
        52          8          0          0          0          0   __scatter.o
        28          0          0          0          0          0   __scatter_zi.o
        48          6          0          0          0         96   _printf_char_common.o
        36          4          0          0          0         80   _printf_char_file.o
         6          0          0          0          0          0   _printf_d.o
       120         16          0          0          0         92   _printf_dec.o
        88          4         40          0          0         88   _printf_hex_int.o
       178          0          0          0          0         88   _printf_intcommon.o
        78          0          0          0          0        108   _printf_pad.o
         0          0          0          0          0          0   _printf_percent.o
         4          0          0          0          0          0   _printf_percent_end.o
         6          0          0          0          0          0   _printf_x.o
        18          0          0          0          0         80   exit.o
         8          0          0          0          0         68   ferror.o
         6          0          0          0          0        152   heapauxi.o
         2          0          0          0          0          0   libinit.o
         2          0          0          0          0          0   libinit2.o
         2          0          0          0          0          0   libshutdown.o
         2          0          0          0          0          0   libshutdown2.o
         8          4          0          0         96         68   libspace.o
        24          4          0          0          0         84   noretval__2printf.o
         2          0          0          0          0          0   rtexit.o
        10          0          0          0          0          0   rtexit2.o
        74          0          0          0          0         80   sys_stackheap_outer.o
         2          0          0          0          0         68   use_no_semi.o
         2          0          0          0          0         68   use_no_semi_2.o
        98          4          0          0          0         92   d2f.o
       688        140          0          0          0        208   ddiv.o
        46          0          0          0          0         68   dflt_clz.o
       340         12          0          0          0        104   dmul.o
       156          4          0          0          0         92   dnaninf.o
        12          0          0          0          0         68   dretinf.o
        10          0          0          0          0         68   fretinf.o
         0          0          0          0          0          0   usenofp.o

    ----------------------------------------------------------------------
      2612        210         58          0        100       2148   Library Totals
        14          0          1          0          4          0   (incl. Padding)

    ----------------------------------------------------------------------

      Code (inc. data)   RO Data    RW Data    ZI Data      Debug   Library Name

      1248         50         57          0         96       1448   c_w.l
      1350        160          0          0          0        700   fz_ws.l

    ----------------------------------------------------------------------
      2612        210         58          0        100       2148   Library Totals

    ----------------------------------------------------------------------

==============================================================================


      Code (inc. data)   RO Data    RW Data    ZI Data      Debug   

     10450       1038        394        764       2804     537451   Grand Totals
     10450       1038        394        388       2804     537451   ELF Image Totals (compressed)
     10450       1038        394        388          0          0   ROM Totals

==============================================================================

    Total RO  Size (Code + RO Data)                10844 (  10.59kB)
    Total RW  Size (RW Data + ZI Data)              3568 (   3.48kB)
    Total ROM Size (Code + RO Data + RW Data)      11232 (  10.97kB)

==============================================================================

