Component: ARM Compiler 5.06 update 5 (build 528) Tool: armlink [4d35e2]

==============================================================================

Section Cross References

    startup_stm32f10x_md.o(STACK) refers (Special) to heapauxi.o(.text) for __use_two_region_memory
    startup_stm32f10x_md.o(HEAP) refers (Special) to heapauxi.o(.text) for __use_two_region_memory
    startup_stm32f10x_md.o(RESET) refers (Special) to heapauxi.o(.text) for __use_two_region_memory
    startup_stm32f10x_md.o(RESET) refers to startup_stm32f10x_md.o(STACK) for __initial_sp
    startup_stm32f10x_md.o(RESET) refers to startup_stm32f10x_md.o(.text) for Reset_Handler
    startup_stm32f10x_md.o(RESET) refers to stm32f10x_it.o(.text) for NMI_Handler
    startup_stm32f10x_md.o(RESET) refers to systemtimer.o(.text) for TIM1_UP_IRQHandler
    startup_stm32f10x_md.o(RESET) refers to mbmastertimer.o(.text) for TIM2_IRQHandler
    startup_stm32f10x_md.o(RESET) refers to usart.o(.text) for USART1_IRQHandler
    startup_stm32f10x_md.o(.text) refers (Special) to heapauxi.o(.text) for __use_two_region_memory
    startup_stm32f10x_md.o(.text) refers to __main.o(!!!main) for __main
    startup_stm32f10x_md.o(.text) refers to startup_stm32f10x_md.o(HEAP) for Heap_Mem
    startup_stm32f10x_md.o(.text) refers to startup_stm32f10x_md.o(STACK) for Stack_Mem
    comunication.o(.text) refers to usart.o(.text) for USART1_ConfigurationParam
    comunication.o(.text) refers to modbusmaster.o(.text) for MB_MasterTask
    comunication.o(.text) refers to comunication.o(.data) for ParityrAra
    main.o(.text) refers to modbusmaster.o(.text) for MB_GetMasterEvent
    main.o(.text) refers to systeminit.o(.text) for System_Init
    main.o(.text) refers to comunication.o(.text) for COM_Task
    main.o(.text) refers to main.o(.constdata) for .constdata
    main.o(.text) refers to main.o(.data) for value
    mbcrc.o(.text) refers to mbcrc.o(.data) for auchCRCHi
    mbmasterfunc.o(.text) refers to quene.o(.text) for Pop_Quene
    mbmasterfunc.o(.text) refers to mbcrc.o(.text) for CRC16
    mbmasterrtu.o(.text) refers to mbcrc.o(.text) for CRC16
    mbmasterrtu.o(.text) refers to quene.o(.text) for Quene_Clear
    mbmasterrtu.o(.text) refers to usart.o(.text) for USART1_RecData
    mbmasterrtu.o(.text) refers to mbmastertimer.o(.text) for MRtimer2Enable
    mbmasterrtu.o(.text) refers to modbusmaster.o(.text) for MB_SetMasterEvent
    mbmasterrtu.o(.text) refers to mbmasterrtu.o(.data) for Rxstate
    mbmasterrtu.o(.data) refers to mbmasterrtu.o(.bss) for MasterBuf
    mbmastertimer.o(.text) refers to stm32f10x_rcc.o(.text) for RCC_APB1PeriphClockCmd
    mbmastertimer.o(.text) refers to stm32f10x_tim.o(.text) for TIM_DeInit
    mbmastertimer.o(.text) refers to misc.o(.text) for NVIC_PriorityGroupConfig
    mbmastertimer.o(.text) refers to mbmasterrtu.o(.text) for MBMR_ResponsesTimeoutISR
    mbmastertimer.o(.text) refers to timers.o(.text) for TIMER_ChangeFeq
    mbmastertimer.o(.text) refers to mbmastertimer.o(.data) for MRTimeOutHandler
    modbusmaster.o(.text) refers to mbmasterrtu.o(.text) for MBMR_GetSndbufaddr
    modbusmaster.o(.text) refers to mbmasterfunc.o(.text) for MF_SND_Readholdingreg
    modbusmaster.o(.text) refers to quene.o(.text) for Pop_Quene
    modbusmaster.o(.text) refers to usart.o(.text) for USART1_RXTXSwitch
    modbusmaster.o(.text) refers to modbusmaster.o(.data) for MBEvent
    modbusmaster.o(.text) refers to modbusmaster.o(.bss) for uiDataReg
    modbusmaster.o(.data) refers to modbusmaster.o(.bss) for Sndreg
    modbusmaster.o(.data) refers to mbmasterfunc.o(.text) for MF_REC_Readholdingreg
    systeminit.o(.text) refers to stm32f10x_rcc.o(.text) for RCC_DeInit
    systeminit.o(.text) refers to stm32f10x_flash.o(.text) for FLASH_SetLatency
    systeminit.o(.text) refers to timers.o(.text) for TIMER_ArrayInit
    systeminit.o(.text) refers to systemtimer.o(.text) for Timer1_Init
    systeminit.o(.text) refers to mbmastertimer.o(.text) for MRtimerInit
    systeminit.o(.text) refers to comunication.o(.text) for COM_Init
    systemtimer.o(.text) refers to stm32f10x_tim.o(.text) for TIM_ClearFlag
    systemtimer.o(.text) refers to stm32f10x_rcc.o(.text) for RCC_APB2PeriphClockCmd
    systemtimer.o(.text) refers to misc.o(.text) for NVIC_PriorityGroupConfig
    systemtimer.o(.text) refers to timers.o(.text) for TIMER_ArrayInit
    systemtimer.o(.text) refers to systemtimer.o(.data) for g_uiSYSTIME
    timers.o(.text) refers to stm32f10x_tim.o(.text) for TIM_ITConfig
    timers.o(.text) refers to timers.o(.bss) for TimersArray
    usart.o(.text) refers to stm32f10x_rcc.o(.text) for RCC_APB2PeriphClockCmd
    usart.o(.text) refers to stm32f10x_gpio.o(.text) for GPIO_Init
    usart.o(.text) refers to stm32f10x_usart.o(.text) for USART_ClockInit
    usart.o(.text) refers to misc.o(.text) for NVIC_PriorityGroupConfig
    usart.o(.text) refers to mbmasterrtu.o(.text) for MBMR_RecFrame
    stm32f10x_adc.o(.text) refers to stm32f10x_rcc.o(.text) for RCC_APB2PeriphResetCmd
    stm32f10x_bkp.o(.text) refers to stm32f10x_rcc.o(.text) for RCC_BackupResetCmd
    stm32f10x_can.o(.text) refers to stm32f10x_rcc.o(.text) for RCC_APB1PeriphResetCmd
    stm32f10x_dac.o(.text) refers to stm32f10x_rcc.o(.text) for RCC_APB1PeriphResetCmd
    stm32f10x_gpio.o(.text) refers to stm32f10x_rcc.o(.text) for RCC_APB2PeriphResetCmd
    stm32f10x_i2c.o(.text) refers to stm32f10x_rcc.o(.text) for RCC_APB1PeriphResetCmd
    stm32f10x_pwr.o(.text) refers to stm32f10x_rcc.o(.text) for RCC_APB1PeriphResetCmd
    stm32f10x_rcc.o(.text) refers to stm32f10x_rcc.o(.data) for APBAHBPrescTable
    stm32f10x_spi.o(.text) refers to stm32f10x_rcc.o(.text) for RCC_APB2PeriphResetCmd
    stm32f10x_tim.o(.text) refers to stm32f10x_rcc.o(.text) for RCC_APB2PeriphResetCmd
    stm32f10x_usart.o(.text) refers to stm32f10x_rcc.o(.text) for RCC_APB2PeriphResetCmd
    stm32f10x_wwdg.o(.text) refers to stm32f10x_rcc.o(.text) for RCC_APB1PeriphResetCmd
    system_stm32f10x.o(.text) refers to system_stm32f10x.o(.data) for SystemCoreClock
    __main.o(!!!main) refers to __rtentry.o(.ARM.Collect$$rtentry$$00000000) for __rt_entry
    __rtentry.o(.ARM.Collect$$rtentry$$00000000) refers (Special) to __rtentry2.o(.ARM.Collect$$rtentry$$0000000A) for __rt_entry_li
    __rtentry.o(.ARM.Collect$$rtentry$$00000000) refers (Special) to __rtentry2.o(.ARM.Collect$$rtentry$$0000000D) for __rt_entry_main
    __rtentry.o(.ARM.Collect$$rtentry$$00000000) refers (Special) to __rtentry2.o(.ARM.Collect$$rtentry$$0000000C) for __rt_entry_postli_1
    __rtentry.o(.ARM.Collect$$rtentry$$00000000) refers (Special) to __rtentry2.o(.ARM.Collect$$rtentry$$00000009) for __rt_entry_postsh_1
    __rtentry.o(.ARM.Collect$$rtentry$$00000000) refers (Special) to __rtentry2.o(.ARM.Collect$$rtentry$$00000002) for __rt_entry_presh_1
    __rtentry.o(.ARM.Collect$$rtentry$$00000000) refers (Special) to __rtentry4.o(.ARM.Collect$$rtentry$$00000004) for __rt_entry_sh
    __rtentry2.o(.ARM.Collect$$rtentry$$00000008) refers to boardinit2.o(.text) for _platform_post_stackheap_init
    __rtentry2.o(.ARM.Collect$$rtentry$$0000000A) refers to libinit.o(.ARM.Collect$$libinit$$00000000) for __rt_lib_init
    __rtentry2.o(.ARM.Collect$$rtentry$$0000000B) refers to boardinit3.o(.text) for _platform_post_lib_init
    __rtentry2.o(.ARM.Collect$$rtentry$$0000000D) refers to main.o(.text) for main
    __rtentry2.o(.ARM.Collect$$rtentry$$0000000D) refers to exit.o(.text) for exit
    __rtentry2.o(.ARM.exidx) refers to __rtentry2.o(.ARM.Collect$$rtentry$$00000001) for .ARM.Collect$$rtentry$$00000001
    __rtentry2.o(.ARM.exidx) refers to __rtentry2.o(.ARM.Collect$$rtentry$$00000008) for .ARM.Collect$$rtentry$$00000008
    __rtentry2.o(.ARM.exidx) refers to __rtentry2.o(.ARM.Collect$$rtentry$$0000000A) for .ARM.Collect$$rtentry$$0000000A
    __rtentry2.o(.ARM.exidx) refers to __rtentry2.o(.ARM.Collect$$rtentry$$0000000B) for .ARM.Collect$$rtentry$$0000000B
    __rtentry2.o(.ARM.exidx) refers to __rtentry2.o(.ARM.Collect$$rtentry$$0000000D) for .ARM.Collect$$rtentry$$0000000D
    __rtentry4.o(.ARM.Collect$$rtentry$$00000004) refers to sys_stackheap_outer.o(.text) for __user_setup_stackheap
    __rtentry4.o(.ARM.exidx) refers to __rtentry4.o(.ARM.Collect$$rtentry$$00000004) for .ARM.Collect$$rtentry$$00000004
    sys_stackheap_outer.o(.text) refers to libspace.o(.text) for __user_perproc_libspace
    sys_stackheap_outer.o(.text) refers to startup_stm32f10x_md.o(.text) for __user_initial_stackheap
    exit.o(.text) refers to rtexit.o(.ARM.Collect$$rtexit$$00000000) for __rt_exit
    libinit.o(.ARM.Collect$$libinit$$00000000) refers (Special) to libinit2.o(.ARM.Collect$$libinit$$0000002E) for __rt_lib_init_alloca_1
    libinit.o(.ARM.Collect$$libinit$$00000000) refers (Special) to libinit2.o(.ARM.Collect$$libinit$$0000002C) for __rt_lib_init_argv_1
    libinit.o(.ARM.Collect$$libinit$$00000000) refers (Special) to libinit2.o(.ARM.Collect$$libinit$$0000001B) for __rt_lib_init_atexit_1
    libinit.o(.ARM.Collect$$libinit$$00000000) refers (Special) to libinit2.o(.ARM.Collect$$libinit$$00000021) for __rt_lib_init_clock_1
    libinit.o(.ARM.Collect$$libinit$$00000000) refers (Special) to libinit2.o(.ARM.Collect$$libinit$$00000032) for __rt_lib_init_cpp_1
    libinit.o(.ARM.Collect$$libinit$$00000000) refers (Special) to libinit2.o(.ARM.Collect$$libinit$$00000030) for __rt_lib_init_exceptions_1
    libinit.o(.ARM.Collect$$libinit$$00000000) refers (Special) to libinit2.o(.ARM.Collect$$libinit$$00000002) for __rt_lib_init_fp_1
    libinit.o(.ARM.Collect$$libinit$$00000000) refers (Special) to libinit2.o(.ARM.Collect$$libinit$$0000001F) for __rt_lib_init_fp_trap_1
    libinit.o(.ARM.Collect$$libinit$$00000000) refers (Special) to libinit2.o(.ARM.Collect$$libinit$$00000023) for __rt_lib_init_getenv_1
    libinit.o(.ARM.Collect$$libinit$$00000000) refers (Special) to libinit2.o(.ARM.Collect$$libinit$$0000000A) for __rt_lib_init_heap_1
    libinit.o(.ARM.Collect$$libinit$$00000000) refers (Special) to libinit2.o(.ARM.Collect$$libinit$$00000011) for __rt_lib_init_lc_collate_1
    libinit.o(.ARM.Collect$$libinit$$00000000) refers (Special) to libinit2.o(.ARM.Collect$$libinit$$00000013) for __rt_lib_init_lc_ctype_1
    libinit.o(.ARM.Collect$$libinit$$00000000) refers (Special) to libinit2.o(.ARM.Collect$$libinit$$00000015) for __rt_lib_init_lc_monetary_1
    libinit.o(.ARM.Collect$$libinit$$00000000) refers (Special) to libinit2.o(.ARM.Collect$$libinit$$00000017) for __rt_lib_init_lc_numeric_1
    libinit.o(.ARM.Collect$$libinit$$00000000) refers (Special) to libinit2.o(.ARM.Collect$$libinit$$00000019) for __rt_lib_init_lc_time_1
    libinit.o(.ARM.Collect$$libinit$$00000000) refers (Special) to libinit2.o(.ARM.Collect$$libinit$$00000004) for __rt_lib_init_preinit_1
    libinit.o(.ARM.Collect$$libinit$$00000000) refers (Special) to libinit2.o(.ARM.Collect$$libinit$$0000000E) for __rt_lib_init_rand_1
    libinit.o(.ARM.Collect$$libinit$$00000000) refers (Special) to libinit2.o(.ARM.Collect$$libinit$$00000033) for __rt_lib_init_return
    libinit.o(.ARM.Collect$$libinit$$00000000) refers (Special) to libinit2.o(.ARM.Collect$$libinit$$0000001D) for __rt_lib_init_signal_1
    libinit.o(.ARM.Collect$$libinit$$00000000) refers (Special) to libinit2.o(.ARM.Collect$$libinit$$00000025) for __rt_lib_init_stdio_1
    libinit.o(.ARM.Collect$$libinit$$00000000) refers (Special) to libinit2.o(.ARM.Collect$$libinit$$0000000C) for __rt_lib_init_user_alloc_1
    libspace.o(.text) refers to libspace.o(.bss) for __libspace_start
    rtexit.o(.ARM.Collect$$rtexit$$00000000) refers (Special) to rtexit2.o(.ARM.Collect$$rtexit$$00000004) for __rt_exit_exit
    rtexit.o(.ARM.Collect$$rtexit$$00000000) refers (Special) to rtexit2.o(.ARM.Collect$$rtexit$$00000003) for __rt_exit_ls
    rtexit.o(.ARM.Collect$$rtexit$$00000000) refers (Special) to rtexit2.o(.ARM.Collect$$rtexit$$00000002) for __rt_exit_prels_1
    rtexit.o(.ARM.exidx) refers (Special) to rtexit2.o(.ARM.Collect$$rtexit$$00000004) for __rt_exit_exit
    rtexit.o(.ARM.exidx) refers (Special) to rtexit2.o(.ARM.Collect$$rtexit$$00000003) for __rt_exit_ls
    rtexit.o(.ARM.exidx) refers (Special) to rtexit2.o(.ARM.Collect$$rtexit$$00000002) for __rt_exit_prels_1
    rtexit.o(.ARM.exidx) refers to rtexit.o(.ARM.Collect$$rtexit$$00000000) for .ARM.Collect$$rtexit$$00000000
    libinit2.o(.ARM.Collect$$libinit$$00000010) refers to libinit2.o(.ARM.Collect$$libinit$$0000000F) for .ARM.Collect$$libinit$$0000000F
    libinit2.o(.ARM.Collect$$libinit$$00000012) refers to libinit2.o(.ARM.Collect$$libinit$$0000000F) for .ARM.Collect$$libinit$$0000000F
    libinit2.o(.ARM.Collect$$libinit$$00000014) refers to libinit2.o(.ARM.Collect$$libinit$$0000000F) for .ARM.Collect$$libinit$$0000000F
    libinit2.o(.ARM.Collect$$libinit$$00000016) refers to libinit2.o(.ARM.Collect$$libinit$$0000000F) for .ARM.Collect$$libinit$$0000000F
    libinit2.o(.ARM.Collect$$libinit$$00000018) refers to libinit2.o(.ARM.Collect$$libinit$$0000000F) for .ARM.Collect$$libinit$$0000000F
    libinit2.o(.ARM.Collect$$libinit$$00000026) refers to argv_veneer.o(.emb_text) for __ARM_argv_veneer
    libinit2.o(.ARM.Collect$$libinit$$00000027) refers to argv_veneer.o(.emb_text) for __ARM_argv_veneer
    rtexit2.o(.ARM.Collect$$rtexit$$00000003) refers to libshutdown.o(.ARM.Collect$$libshutdown$$00000000) for __rt_lib_shutdown
    rtexit2.o(.ARM.Collect$$rtexit$$00000004) refers to sys_exit.o(.text) for _sys_exit
    rtexit2.o(.ARM.exidx) refers to rtexit2.o(.ARM.Collect$$rtexit$$00000001) for .ARM.Collect$$rtexit$$00000001
    rtexit2.o(.ARM.exidx) refers to rtexit2.o(.ARM.Collect$$rtexit$$00000003) for .ARM.Collect$$rtexit$$00000003
    rtexit2.o(.ARM.exidx) refers to rtexit2.o(.ARM.Collect$$rtexit$$00000004) for .ARM.Collect$$rtexit$$00000004
    argv_veneer.o(.emb_text) refers to no_argv.o(.text) for __ARM_get_argv
    sys_exit.o(.text) refers (Special) to use_no_semi.o(.text) for __I$use$semihosting
    sys_exit.o(.text) refers (Special) to indicate_semi.o(.text) for __semihosting_library_function
    _get_argv_nomalloc.o(.text) refers (Special) to hrguard.o(.text) for __heap_region$guard
    _get_argv_nomalloc.o(.text) refers to defsig_rtmem_outer.o(.text) for __rt_SIGRTMEM
    _get_argv_nomalloc.o(.text) refers to sys_command.o(.text) for _sys_command_string
    libshutdown.o(.ARM.Collect$$libshutdown$$00000000) refers (Special) to libshutdown2.o(.ARM.Collect$$libshutdown$$00000002) for __rt_lib_shutdown_cpp_1
    libshutdown.o(.ARM.Collect$$libshutdown$$00000000) refers (Special) to libshutdown2.o(.ARM.Collect$$libshutdown$$00000007) for __rt_lib_shutdown_fp_trap_1
    libshutdown.o(.ARM.Collect$$libshutdown$$00000000) refers (Special) to libshutdown2.o(.ARM.Collect$$libshutdown$$0000000F) for __rt_lib_shutdown_heap_1
    libshutdown.o(.ARM.Collect$$libshutdown$$00000000) refers (Special) to libshutdown2.o(.ARM.Collect$$libshutdown$$00000010) for __rt_lib_shutdown_return
    libshutdown.o(.ARM.Collect$$libshutdown$$00000000) refers (Special) to libshutdown2.o(.ARM.Collect$$libshutdown$$0000000A) for __rt_lib_shutdown_signal_1
    libshutdown.o(.ARM.Collect$$libshutdown$$00000000) refers (Special) to libshutdown2.o(.ARM.Collect$$libshutdown$$00000004) for __rt_lib_shutdown_stdio_1
    libshutdown.o(.ARM.Collect$$libshutdown$$00000000) refers (Special) to libshutdown2.o(.ARM.Collect$$libshutdown$$0000000C) for __rt_lib_shutdown_user_alloc_1
    sys_command.o(.text) refers (Special) to use_no_semi.o(.text) for __I$use$semihosting
    sys_command.o(.text) refers (Special) to indicate_semi.o(.text) for __semihosting_library_function
    defsig_rtmem_outer.o(.text) refers to defsig_rtmem_inner.o(.text) for __rt_SIGRTMEM_inner
    defsig_rtmem_outer.o(.text) refers to defsig_exit.o(.text) for __sig_exit
    defsig_rtmem_formal.o(.text) refers to rt_raise.o(.text) for __rt_raise
    rt_raise.o(.text) refers to __raise.o(.text) for __raise
    rt_raise.o(.text) refers to sys_exit.o(.text) for _sys_exit
    defsig_exit.o(.text) refers to sys_exit.o(.text) for _sys_exit
    defsig_rtmem_inner.o(.text) refers to defsig_general.o(.text) for __default_signal_display
    __raise.o(.text) refers to defsig.o(CL$$defsig) for __default_signal_handler
    defsig_general.o(.text) refers to sys_wrch.o(.text) for _ttywrch
    sys_wrch.o(.text) refers (Special) to use_no_semi.o(.text) for __I$use$semihosting
    sys_wrch.o(.text) refers (Special) to indicate_semi.o(.text) for __semihosting_library_function
    defsig.o(CL$$defsig) refers to defsig_rtmem_inner.o(.text) for __rt_SIGRTMEM_inner
    defsig_abrt_inner.o(.text) refers to defsig_general.o(.text) for __default_signal_display
    defsig_fpe_inner.o(.text) refers to defsig_general.o(.text) for __default_signal_display
    defsig_rtred_inner.o(.text) refers to defsig_general.o(.text) for __default_signal_display
    defsig_stak_inner.o(.text) refers to defsig_general.o(.text) for __default_signal_display
    defsig_pvfn_inner.o(.text) refers to defsig_general.o(.text) for __default_signal_display
    defsig_cppl_inner.o(.text) refers to defsig_general.o(.text) for __default_signal_display
    defsig_segv_inner.o(.text) refers to defsig_general.o(.text) for __default_signal_display
    defsig_other.o(.text) refers to defsig_general.o(.text) for __default_signal_display


==============================================================================

Removing Unused input sections from the image.

    Removing stm32f10x_adc.o(.text), (1102 bytes).
    Removing stm32f10x_bkp.o(.text), (196 bytes).
    Removing stm32f10x_can.o(.text), (2000 bytes).
    Removing stm32f10x_crc.o(.text), (72 bytes).
    Removing stm32f10x_dac.o(.text), (396 bytes).
    Removing stm32f10x_dbgmcu.o(.text), (48 bytes).
    Removing stm32f10x_dma.o(.text), (588 bytes).
    Removing stm32f10x_exti.o(.text), (284 bytes).
    Removing stm32f10x_fsmc.o(.text), (1540 bytes).
    Removing stm32f10x_i2c.o(.text), (996 bytes).
    Removing stm32f10x_iwdg.o(.text), (64 bytes).
    Removing stm32f10x_pwr.o(.text), (192 bytes).
    Removing stm32f10x_rtc.o(.text), (328 bytes).
    Removing stm32f10x_sdio.o(.text), (468 bytes).
    Removing stm32f10x_spi.o(.text), (780 bytes).
    Removing stm32f10x_wwdg.o(.text), (136 bytes).
    Removing core_cm3.o(.emb_text), (32 bytes).
    Removing system_stm32f10x.o(.text), (468 bytes).
    Removing system_stm32f10x.o(.data), (20 bytes).

19 unused section(s) (total 9710 bytes) removed from the image.

==============================================================================

Image Symbol Table

    Local Symbols

    Symbol Name                              Value     Ov Type        Size  Object(Section)

    ../clib/angel/boardlib.s                 0x00000000   Number         0  boardinit1.o ABSOLUTE
    ../clib/angel/boardlib.s                 0x00000000   Number         0  boardinit2.o ABSOLUTE
    ../clib/angel/boardlib.s                 0x00000000   Number         0  boardshut.o ABSOLUTE
    ../clib/angel/boardlib.s                 0x00000000   Number         0  boardinit3.o ABSOLUTE
    ../clib/angel/dczerorl2.s                0x00000000   Number         0  __dczerorl2.o ABSOLUTE
    ../clib/angel/handlers.s                 0x00000000   Number         0  __scatter_zi.o ABSOLUTE
    ../clib/angel/kernel.s                   0x00000000   Number         0  __rtentry.o ABSOLUTE
    ../clib/angel/kernel.s                   0x00000000   Number         0  rtexit2.o ABSOLUTE
    ../clib/angel/kernel.s                   0x00000000   Number         0  rtexit.o ABSOLUTE
    ../clib/angel/kernel.s                   0x00000000   Number         0  __rtentry4.o ABSOLUTE
    ../clib/angel/kernel.s                   0x00000000   Number         0  __rtentry2.o ABSOLUTE
    ../clib/angel/rt.s                       0x00000000   Number         0  rt_raise.o ABSOLUTE
    ../clib/angel/scatter.s                  0x00000000   Number         0  __scatter.o ABSOLUTE
    ../clib/angel/startup.s                  0x00000000   Number         0  __main.o ABSOLUTE
    ../clib/angel/sys.s                      0x00000000   Number         0  sys_stackheap_outer.o ABSOLUTE
    ../clib/angel/sys.s                      0x00000000   Number         0  indicate_semi.o ABSOLUTE
    ../clib/angel/sys.s                      0x00000000   Number         0  libspace.o ABSOLUTE
    ../clib/angel/sys.s                      0x00000000   Number         0  use_no_semi.o ABSOLUTE
    ../clib/angel/sysapp.c                   0x00000000   Number         0  sys_exit.o ABSOLUTE
    ../clib/angel/sysapp.c                   0x00000000   Number         0  sys_wrch.o ABSOLUTE
    ../clib/angel/sysapp.c                   0x00000000   Number         0  sys_command.o ABSOLUTE
    ../clib/armsys.c                         0x00000000   Number         0  argv_veneer.o ABSOLUTE
    ../clib/armsys.c                         0x00000000   Number         0  argv_veneer.o ABSOLUTE
    ../clib/armsys.c                         0x00000000   Number         0  no_argv.o ABSOLUTE
    ../clib/armsys.c                         0x00000000   Number         0  _get_argv_nomalloc.o ABSOLUTE
    ../clib/heapalloc.c                      0x00000000   Number         0  hrguard.o ABSOLUTE
    ../clib/heapaux.c                        0x00000000   Number         0  heapauxi.o ABSOLUTE
    ../clib/libinit.s                        0x00000000   Number         0  libshutdown.o ABSOLUTE
    ../clib/libinit.s                        0x00000000   Number         0  libinit.o ABSOLUTE
    ../clib/libinit.s                        0x00000000   Number         0  libshutdown2.o ABSOLUTE
    ../clib/libinit.s                        0x00000000   Number         0  libinit2.o ABSOLUTE
    ../clib/signal.c                         0x00000000   Number         0  defsig_other.o ABSOLUTE
    ../clib/signal.c                         0x00000000   Number         0  defsig_segv_inner.o ABSOLUTE
    ../clib/signal.c                         0x00000000   Number         0  defsig_general.o ABSOLUTE
    ../clib/signal.c                         0x00000000   Number         0  defsig_rtmem_outer.o ABSOLUTE
    ../clib/signal.c                         0x00000000   Number         0  defsig_abrt_inner.o ABSOLUTE
    ../clib/signal.c                         0x00000000   Number         0  defsig_fpe_inner.o ABSOLUTE
    ../clib/signal.c                         0x00000000   Number         0  defsig_rtmem_inner.o ABSOLUTE
    ../clib/signal.c                         0x00000000   Number         0  defsig_rtred_inner.o ABSOLUTE
    ../clib/signal.c                         0x00000000   Number         0  defsig_stak_inner.o ABSOLUTE
    ../clib/signal.c                         0x00000000   Number         0  defsig_pvfn_inner.o ABSOLUTE
    ../clib/signal.c                         0x00000000   Number         0  __raise.o ABSOLUTE
    ../clib/signal.c                         0x00000000   Number         0  defsig_exit.o ABSOLUTE
    ../clib/signal.c                         0x00000000   Number         0  defsig_rtmem_formal.o ABSOLUTE
    ../clib/signal.c                         0x00000000   Number         0  defsig_cppl_inner.o ABSOLUTE
    ../clib/signal.s                         0x00000000   Number         0  defsig.o ABSOLUTE
    ../clib/stdlib.c                         0x00000000   Number         0  exit.o ABSOLUTE
    ../fplib/fpinit.s                        0x00000000   Number         0  fpinit.o ABSOLUTE
    ..\Libraries\CMSIS\Core\CM3\core_cm3.c   0x00000000   Number         0  core_cm3.o ABSOLUTE
    ..\Libraries\CMSIS\Core\CM3\startup\arm\startup_stm32f10x_md.s 0x00000000   Number         0  startup_stm32f10x_md.o ABSOLUTE
    ..\Libraries\CMSIS\Core\CM3\system_stm32f10x.c 0x00000000   Number         0  system_stm32f10x.o ABSOLUTE
    ..\Libraries\STM32F10x_StdPeriph_Driver\src\misc.c 0x00000000   Number         0  misc.o ABSOLUTE
    ..\Libraries\STM32F10x_StdPeriph_Driver\src\stm32f10x_adc.c 0x00000000   Number         0  stm32f10x_adc.o ABSOLUTE
    ..\Libraries\STM32F10x_StdPeriph_Driver\src\stm32f10x_bkp.c 0x00000000   Number         0  stm32f10x_bkp.o ABSOLUTE
    ..\Libraries\STM32F10x_StdPeriph_Driver\src\stm32f10x_can.c 0x00000000   Number         0  stm32f10x_can.o ABSOLUTE
    ..\Libraries\STM32F10x_StdPeriph_Driver\src\stm32f10x_crc.c 0x00000000   Number         0  stm32f10x_crc.o ABSOLUTE
    ..\Libraries\STM32F10x_StdPeriph_Driver\src\stm32f10x_dac.c 0x00000000   Number         0  stm32f10x_dac.o ABSOLUTE
    ..\Libraries\STM32F10x_StdPeriph_Driver\src\stm32f10x_dbgmcu.c 0x00000000   Number         0  stm32f10x_dbgmcu.o ABSOLUTE
    ..\Libraries\STM32F10x_StdPeriph_Driver\src\stm32f10x_dma.c 0x00000000   Number         0  stm32f10x_dma.o ABSOLUTE
    ..\Libraries\STM32F10x_StdPeriph_Driver\src\stm32f10x_exti.c 0x00000000   Number         0  stm32f10x_exti.o ABSOLUTE
    ..\Libraries\STM32F10x_StdPeriph_Driver\src\stm32f10x_flash.c 0x00000000   Number         0  stm32f10x_flash.o ABSOLUTE
    ..\Libraries\STM32F10x_StdPeriph_Driver\src\stm32f10x_fsmc.c 0x00000000   Number         0  stm32f10x_fsmc.o ABSOLUTE
    ..\Libraries\STM32F10x_StdPeriph_Driver\src\stm32f10x_gpio.c 0x00000000   Number         0  stm32f10x_gpio.o ABSOLUTE
    ..\Libraries\STM32F10x_StdPeriph_Driver\src\stm32f10x_i2c.c 0x00000000   Number         0  stm32f10x_i2c.o ABSOLUTE
    ..\Libraries\STM32F10x_StdPeriph_Driver\src\stm32f10x_iwdg.c 0x00000000   Number         0  stm32f10x_iwdg.o ABSOLUTE
    ..\Libraries\STM32F10x_StdPeriph_Driver\src\stm32f10x_pwr.c 0x00000000   Number         0  stm32f10x_pwr.o ABSOLUTE
    ..\Libraries\STM32F10x_StdPeriph_Driver\src\stm32f10x_rcc.c 0x00000000   Number         0  stm32f10x_rcc.o ABSOLUTE
    ..\Libraries\STM32F10x_StdPeriph_Driver\src\stm32f10x_rtc.c 0x00000000   Number         0  stm32f10x_rtc.o ABSOLUTE
    ..\Libraries\STM32F10x_StdPeriph_Driver\src\stm32f10x_sdio.c 0x00000000   Number         0  stm32f10x_sdio.o ABSOLUTE
    ..\Libraries\STM32F10x_StdPeriph_Driver\src\stm32f10x_spi.c 0x00000000   Number         0  stm32f10x_spi.o ABSOLUTE
    ..\Libraries\STM32F10x_StdPeriph_Driver\src\stm32f10x_tim.c 0x00000000   Number         0  stm32f10x_tim.o ABSOLUTE
    ..\Libraries\STM32F10x_StdPeriph_Driver\src\stm32f10x_usart.c 0x00000000   Number         0  stm32f10x_usart.o ABSOLUTE
    ..\Libraries\STM32F10x_StdPeriph_Driver\src\stm32f10x_wwdg.c 0x00000000   Number         0  stm32f10x_wwdg.o ABSOLUTE
    ..\SRC\Comunication.c                    0x00000000   Number         0  comunication.o ABSOLUTE
    ..\SRC\MBMasterFunc.c                    0x00000000   Number         0  mbmasterfunc.o ABSOLUTE
    ..\SRC\MBMasterRtu.c                     0x00000000   Number         0  mbmasterrtu.o ABSOLUTE
    ..\SRC\MBMasterTimer.c                   0x00000000   Number         0  mbmastertimer.o ABSOLUTE
    ..\SRC\MBcrc.c                           0x00000000   Number         0  mbcrc.o ABSOLUTE
    ..\SRC\ModbusMaster.c                    0x00000000   Number         0  modbusmaster.o ABSOLUTE
    ..\SRC\Quene.c                           0x00000000   Number         0  quene.o ABSOLUTE
    ..\SRC\SystemInit.c                      0x00000000   Number         0  systeminit.o ABSOLUTE
    ..\SRC\SystemTimer.c                     0x00000000   Number         0  systemtimer.o ABSOLUTE
    ..\SRC\Timers.c                          0x00000000   Number         0  timers.o ABSOLUTE
    ..\SRC\Usart.c                           0x00000000   Number         0  usart.o ABSOLUTE
    ..\SRC\main.c                            0x00000000   Number         0  main.o ABSOLUTE
    ..\SRC\stm32f10x_it.c                    0x00000000   Number         0  stm32f10x_it.o ABSOLUTE
    ..\\Libraries\\CMSIS\\Core\\CM3\\core_cm3.c 0x00000000   Number         0  core_cm3.o ABSOLUTE
    dc.s                                     0x00000000   Number         0  dc.o ABSOLUTE
    RESET                                    0x08000000   Section      236  startup_stm32f10x_md.o(RESET)
    !!!main                                  0x080000ec   Section        8  __main.o(!!!main)
    !!!scatter                               0x080000f4   Section       52  __scatter.o(!!!scatter)
    !!dczerorl2                              0x08000128   Section       90  __dczerorl2.o(!!dczerorl2)
    !!handler_zi                             0x08000184   Section       28  __scatter_zi.o(!!handler_zi)
    .ARM.Collect$$libinit$$00000000          0x080001a0   Section        2  libinit.o(.ARM.Collect$$libinit$$00000000)
    .ARM.Collect$$libinit$$00000002          0x080001a2   Section        0  libinit2.o(.ARM.Collect$$libinit$$00000002)
    .ARM.Collect$$libinit$$00000004          0x080001a2   Section        0  libinit2.o(.ARM.Collect$$libinit$$00000004)
    .ARM.Collect$$libinit$$0000000A          0x080001a2   Section        0  libinit2.o(.ARM.Collect$$libinit$$0000000A)
    .ARM.Collect$$libinit$$0000000C          0x080001a2   Section        0  libinit2.o(.ARM.Collect$$libinit$$0000000C)
    .ARM.Collect$$libinit$$0000000E          0x080001a2   Section        0  libinit2.o(.ARM.Collect$$libinit$$0000000E)
    .ARM.Collect$$libinit$$00000011          0x080001a2   Section        0  libinit2.o(.ARM.Collect$$libinit$$00000011)
    .ARM.Collect$$libinit$$00000013          0x080001a2   Section        0  libinit2.o(.ARM.Collect$$libinit$$00000013)
    .ARM.Collect$$libinit$$00000015          0x080001a2   Section        0  libinit2.o(.ARM.Collect$$libinit$$00000015)
    .ARM.Collect$$libinit$$00000017          0x080001a2   Section        0  libinit2.o(.ARM.Collect$$libinit$$00000017)
    .ARM.Collect$$libinit$$00000019          0x080001a2   Section        0  libinit2.o(.ARM.Collect$$libinit$$00000019)
    .ARM.Collect$$libinit$$0000001B          0x080001a2   Section        0  libinit2.o(.ARM.Collect$$libinit$$0000001B)
    .ARM.Collect$$libinit$$0000001D          0x080001a2   Section        0  libinit2.o(.ARM.Collect$$libinit$$0000001D)
    .ARM.Collect$$libinit$$0000001F          0x080001a2   Section        0  libinit2.o(.ARM.Collect$$libinit$$0000001F)
    .ARM.Collect$$libinit$$00000021          0x080001a2   Section        0  libinit2.o(.ARM.Collect$$libinit$$00000021)
    .ARM.Collect$$libinit$$00000023          0x080001a2   Section        0  libinit2.o(.ARM.Collect$$libinit$$00000023)
    .ARM.Collect$$libinit$$00000025          0x080001a2   Section        0  libinit2.o(.ARM.Collect$$libinit$$00000025)
    .ARM.Collect$$libinit$$0000002C          0x080001a2   Section        0  libinit2.o(.ARM.Collect$$libinit$$0000002C)
    .ARM.Collect$$libinit$$0000002E          0x080001a2   Section        0  libinit2.o(.ARM.Collect$$libinit$$0000002E)
    .ARM.Collect$$libinit$$00000030          0x080001a2   Section        0  libinit2.o(.ARM.Collect$$libinit$$00000030)
    .ARM.Collect$$libinit$$00000032          0x080001a2   Section        0  libinit2.o(.ARM.Collect$$libinit$$00000032)
    .ARM.Collect$$libinit$$00000033          0x080001a2   Section        2  libinit2.o(.ARM.Collect$$libinit$$00000033)
    .ARM.Collect$$libshutdown$$00000000      0x080001a4   Section        2  libshutdown.o(.ARM.Collect$$libshutdown$$00000000)
    .ARM.Collect$$libshutdown$$00000002      0x080001a6   Section        0  libshutdown2.o(.ARM.Collect$$libshutdown$$00000002)
    .ARM.Collect$$libshutdown$$00000004      0x080001a6   Section        0  libshutdown2.o(.ARM.Collect$$libshutdown$$00000004)
    .ARM.Collect$$libshutdown$$00000007      0x080001a6   Section        0  libshutdown2.o(.ARM.Collect$$libshutdown$$00000007)
    .ARM.Collect$$libshutdown$$0000000A      0x080001a6   Section        0  libshutdown2.o(.ARM.Collect$$libshutdown$$0000000A)
    .ARM.Collect$$libshutdown$$0000000C      0x080001a6   Section        0  libshutdown2.o(.ARM.Collect$$libshutdown$$0000000C)
    .ARM.Collect$$libshutdown$$0000000F      0x080001a6   Section        0  libshutdown2.o(.ARM.Collect$$libshutdown$$0000000F)
    .ARM.Collect$$libshutdown$$00000010      0x080001a6   Section        2  libshutdown2.o(.ARM.Collect$$libshutdown$$00000010)
    .ARM.Collect$$rtentry$$00000000          0x080001a8   Section        0  __rtentry.o(.ARM.Collect$$rtentry$$00000000)
    .ARM.Collect$$rtentry$$00000002          0x080001a8   Section        0  __rtentry2.o(.ARM.Collect$$rtentry$$00000002)
    .ARM.Collect$$rtentry$$00000004          0x080001a8   Section        6  __rtentry4.o(.ARM.Collect$$rtentry$$00000004)
    .ARM.Collect$$rtentry$$00000009          0x080001ae   Section        0  __rtentry2.o(.ARM.Collect$$rtentry$$00000009)
    .ARM.Collect$$rtentry$$0000000A          0x080001ae   Section        4  __rtentry2.o(.ARM.Collect$$rtentry$$0000000A)
    .ARM.Collect$$rtentry$$0000000C          0x080001b2   Section        0  __rtentry2.o(.ARM.Collect$$rtentry$$0000000C)
    .ARM.Collect$$rtentry$$0000000D          0x080001b2   Section        8  __rtentry2.o(.ARM.Collect$$rtentry$$0000000D)
    .ARM.Collect$$rtexit$$00000000           0x080001ba   Section        2  rtexit.o(.ARM.Collect$$rtexit$$00000000)
    .ARM.Collect$$rtexit$$00000002           0x080001bc   Section        0  rtexit2.o(.ARM.Collect$$rtexit$$00000002)
    .ARM.Collect$$rtexit$$00000003           0x080001bc   Section        4  rtexit2.o(.ARM.Collect$$rtexit$$00000003)
    .ARM.Collect$$rtexit$$00000004           0x080001c0   Section        6  rtexit2.o(.ARM.Collect$$rtexit$$00000004)
    .text                                    0x080001c8   Section       56  startup_stm32f10x_md.o(.text)
    .text                                    0x08000200   Section        0  comunication.o(.text)
    .text                                    0x08000230   Section        0  main.o(.text)
    DemoBLS                                  0x08000231   Thumb Code   238  main.o(.text)
    DemoNS                                   0x0800031f   Thumb Code   250  main.o(.text)
    .text                                    0x0800043c   Section        0  mbcrc.o(.text)
    .text                                    0x08000474   Section        0  mbmasterfunc.o(.text)
    .text                                    0x08000790   Section        0  mbmasterrtu.o(.text)
    .text                                    0x08000920   Section        0  mbmastertimer.o(.text)
    TIM2_Configuration                       0x08000921   Thumb Code   114  mbmastertimer.o(.text)
    SoftTimer_init                           0x0800099b   Thumb Code    52  mbmastertimer.o(.text)
    .text                                    0x08000a64   Section        0  modbusmaster.o(.text)
    MbRecComplete                            0x08000b93   Thumb Code   182  modbusmaster.o(.text)
    MbSndReady                               0x08000c49   Thumb Code    22  modbusmaster.o(.text)
    .text                                    0x08000d14   Section        0  quene.o(.text)
    .text                                    0x08000db0   Section        0  stm32f10x_it.o(.text)
    .text                                    0x08000dca   Section        0  systeminit.o(.text)
    .text                                    0x08000e48   Section        0  systemtimer.o(.text)
    TIM1_Configuration                       0x08000e6f   Thumb Code   100  systemtimer.o(.text)
    .text                                    0x08000f28   Section        0  timers.o(.text)
    .text                                    0x080010dc   Section        0  usart.o(.text)
    USART1_GPIOConfiguration                 0x080010dd   Thumb Code   106  usart.o(.text)
    .text                                    0x080012d0   Section        0  misc.o(.text)
    .text                                    0x080013ac   Section        0  stm32f10x_flash.o(.text)
    delay                                    0x08001435   Thumb Code    26  stm32f10x_flash.o(.text)
    .text                                    0x080018e0   Section        0  stm32f10x_gpio.o(.text)
    .text                                    0x08001c1c   Section        0  stm32f10x_rcc.o(.text)
    .text                                    0x08001fc0   Section        0  stm32f10x_tim.o(.text)
    TI4_Config                               0x080022cd   Thumb Code    80  stm32f10x_tim.o(.text)
    TI3_Config                               0x0800232f   Thumb Code    72  stm32f10x_tim.o(.text)
    TI2_Config                               0x08002391   Thumb Code   110  stm32f10x_tim.o(.text)
    TI1_Config                               0x08002411   Thumb Code    56  stm32f10x_tim.o(.text)
    .text                                    0x08002b58   Section        0  stm32f10x_usart.o(.text)
    .text                                    0x08002efc   Section        0  heapauxi.o(.text)
    .text                                    0x08002f02   Section       74  sys_stackheap_outer.o(.text)
    .text                                    0x08002f4c   Section        0  exit.o(.text)
    .text                                    0x08002f60   Section        8  libspace.o(.text)
    .text                                    0x08002f68   Section        0  sys_exit.o(.text)
    .text                                    0x08002f74   Section        2  use_no_semi.o(.text)
    .text                                    0x08002f76   Section        0  indicate_semi.o(.text)
    .constdata                               0x08002f78   Section       16  main.o(.constdata)
    .data                                    0x20000000   Section       48  comunication.o(.data)
    BaudRate                                 0x20000000   Data          32  comunication.o(.data)
    ParityrAra                               0x20000020   Data           8  comunication.o(.data)
    DataBit                                  0x20000028   Data           4  comunication.o(.data)
    StopBit                                  0x2000002c   Data           4  comunication.o(.data)
    .data                                    0x20000030   Section       16  main.o(.data)
    state                                    0x20000030   Data           4  main.o(.data)
    value                                    0x20000034   Data           4  main.o(.data)
    state                                    0x20000038   Data           4  main.o(.data)
    value                                    0x2000003c   Data           4  main.o(.data)
    .data                                    0x20000040   Section      512  mbcrc.o(.data)
    auchCRCHi                                0x20000040   Data         256  mbcrc.o(.data)
    auchCRCLo                                0x20000140   Data         256  mbcrc.o(.data)
    .data                                    0x20000240   Section       18  mbmasterrtu.o(.data)
    Mbmasterbuf                              0x20000240   Data          16  mbmasterrtu.o(.data)
    Rxstate                                  0x20000250   Data           1  mbmasterrtu.o(.data)
    Txstate                                  0x20000251   Data           1  mbmasterrtu.o(.data)
    .data                                    0x20000254   Section        5  mbmastertimer.o(.data)
    MRTimeOutHandler                         0x20000254   Data           4  mbmastertimer.o(.data)
    MRTimer                                  0x20000258   Data           1  mbmastertimer.o(.data)
    .data                                    0x2000025c   Section      112  modbusmaster.o(.data)
    MasterMode                               0x2000025c   Data           1  modbusmaster.o(.data)
    pMBDataReg                               0x20000260   Data           4  modbusmaster.o(.data)
    Slaveaddr                                0x20000264   Data           2  modbusmaster.o(.data)
    MBErrCode                                0x20000266   Data           1  modbusmaster.o(.data)
    MBEvent                                  0x20000267   Data           1  modbusmaster.o(.data)
    MMreadholdreg                            0x20000268   Data          20  modbusmaster.o(.data)
    MMwirtereg                               0x2000027c   Data          20  modbusmaster.o(.data)
    MMwirtemulreg                            0x20000290   Data          28  modbusmaster.o(.data)
    FCRecHANDLER                             0x200002ac   Data          32  modbusmaster.o(.data)
    .data                                    0x200002cc   Section        4  systemtimer.o(.data)
    g_uiSYSTIME                              0x200002cc   Data           4  systemtimer.o(.data)
    .data                                    0x200002d0   Section       20  stm32f10x_rcc.o(.data)
    APBAHBPrescTable                         0x200002d0   Data          16  stm32f10x_rcc.o(.data)
    ADCPrescTable                            0x200002e0   Data           4  stm32f10x_rcc.o(.data)
    .bss                                     0x200002e4   Section      512  mbmasterrtu.o(.bss)
    MasterBuf                                0x200002e4   Data         512  mbmasterrtu.o(.bss)
    .bss                                     0x200004e4   Section      320  modbusmaster.o(.bss)
    uiDataReg                                0x200004e4   Data         160  modbusmaster.o(.bss)
    Sndreg                                   0x20000584   Data         160  modbusmaster.o(.bss)
    .bss                                     0x20000624   Section      288  timers.o(.bss)
    .bss                                     0x20000744   Section       96  libspace.o(.bss)
    HEAP                                     0x200007a8   Section    12288  startup_stm32f10x_md.o(HEAP)
    Heap_Mem                                 0x200007a8   Data       12288  startup_stm32f10x_md.o(HEAP)
    STACK                                    0x200037a8   Section     4096  startup_stm32f10x_md.o(STACK)
    Stack_Mem                                0x200037a8   Data        4096  startup_stm32f10x_md.o(STACK)
    __initial_sp                             0x200047a8   Data           0  startup_stm32f10x_md.o(STACK)

    Global Symbols

    Symbol Name                              Value     Ov Type        Size  Object(Section)

    BuildAttributes$$THM_ISAv4$P$D$K$B$S$PE$A:L22UL41UL21$X:L11$S22US41US21$IEEE1$IW$USESV6$~STKCKD$USESV7$~SHL$OSPACE$ROPI$EBA8$UX$STANDARDLIB$REQ8$PRES8$EABIv2 0x00000000   Number         0  anon$$obj.o ABSOLUTE
    __ARM_use_no_argv                        0x00000000   Number         0  main.o ABSOLUTE
    __ARM_exceptions_init                     - Undefined Weak Reference
    __alloca_initialize                       - Undefined Weak Reference
    __arm_preinit_                            - Undefined Weak Reference
    __cpp_initialize__aeabi_                  - Undefined Weak Reference
    __cxa_finalize                            - Undefined Weak Reference
    __rt_locale                               - Undefined Weak Reference
    __sigvec_lookup                           - Undefined Weak Reference
    _atexit_init                              - Undefined Weak Reference
    _call_atexit_fns                          - Undefined Weak Reference
    _clock_init                               - Undefined Weak Reference
    _fp_trap_init                             - Undefined Weak Reference
    _fp_trap_shutdown                         - Undefined Weak Reference
    _get_lc_collate                           - Undefined Weak Reference
    _get_lc_ctype                             - Undefined Weak Reference
    _get_lc_monetary                          - Undefined Weak Reference
    _get_lc_numeric                           - Undefined Weak Reference
    _get_lc_time                              - Undefined Weak Reference
    _getenv_init                              - Undefined Weak Reference
    _handle_redirection                       - Undefined Weak Reference
    _init_alloc                               - Undefined Weak Reference
    _init_user_alloc                          - Undefined Weak Reference
    _initio                                   - Undefined Weak Reference
    _rand_init                                - Undefined Weak Reference
    _signal_finish                            - Undefined Weak Reference
    _signal_init                              - Undefined Weak Reference
    _terminate_alloc                          - Undefined Weak Reference
    _terminate_user_alloc                     - Undefined Weak Reference
    _terminateio                              - Undefined Weak Reference
    __Vectors_Size                           0x000000ec   Number         0  startup_stm32f10x_md.o ABSOLUTE
    __Vectors                                0x08000000   Data           4  startup_stm32f10x_md.o(RESET)
    __Vectors_End                            0x080000ec   Data           0  startup_stm32f10x_md.o(RESET)
    __main                                   0x080000ed   Thumb Code     8  __main.o(!!!main)
    __scatterload                            0x080000f5   Thumb Code     0  __scatter.o(!!!scatter)
    __scatterload_rt2                        0x080000f5   Thumb Code    44  __scatter.o(!!!scatter)
    __scatterload_rt2_thumb_only             0x080000f5   Thumb Code     0  __scatter.o(!!!scatter)
    __scatterload_null                       0x08000103   Thumb Code     0  __scatter.o(!!!scatter)
    __decompress                             0x08000129   Thumb Code    90  __dczerorl2.o(!!dczerorl2)
    __decompress1                            0x08000129   Thumb Code     0  __dczerorl2.o(!!dczerorl2)
    __scatterload_zeroinit                   0x08000185   Thumb Code    28  __scatter_zi.o(!!handler_zi)
    __rt_lib_init                            0x080001a1   Thumb Code     0  libinit.o(.ARM.Collect$$libinit$$00000000)
    __rt_lib_init_alloca_1                   0x080001a3   Thumb Code     0  libinit2.o(.ARM.Collect$$libinit$$0000002E)
    __rt_lib_init_argv_1                     0x080001a3   Thumb Code     0  libinit2.o(.ARM.Collect$$libinit$$0000002C)
    __rt_lib_init_atexit_1                   0x080001a3   Thumb Code     0  libinit2.o(.ARM.Collect$$libinit$$0000001B)
    __rt_lib_init_clock_1                    0x080001a3   Thumb Code     0  libinit2.o(.ARM.Collect$$libinit$$00000021)
    __rt_lib_init_cpp_1                      0x080001a3   Thumb Code     0  libinit2.o(.ARM.Collect$$libinit$$00000032)
    __rt_lib_init_exceptions_1               0x080001a3   Thumb Code     0  libinit2.o(.ARM.Collect$$libinit$$00000030)
    __rt_lib_init_fp_1                       0x080001a3   Thumb Code     0  libinit2.o(.ARM.Collect$$libinit$$00000002)
    __rt_lib_init_fp_trap_1                  0x080001a3   Thumb Code     0  libinit2.o(.ARM.Collect$$libinit$$0000001F)
    __rt_lib_init_getenv_1                   0x080001a3   Thumb Code     0  libinit2.o(.ARM.Collect$$libinit$$00000023)
    __rt_lib_init_heap_1                     0x080001a3   Thumb Code     0  libinit2.o(.ARM.Collect$$libinit$$0000000A)
    __rt_lib_init_lc_collate_1               0x080001a3   Thumb Code     0  libinit2.o(.ARM.Collect$$libinit$$00000011)
    __rt_lib_init_lc_ctype_1                 0x080001a3   Thumb Code     0  libinit2.o(.ARM.Collect$$libinit$$00000013)
    __rt_lib_init_lc_monetary_1              0x080001a3   Thumb Code     0  libinit2.o(.ARM.Collect$$libinit$$00000015)
    __rt_lib_init_lc_numeric_1               0x080001a3   Thumb Code     0  libinit2.o(.ARM.Collect$$libinit$$00000017)
    __rt_lib_init_lc_time_1                  0x080001a3   Thumb Code     0  libinit2.o(.ARM.Collect$$libinit$$00000019)
    __rt_lib_init_preinit_1                  0x080001a3   Thumb Code     0  libinit2.o(.ARM.Collect$$libinit$$00000004)
    __rt_lib_init_rand_1                     0x080001a3   Thumb Code     0  libinit2.o(.ARM.Collect$$libinit$$0000000E)
    __rt_lib_init_return                     0x080001a3   Thumb Code     0  libinit2.o(.ARM.Collect$$libinit$$00000033)
    __rt_lib_init_signal_1                   0x080001a3   Thumb Code     0  libinit2.o(.ARM.Collect$$libinit$$0000001D)
    __rt_lib_init_stdio_1                    0x080001a3   Thumb Code     0  libinit2.o(.ARM.Collect$$libinit$$00000025)
    __rt_lib_init_user_alloc_1               0x080001a3   Thumb Code     0  libinit2.o(.ARM.Collect$$libinit$$0000000C)
    __rt_lib_shutdown                        0x080001a5   Thumb Code     0  libshutdown.o(.ARM.Collect$$libshutdown$$00000000)
    __rt_lib_shutdown_cpp_1                  0x080001a7   Thumb Code     0  libshutdown2.o(.ARM.Collect$$libshutdown$$00000002)
    __rt_lib_shutdown_fp_trap_1              0x080001a7   Thumb Code     0  libshutdown2.o(.ARM.Collect$$libshutdown$$00000007)
    __rt_lib_shutdown_heap_1                 0x080001a7   Thumb Code     0  libshutdown2.o(.ARM.Collect$$libshutdown$$0000000F)
    __rt_lib_shutdown_return                 0x080001a7   Thumb Code     0  libshutdown2.o(.ARM.Collect$$libshutdown$$00000010)
    __rt_lib_shutdown_signal_1               0x080001a7   Thumb Code     0  libshutdown2.o(.ARM.Collect$$libshutdown$$0000000A)
    __rt_lib_shutdown_stdio_1                0x080001a7   Thumb Code     0  libshutdown2.o(.ARM.Collect$$libshutdown$$00000004)
    __rt_lib_shutdown_user_alloc_1           0x080001a7   Thumb Code     0  libshutdown2.o(.ARM.Collect$$libshutdown$$0000000C)
    __rt_entry                               0x080001a9   Thumb Code     0  __rtentry.o(.ARM.Collect$$rtentry$$00000000)
    __rt_entry_presh_1                       0x080001a9   Thumb Code     0  __rtentry2.o(.ARM.Collect$$rtentry$$00000002)
    __rt_entry_sh                            0x080001a9   Thumb Code     0  __rtentry4.o(.ARM.Collect$$rtentry$$00000004)
    __rt_entry_li                            0x080001af   Thumb Code     0  __rtentry2.o(.ARM.Collect$$rtentry$$0000000A)
    __rt_entry_postsh_1                      0x080001af   Thumb Code     0  __rtentry2.o(.ARM.Collect$$rtentry$$00000009)
    __rt_entry_main                          0x080001b3   Thumb Code     0  __rtentry2.o(.ARM.Collect$$rtentry$$0000000D)
    __rt_entry_postli_1                      0x080001b3   Thumb Code     0  __rtentry2.o(.ARM.Collect$$rtentry$$0000000C)
    __rt_exit                                0x080001bb   Thumb Code     0  rtexit.o(.ARM.Collect$$rtexit$$00000000)
    __rt_exit_ls                             0x080001bd   Thumb Code     0  rtexit2.o(.ARM.Collect$$rtexit$$00000003)
    __rt_exit_prels_1                        0x080001bd   Thumb Code     0  rtexit2.o(.ARM.Collect$$rtexit$$00000002)
    __rt_exit_exit                           0x080001c1   Thumb Code     0  rtexit2.o(.ARM.Collect$$rtexit$$00000004)
    Reset_Handler                            0x080001c9   Thumb Code     4  startup_stm32f10x_md.o(.text)
    ADC1_2_IRQHandler                        0x080001df   Thumb Code     0  startup_stm32f10x_md.o(.text)
    CAN1_RX1_IRQHandler                      0x080001df   Thumb Code     0  startup_stm32f10x_md.o(.text)
    CAN1_SCE_IRQHandler                      0x080001df   Thumb Code     0  startup_stm32f10x_md.o(.text)
    DMA1_Channel1_IRQHandler                 0x080001df   Thumb Code     0  startup_stm32f10x_md.o(.text)
    DMA1_Channel2_IRQHandler                 0x080001df   Thumb Code     0  startup_stm32f10x_md.o(.text)
    DMA1_Channel3_IRQHandler                 0x080001df   Thumb Code     0  startup_stm32f10x_md.o(.text)
    DMA1_Channel4_IRQHandler                 0x080001df   Thumb Code     0  startup_stm32f10x_md.o(.text)
    DMA1_Channel5_IRQHandler                 0x080001df   Thumb Code     0  startup_stm32f10x_md.o(.text)
    DMA1_Channel6_IRQHandler                 0x080001df   Thumb Code     0  startup_stm32f10x_md.o(.text)
    DMA1_Channel7_IRQHandler                 0x080001df   Thumb Code     0  startup_stm32f10x_md.o(.text)
    EXTI0_IRQHandler                         0x080001df   Thumb Code     0  startup_stm32f10x_md.o(.text)
    EXTI15_10_IRQHandler                     0x080001df   Thumb Code     0  startup_stm32f10x_md.o(.text)
    EXTI1_IRQHandler                         0x080001df   Thumb Code     0  startup_stm32f10x_md.o(.text)
    EXTI2_IRQHandler                         0x080001df   Thumb Code     0  startup_stm32f10x_md.o(.text)
    EXTI3_IRQHandler                         0x080001df   Thumb Code     0  startup_stm32f10x_md.o(.text)
    EXTI4_IRQHandler                         0x080001df   Thumb Code     0  startup_stm32f10x_md.o(.text)
    EXTI9_5_IRQHandler                       0x080001df   Thumb Code     0  startup_stm32f10x_md.o(.text)
    FLASH_IRQHandler                         0x080001df   Thumb Code     0  startup_stm32f10x_md.o(.text)
    I2C1_ER_IRQHandler                       0x080001df   Thumb Code     0  startup_stm32f10x_md.o(.text)
    I2C1_EV_IRQHandler                       0x080001df   Thumb Code     0  startup_stm32f10x_md.o(.text)
    I2C2_ER_IRQHandler                       0x080001df   Thumb Code     0  startup_stm32f10x_md.o(.text)
    I2C2_EV_IRQHandler                       0x080001df   Thumb Code     0  startup_stm32f10x_md.o(.text)
    PVD_IRQHandler                           0x080001df   Thumb Code     0  startup_stm32f10x_md.o(.text)
    RCC_IRQHandler                           0x080001df   Thumb Code     0  startup_stm32f10x_md.o(.text)
    RTCAlarm_IRQHandler                      0x080001df   Thumb Code     0  startup_stm32f10x_md.o(.text)
    RTC_IRQHandler                           0x080001df   Thumb Code     0  startup_stm32f10x_md.o(.text)
    SPI1_IRQHandler                          0x080001df   Thumb Code     0  startup_stm32f10x_md.o(.text)
    SPI2_IRQHandler                          0x080001df   Thumb Code     0  startup_stm32f10x_md.o(.text)
    TAMPER_IRQHandler                        0x080001df   Thumb Code     0  startup_stm32f10x_md.o(.text)
    TIM1_BRK_IRQHandler                      0x080001df   Thumb Code     0  startup_stm32f10x_md.o(.text)
    TIM1_CC_IRQHandler                       0x080001df   Thumb Code     0  startup_stm32f10x_md.o(.text)
    TIM1_TRG_COM_IRQHandler                  0x080001df   Thumb Code     0  startup_stm32f10x_md.o(.text)
    TIM3_IRQHandler                          0x080001df   Thumb Code     0  startup_stm32f10x_md.o(.text)
    TIM4_IRQHandler                          0x080001df   Thumb Code     0  startup_stm32f10x_md.o(.text)
    USART2_IRQHandler                        0x080001df   Thumb Code     0  startup_stm32f10x_md.o(.text)
    USART3_IRQHandler                        0x080001df   Thumb Code     0  startup_stm32f10x_md.o(.text)
    USBWakeUp_IRQHandler                     0x080001df   Thumb Code     0  startup_stm32f10x_md.o(.text)
    USB_HP_CAN1_TX_IRQHandler                0x080001df   Thumb Code     0  startup_stm32f10x_md.o(.text)
    USB_LP_CAN1_RX0_IRQHandler               0x080001df   Thumb Code     0  startup_stm32f10x_md.o(.text)
    WWDG_IRQHandler                          0x080001df   Thumb Code     0  startup_stm32f10x_md.o(.text)
    __user_initial_stackheap                 0x080001e1   Thumb Code     0  startup_stm32f10x_md.o(.text)
    COM_Init                                 0x08000201   Thumb Code    24  comunication.o(.text)
    COM_Task                                 0x08000219   Thumb Code     8  comunication.o(.text)
    main                                     0x08000419   Thumb Code    16  main.o(.text)
    CRC16                                    0x0800043d   Thumb Code    48  mbcrc.o(.text)
    MF_REC_Readholdingreg                    0x08000475   Thumb Code    86  mbmasterfunc.o(.text)
    MF_REC_Wirtereg                          0x080004cb   Thumb Code    56  mbmasterfunc.o(.text)
    MF_REC_WirteMulreg                       0x08000503   Thumb Code    56  mbmasterfunc.o(.text)
    MF_SND_Readholdingreg                    0x0800053b   Thumb Code   160  mbmasterfunc.o(.text)
    MF_SND_Wirtereg                          0x080005db   Thumb Code   160  mbmasterfunc.o(.text)
    MF_SND_WirteMulreg                       0x0800067b   Thumb Code   278  mbmasterfunc.o(.text)
    MBMR_GetRxState                          0x08000791   Thumb Code     6  mbmasterrtu.o(.text)
    MBMR_SetRxState                          0x08000797   Thumb Code     6  mbmasterrtu.o(.text)
    MBMR_GetTxState                          0x0800079d   Thumb Code     6  mbmasterrtu.o(.text)
    MBMR_SetTxState                          0x080007a3   Thumb Code     6  mbmasterrtu.o(.text)
    MBMR_GetRecbufaddr                       0x080007a9   Thumb Code    68  mbmasterrtu.o(.text)
    MBMR_GetSndbufaddr                       0x080007ed   Thumb Code    26  mbmasterrtu.o(.text)
    MBMR_RecFrame                            0x08000807   Thumb Code   106  mbmasterrtu.o(.text)
    MBMR_SendFrame                           0x08000871   Thumb Code    78  mbmasterrtu.o(.text)
    MBMR_timer2T35ISR                        0x080008bf   Thumb Code    48  mbmasterrtu.o(.text)
    MBMR_ResponsesTimeoutISR                 0x080008ef   Thumb Code    36  mbmasterrtu.o(.text)
    MR_TimeoutISR                            0x08000993   Thumb Code     8  mbmastertimer.o(.text)
    MRtimerInit                              0x080009cf   Thumb Code    12  mbmastertimer.o(.text)
    MRtimer2Enable                           0x080009db   Thumb Code    40  mbmastertimer.o(.text)
    MRtimer2Disable                          0x08000a03   Thumb Code    42  mbmastertimer.o(.text)
    TIM2_IRQHandler                          0x08000a2d   Thumb Code    24  mbmastertimer.o(.text)
    MRSofttimerEnable                        0x08000a45   Thumb Code    12  mbmastertimer.o(.text)
    MRSofttimerDisable                       0x08000a51   Thumb Code    12  mbmastertimer.o(.text)
    MB_ReadHoldReg                           0x08000a65   Thumb Code    84  modbusmaster.o(.text)
    MB_WirteSingleReg                        0x08000ab9   Thumb Code    76  modbusmaster.o(.text)
    MB_WirteMultReg                          0x08000b05   Thumb Code    96  modbusmaster.o(.text)
    MB_GetRecData                            0x08000b65   Thumb Code    36  modbusmaster.o(.text)
    MB_GetBufAddr                            0x08000b89   Thumb Code    10  modbusmaster.o(.text)
    MB_GetMasterEvent                        0x08000c5f   Thumb Code     6  modbusmaster.o(.text)
    MB_SetMasterEvent                        0x08000c65   Thumb Code     6  modbusmaster.o(.text)
    MB_SetMasterErrCode                      0x08000c6b   Thumb Code     6  modbusmaster.o(.text)
    MB_GetMasterErrCode                      0x08000c71   Thumb Code     6  modbusmaster.o(.text)
    MB_SetMasterMode                         0x08000c77   Thumb Code    40  modbusmaster.o(.text)
    MB_GetMasterMode                         0x08000c9f   Thumb Code     6  modbusmaster.o(.text)
    MB_MasterTask                            0x08000ca5   Thumb Code    68  modbusmaster.o(.text)
    Quene_IsEmpty                            0x08000d15   Thumb Code    18  quene.o(.text)
    Quene_IsFull                             0x08000d27   Thumb Code    28  quene.o(.text)
    Push_Quene                               0x08000d43   Thumb Code    48  quene.o(.text)
    Pop_Quene                                0x08000d73   Thumb Code    50  quene.o(.text)
    Quene_Clear                              0x08000da5   Thumb Code    12  quene.o(.text)
    NMI_Handler                              0x08000db1   Thumb Code     2  stm32f10x_it.o(.text)
    HardFault_Handler                        0x08000db3   Thumb Code     4  stm32f10x_it.o(.text)
    MemManage_Handler                        0x08000db7   Thumb Code     4  stm32f10x_it.o(.text)
    BusFault_Handler                         0x08000dbb   Thumb Code     4  stm32f10x_it.o(.text)
    UsageFault_Handler                       0x08000dbf   Thumb Code     4  stm32f10x_it.o(.text)
    SVC_Handler                              0x08000dc3   Thumb Code     2  stm32f10x_it.o(.text)
    DebugMon_Handler                         0x08000dc5   Thumb Code     2  stm32f10x_it.o(.text)
    PendSV_Handler                           0x08000dc7   Thumb Code     2  stm32f10x_it.o(.text)
    SysTick_Handler                          0x08000dc9   Thumb Code     2  stm32f10x_it.o(.text)
    RCC_Configuration                        0x08000dcb   Thumb Code   100  systeminit.o(.text)
    System_Init                              0x08000e2f   Thumb Code    24  systeminit.o(.text)
    Timer1_Enable                            0x08000e49   Thumb Code    38  systemtimer.o(.text)
    Timer1_Disable                           0x08000ed3   Thumb Code    38  systemtimer.o(.text)
    Timer1_Init                              0x08000ef9   Thumb Code     8  systemtimer.o(.text)
    SYST_GetSystemTime                       0x08000f01   Thumb Code     6  systemtimer.o(.text)
    TIM1_UP_IRQHandler                       0x08000f07   Thumb Code    26  systemtimer.o(.text)
    TIMER_ArrayInit                          0x08000f29   Thumb Code    50  timers.o(.text)
    TIMER_Create                             0x08000f5b   Thumb Code    88  timers.o(.text)
    TIMER_Delet                              0x08000fb3   Thumb Code    52  timers.o(.text)
    TIMER_Enable                             0x08000fe7   Thumb Code    40  timers.o(.text)
    TIMER_Disable                            0x0800100f   Thumb Code    28  timers.o(.text)
    TIMER_ChangeFeq                          0x0800102b   Thumb Code    58  timers.o(.text)
    TIMER_Servic_Timer1_ISR                  0x08001065   Thumb Code   112  timers.o(.text)
    USART1_ConfigurationParam                0x08001147   Thumb Code   172  usart.o(.text)
    USART1_RecData                           0x080011f3   Thumb Code     8  usart.o(.text)
    USART1_SendData                          0x080011fb   Thumb Code    24  usart.o(.text)
    USART1_RXTXSwitch                        0x08001213   Thumb Code   104  usart.o(.text)
    USART1_IRQHandler                        0x0800127b   Thumb Code    76  usart.o(.text)
    NVIC_PriorityGroupConfig                 0x080012d1   Thumb Code    10  misc.o(.text)
    NVIC_Init                                0x080012db   Thumb Code   100  misc.o(.text)
    NVIC_SetVectorTable                      0x0800133f   Thumb Code    14  misc.o(.text)
    NVIC_SystemLPConfig                      0x0800134d   Thumb Code    34  misc.o(.text)
    SysTick_CLKSourceConfig                  0x0800136f   Thumb Code    40  misc.o(.text)
    FLASH_SetLatency                         0x080013ad   Thumb Code    18  stm32f10x_flash.o(.text)
    FLASH_HalfCycleAccessCmd                 0x080013bf   Thumb Code    22  stm32f10x_flash.o(.text)
    FLASH_PrefetchBufferCmd                  0x080013d5   Thumb Code    22  stm32f10x_flash.o(.text)
    FLASH_Unlock                             0x080013eb   Thumb Code    12  stm32f10x_flash.o(.text)
    FLASH_Lock                               0x080013f7   Thumb Code    14  stm32f10x_flash.o(.text)
    FLASH_GetStatus                          0x08001405   Thumb Code    48  stm32f10x_flash.o(.text)
    FLASH_WaitForLastOperation               0x0800144f   Thumb Code    42  stm32f10x_flash.o(.text)
    FLASH_ErasePage                          0x08001479   Thumb Code    76  stm32f10x_flash.o(.text)
    FLASH_EraseAllPages                      0x080014c5   Thumb Code    72  stm32f10x_flash.o(.text)
    FLASH_EraseOptionBytes                   0x0800150d   Thumb Code   142  stm32f10x_flash.o(.text)
    FLASH_ProgramWord                        0x0800159b   Thumb Code   110  stm32f10x_flash.o(.text)
    FLASH_ProgramHalfWord                    0x08001609   Thumb Code    64  stm32f10x_flash.o(.text)
    FLASH_ProgramOptionByteData              0x08001649   Thumb Code    72  stm32f10x_flash.o(.text)
    FLASH_EnableWriteProtection              0x08001691   Thumb Code   182  stm32f10x_flash.o(.text)
    FLASH_ReadOutProtection                  0x08001747   Thumb Code   172  stm32f10x_flash.o(.text)
    FLASH_UserOptionByteConfig               0x080017f3   Thumb Code    92  stm32f10x_flash.o(.text)
    FLASH_GetUserOptionByte                  0x0800184f   Thumb Code     8  stm32f10x_flash.o(.text)
    FLASH_GetWriteProtectionOptionByte       0x08001857   Thumb Code     6  stm32f10x_flash.o(.text)
    FLASH_GetReadOutProtectionStatus         0x0800185d   Thumb Code    20  stm32f10x_flash.o(.text)
    FLASH_GetPrefetchBufferStatus            0x08001871   Thumb Code    20  stm32f10x_flash.o(.text)
    FLASH_ITConfig                           0x08001885   Thumb Code    26  stm32f10x_flash.o(.text)
    FLASH_GetFlagStatus                      0x0800189f   Thumb Code    42  stm32f10x_flash.o(.text)
    FLASH_ClearFlag                          0x080018c9   Thumb Code     6  stm32f10x_flash.o(.text)
    GPIO_DeInit                              0x080018e1   Thumb Code   172  stm32f10x_gpio.o(.text)
    GPIO_AFIODeInit                          0x0800198d   Thumb Code    20  stm32f10x_gpio.o(.text)
    GPIO_Init                                0x080019a1   Thumb Code   278  stm32f10x_gpio.o(.text)
    GPIO_StructInit                          0x08001ab7   Thumb Code    16  stm32f10x_gpio.o(.text)
    GPIO_ReadInputDataBit                    0x08001ac7   Thumb Code    18  stm32f10x_gpio.o(.text)
    GPIO_ReadInputData                       0x08001ad9   Thumb Code     8  stm32f10x_gpio.o(.text)
    GPIO_ReadOutputDataBit                   0x08001ae1   Thumb Code    18  stm32f10x_gpio.o(.text)
    GPIO_ReadOutputData                      0x08001af3   Thumb Code     8  stm32f10x_gpio.o(.text)
    GPIO_SetBits                             0x08001afb   Thumb Code     4  stm32f10x_gpio.o(.text)
    GPIO_ResetBits                           0x08001aff   Thumb Code     4  stm32f10x_gpio.o(.text)
    GPIO_WriteBit                            0x08001b03   Thumb Code    10  stm32f10x_gpio.o(.text)
    GPIO_Write                               0x08001b0d   Thumb Code     4  stm32f10x_gpio.o(.text)
    GPIO_PinLockConfig                       0x08001b11   Thumb Code    18  stm32f10x_gpio.o(.text)
    GPIO_EventOutputConfig                   0x08001b23   Thumb Code    26  stm32f10x_gpio.o(.text)
    GPIO_EventOutputCmd                      0x08001b3d   Thumb Code     6  stm32f10x_gpio.o(.text)
    GPIO_PinRemapConfig                      0x08001b43   Thumb Code   106  stm32f10x_gpio.o(.text)
    GPIO_EXTILineConfig                      0x08001bad   Thumb Code    66  stm32f10x_gpio.o(.text)
    GPIO_ETH_MediaInterfaceConfig            0x08001bef   Thumb Code     8  stm32f10x_gpio.o(.text)
    RCC_DeInit                               0x08001c1d   Thumb Code    64  stm32f10x_rcc.o(.text)
    RCC_HSEConfig                            0x08001c5d   Thumb Code    70  stm32f10x_rcc.o(.text)
    RCC_GetFlagStatus                        0x08001ca3   Thumb Code    56  stm32f10x_rcc.o(.text)
    RCC_WaitForHSEStartUp                    0x08001cdb   Thumb Code    56  stm32f10x_rcc.o(.text)
    RCC_AdjustHSICalibrationValue            0x08001d13   Thumb Code    20  stm32f10x_rcc.o(.text)
    RCC_HSICmd                               0x08001d27   Thumb Code     6  stm32f10x_rcc.o(.text)
    RCC_PLLConfig                            0x08001d2d   Thumb Code    24  stm32f10x_rcc.o(.text)
    RCC_PLLCmd                               0x08001d45   Thumb Code     6  stm32f10x_rcc.o(.text)
    RCC_SYSCLKConfig                         0x08001d4b   Thumb Code    18  stm32f10x_rcc.o(.text)
    RCC_GetSYSCLKSource                      0x08001d5d   Thumb Code    10  stm32f10x_rcc.o(.text)
    RCC_HCLKConfig                           0x08001d67   Thumb Code    18  stm32f10x_rcc.o(.text)
    RCC_PCLK1Config                          0x08001d79   Thumb Code    18  stm32f10x_rcc.o(.text)
    RCC_PCLK2Config                          0x08001d8b   Thumb Code    20  stm32f10x_rcc.o(.text)
    RCC_ITConfig                             0x08001d9f   Thumb Code    26  stm32f10x_rcc.o(.text)
    RCC_USBCLKConfig                         0x08001db9   Thumb Code     8  stm32f10x_rcc.o(.text)
    RCC_ADCCLKConfig                         0x08001dc1   Thumb Code    18  stm32f10x_rcc.o(.text)
    RCC_LSEConfig                            0x08001dd3   Thumb Code    50  stm32f10x_rcc.o(.text)
    RCC_LSICmd                               0x08001e05   Thumb Code     6  stm32f10x_rcc.o(.text)
    RCC_RTCCLKConfig                         0x08001e0b   Thumb Code    12  stm32f10x_rcc.o(.text)
    RCC_RTCCLKCmd                            0x08001e17   Thumb Code     8  stm32f10x_rcc.o(.text)
    RCC_GetClocksFreq                        0x08001e1f   Thumb Code   192  stm32f10x_rcc.o(.text)
    RCC_AHBPeriphClockCmd                    0x08001edf   Thumb Code    26  stm32f10x_rcc.o(.text)
    RCC_APB2PeriphClockCmd                   0x08001ef9   Thumb Code    26  stm32f10x_rcc.o(.text)
    RCC_APB1PeriphClockCmd                   0x08001f13   Thumb Code    26  stm32f10x_rcc.o(.text)
    RCC_APB2PeriphResetCmd                   0x08001f2d   Thumb Code    26  stm32f10x_rcc.o(.text)
    RCC_APB1PeriphResetCmd                   0x08001f47   Thumb Code    26  stm32f10x_rcc.o(.text)
    RCC_BackupResetCmd                       0x08001f61   Thumb Code     8  stm32f10x_rcc.o(.text)
    RCC_ClockSecuritySystemCmd               0x08001f69   Thumb Code     6  stm32f10x_rcc.o(.text)
    RCC_MCOConfig                            0x08001f6f   Thumb Code     6  stm32f10x_rcc.o(.text)
    RCC_ClearFlag                            0x08001f75   Thumb Code    14  stm32f10x_rcc.o(.text)
    RCC_GetITStatus                          0x08001f83   Thumb Code    20  stm32f10x_rcc.o(.text)
    RCC_ClearITPendingBit                    0x08001f97   Thumb Code     6  stm32f10x_rcc.o(.text)
    TIM_DeInit                               0x08001fc1   Thumb Code   196  stm32f10x_tim.o(.text)
    TIM_TimeBaseInit                         0x08002085   Thumb Code    50  stm32f10x_tim.o(.text)
    TIM_OC1Init                              0x080020b7   Thumb Code   110  stm32f10x_tim.o(.text)
    TIM_OC2Init                              0x08002125   Thumb Code   148  stm32f10x_tim.o(.text)
    TIM_OC3Init                              0x080021b9   Thumb Code   144  stm32f10x_tim.o(.text)
    TIM_OC4Init                              0x08002249   Thumb Code   106  stm32f10x_tim.o(.text)
    TIM_SetIC4Prescaler                      0x080022b3   Thumb Code    26  stm32f10x_tim.o(.text)
    TIM_SetIC3Prescaler                      0x0800231d   Thumb Code    18  stm32f10x_tim.o(.text)
    TIM_SetIC2Prescaler                      0x08002377   Thumb Code    26  stm32f10x_tim.o(.text)
    TIM_SetIC1Prescaler                      0x080023ff   Thumb Code    18  stm32f10x_tim.o(.text)
    TIM_ICInit                               0x08002449   Thumb Code   110  stm32f10x_tim.o(.text)
    TIM_PWMIConfig                           0x080024b7   Thumb Code   124  stm32f10x_tim.o(.text)
    TIM_BDTRConfig                           0x08002533   Thumb Code    32  stm32f10x_tim.o(.text)
    TIM_TimeBaseStructInit                   0x08002553   Thumb Code    18  stm32f10x_tim.o(.text)
    TIM_OCStructInit                         0x08002565   Thumb Code    20  stm32f10x_tim.o(.text)
    TIM_ICStructInit                         0x08002579   Thumb Code    18  stm32f10x_tim.o(.text)
    TIM_BDTRStructInit                       0x0800258b   Thumb Code    18  stm32f10x_tim.o(.text)
    TIM_Cmd                                  0x0800259d   Thumb Code    24  stm32f10x_tim.o(.text)
    TIM_CtrlPWMOutputs                       0x080025b5   Thumb Code    30  stm32f10x_tim.o(.text)
    TIM_ITConfig                             0x080025d3   Thumb Code    18  stm32f10x_tim.o(.text)
    TIM_GenerateEvent                        0x080025e5   Thumb Code     4  stm32f10x_tim.o(.text)
    TIM_DMAConfig                            0x080025e9   Thumb Code    10  stm32f10x_tim.o(.text)
    TIM_DMACmd                               0x080025f3   Thumb Code    18  stm32f10x_tim.o(.text)
    TIM_InternalClockConfig                  0x08002605   Thumb Code    12  stm32f10x_tim.o(.text)
    TIM_SelectInputTrigger                   0x08002611   Thumb Code    18  stm32f10x_tim.o(.text)
    TIM_ITRxExternalClockConfig              0x08002623   Thumb Code    24  stm32f10x_tim.o(.text)
    TIM_TIxExternalClockConfig               0x0800263b   Thumb Code    62  stm32f10x_tim.o(.text)
    TIM_ETRConfig                            0x08002679   Thumb Code    28  stm32f10x_tim.o(.text)
    TIM_ETRClockMode1Config                  0x08002695   Thumb Code    54  stm32f10x_tim.o(.text)
    TIM_ETRClockMode2Config                  0x080026cb   Thumb Code    32  stm32f10x_tim.o(.text)
    TIM_PrescalerConfig                      0x080026eb   Thumb Code     6  stm32f10x_tim.o(.text)
    TIM_CounterModeConfig                    0x080026f1   Thumb Code    18  stm32f10x_tim.o(.text)
    TIM_EncoderInterfaceConfig               0x08002703   Thumb Code    66  stm32f10x_tim.o(.text)
    TIM_ForcedOC1Config                      0x08002745   Thumb Code    18  stm32f10x_tim.o(.text)
    TIM_ForcedOC2Config                      0x08002757   Thumb Code    26  stm32f10x_tim.o(.text)
    TIM_ForcedOC3Config                      0x08002771   Thumb Code    18  stm32f10x_tim.o(.text)
    TIM_ForcedOC4Config                      0x08002783   Thumb Code    26  stm32f10x_tim.o(.text)
    TIM_ARRPreloadConfig                     0x0800279d   Thumb Code    24  stm32f10x_tim.o(.text)
    TIM_SelectCOM                            0x080027b5   Thumb Code    24  stm32f10x_tim.o(.text)
    TIM_SelectCCDMA                          0x080027cd   Thumb Code    24  stm32f10x_tim.o(.text)
    TIM_CCPreloadControl                     0x080027e5   Thumb Code    24  stm32f10x_tim.o(.text)
    TIM_OC1PreloadConfig                     0x080027fd   Thumb Code    18  stm32f10x_tim.o(.text)
    TIM_OC2PreloadConfig                     0x0800280f   Thumb Code    26  stm32f10x_tim.o(.text)
    TIM_OC3PreloadConfig                     0x08002829   Thumb Code    18  stm32f10x_tim.o(.text)
    TIM_OC4PreloadConfig                     0x0800283b   Thumb Code    26  stm32f10x_tim.o(.text)
    TIM_OC1FastConfig                        0x08002855   Thumb Code    18  stm32f10x_tim.o(.text)
    TIM_OC2FastConfig                        0x08002867   Thumb Code    26  stm32f10x_tim.o(.text)
    TIM_OC3FastConfig                        0x08002881   Thumb Code    18  stm32f10x_tim.o(.text)
    TIM_OC4FastConfig                        0x08002893   Thumb Code    26  stm32f10x_tim.o(.text)
    TIM_ClearOC1Ref                          0x080028ad   Thumb Code    18  stm32f10x_tim.o(.text)
    TIM_ClearOC2Ref                          0x080028bf   Thumb Code    24  stm32f10x_tim.o(.text)
    TIM_ClearOC3Ref                          0x080028d7   Thumb Code    18  stm32f10x_tim.o(.text)
    TIM_ClearOC4Ref                          0x080028e9   Thumb Code    24  stm32f10x_tim.o(.text)
    TIM_OC1PolarityConfig                    0x08002901   Thumb Code    18  stm32f10x_tim.o(.text)
    TIM_OC1NPolarityConfig                   0x08002913   Thumb Code    18  stm32f10x_tim.o(.text)
    TIM_OC2PolarityConfig                    0x08002925   Thumb Code    26  stm32f10x_tim.o(.text)
    TIM_OC2NPolarityConfig                   0x0800293f   Thumb Code    26  stm32f10x_tim.o(.text)
    TIM_OC3PolarityConfig                    0x08002959   Thumb Code    26  stm32f10x_tim.o(.text)
    TIM_OC3NPolarityConfig                   0x08002973   Thumb Code    26  stm32f10x_tim.o(.text)
    TIM_OC4PolarityConfig                    0x0800298d   Thumb Code    26  stm32f10x_tim.o(.text)
    TIM_CCxCmd                               0x080029a7   Thumb Code    30  stm32f10x_tim.o(.text)
    TIM_CCxNCmd                              0x080029c5   Thumb Code    30  stm32f10x_tim.o(.text)
    TIM_SelectOCxM                           0x080029e3   Thumb Code    86  stm32f10x_tim.o(.text)
    TIM_UpdateDisableConfig                  0x08002a39   Thumb Code    24  stm32f10x_tim.o(.text)
    TIM_UpdateRequestConfig                  0x08002a51   Thumb Code    24  stm32f10x_tim.o(.text)
    TIM_SelectHallSensor                     0x08002a69   Thumb Code    24  stm32f10x_tim.o(.text)
    TIM_SelectOnePulseMode                   0x08002a81   Thumb Code    18  stm32f10x_tim.o(.text)
    TIM_SelectOutputTrigger                  0x08002a93   Thumb Code    18  stm32f10x_tim.o(.text)
    TIM_SelectSlaveMode                      0x08002aa5   Thumb Code    18  stm32f10x_tim.o(.text)
    TIM_SelectMasterSlaveMode                0x08002ab7   Thumb Code    18  stm32f10x_tim.o(.text)
    TIM_SetCounter                           0x08002ac9   Thumb Code     4  stm32f10x_tim.o(.text)
    TIM_SetAutoreload                        0x08002acd   Thumb Code     4  stm32f10x_tim.o(.text)
    TIM_SetCompare1                          0x08002ad1   Thumb Code     4  stm32f10x_tim.o(.text)
    TIM_SetCompare2                          0x08002ad5   Thumb Code     4  stm32f10x_tim.o(.text)
    TIM_SetCompare3                          0x08002ad9   Thumb Code     4  stm32f10x_tim.o(.text)
    TIM_SetCompare4                          0x08002add   Thumb Code     6  stm32f10x_tim.o(.text)
    TIM_SetClockDivision                     0x08002ae3   Thumb Code    14  stm32f10x_tim.o(.text)
    TIM_GetCapture1                          0x08002af1   Thumb Code     6  stm32f10x_tim.o(.text)
    TIM_GetCapture2                          0x08002af7   Thumb Code     6  stm32f10x_tim.o(.text)
    TIM_GetCapture3                          0x08002afd   Thumb Code     6  stm32f10x_tim.o(.text)
    TIM_GetCapture4                          0x08002b03   Thumb Code     8  stm32f10x_tim.o(.text)
    TIM_GetCounter                           0x08002b0b   Thumb Code     6  stm32f10x_tim.o(.text)
    TIM_GetPrescaler                         0x08002b11   Thumb Code     6  stm32f10x_tim.o(.text)
    TIM_GetFlagStatus                        0x08002b17   Thumb Code    18  stm32f10x_tim.o(.text)
    TIM_ClearFlag                            0x08002b29   Thumb Code     6  stm32f10x_tim.o(.text)
    TIM_GetITStatus                          0x08002b2f   Thumb Code    34  stm32f10x_tim.o(.text)
    TIM_ClearITPendingBit                    0x08002b51   Thumb Code     6  stm32f10x_tim.o(.text)
    USART_DeInit                             0x08002b59   Thumb Code   134  stm32f10x_usart.o(.text)
    USART_Init                               0x08002bdf   Thumb Code   156  stm32f10x_usart.o(.text)
    USART_StructInit                         0x08002c7b   Thumb Code    24  stm32f10x_usart.o(.text)
    USART_ClockInit                          0x08002c93   Thumb Code    34  stm32f10x_usart.o(.text)
    USART_ClockStructInit                    0x08002cb5   Thumb Code    12  stm32f10x_usart.o(.text)
    USART_Cmd                                0x08002cc1   Thumb Code    24  stm32f10x_usart.o(.text)
    USART_ITConfig                           0x08002cd9   Thumb Code    74  stm32f10x_usart.o(.text)
    USART_DMACmd                             0x08002d23   Thumb Code    18  stm32f10x_usart.o(.text)
    USART_SetAddress                         0x08002d35   Thumb Code    18  stm32f10x_usart.o(.text)
    USART_WakeUpConfig                       0x08002d47   Thumb Code    18  stm32f10x_usart.o(.text)
    USART_ReceiverWakeUpCmd                  0x08002d59   Thumb Code    24  stm32f10x_usart.o(.text)
    USART_LINBreakDetectLengthConfig         0x08002d71   Thumb Code    18  stm32f10x_usart.o(.text)
    USART_LINCmd                             0x08002d83   Thumb Code    24  stm32f10x_usart.o(.text)
    USART_SendData                           0x08002d9b   Thumb Code     8  stm32f10x_usart.o(.text)
    USART_ReceiveData                        0x08002da3   Thumb Code    10  stm32f10x_usart.o(.text)
    USART_SendBreak                          0x08002dad   Thumb Code    10  stm32f10x_usart.o(.text)
    USART_SetGuardTime                       0x08002db7   Thumb Code    16  stm32f10x_usart.o(.text)
    USART_SetPrescaler                       0x08002dc7   Thumb Code    16  stm32f10x_usart.o(.text)
    USART_SmartCardCmd                       0x08002dd7   Thumb Code    24  stm32f10x_usart.o(.text)
    USART_SmartCardNACKCmd                   0x08002def   Thumb Code    24  stm32f10x_usart.o(.text)
    USART_HalfDuplexCmd                      0x08002e07   Thumb Code    24  stm32f10x_usart.o(.text)
    USART_IrDAConfig                         0x08002e1f   Thumb Code    18  stm32f10x_usart.o(.text)
    USART_IrDACmd                            0x08002e31   Thumb Code    24  stm32f10x_usart.o(.text)
    USART_GetFlagStatus                      0x08002e49   Thumb Code    26  stm32f10x_usart.o(.text)
    USART_ClearFlag                          0x08002e63   Thumb Code    18  stm32f10x_usart.o(.text)
    USART_GetITStatus                        0x08002e75   Thumb Code    84  stm32f10x_usart.o(.text)
    USART_ClearITPendingBit                  0x08002ec9   Thumb Code    30  stm32f10x_usart.o(.text)
    __use_two_region_memory                  0x08002efd   Thumb Code     2  heapauxi.o(.text)
    __rt_heap_escrow$2region                 0x08002eff   Thumb Code     2  heapauxi.o(.text)
    __rt_heap_expand$2region                 0x08002f01   Thumb Code     2  heapauxi.o(.text)
    __user_setup_stackheap                   0x08002f03   Thumb Code    74  sys_stackheap_outer.o(.text)
    exit                                     0x08002f4d   Thumb Code    18  exit.o(.text)
    __user_libspace                          0x08002f61   Thumb Code     8  libspace.o(.text)
    __user_perproc_libspace                  0x08002f61   Thumb Code     0  libspace.o(.text)
    __user_perthread_libspace                0x08002f61   Thumb Code     0  libspace.o(.text)
    _sys_exit                                0x08002f69   Thumb Code     8  sys_exit.o(.text)
    __I$use$semihosting                      0x08002f75   Thumb Code     0  use_no_semi.o(.text)
    __use_no_semihosting_swi                 0x08002f75   Thumb Code     2  use_no_semi.o(.text)
    __semihosting_library_function           0x08002f77   Thumb Code     0  indicate_semi.o(.text)
    Region$$Table$$Base                      0x08002f88   Number         0  anon$$obj.o(Region$$Table)
    Region$$Table$$Limit                     0x08002fa8   Number         0  anon$$obj.o(Region$$Table)
    TimersArray                              0x20000624   Data         288  timers.o(.bss)
    __libspace_start                         0x20000744   Data          96  libspace.o(.bss)
    __temporary_stack_top$libspace           0x200007a4   Data           0  libspace.o(.bss)



==============================================================================

Memory Map of the image

  Image Entry point : 0x080000ed

  Load Region LR_IROM1 (Base: 0x08000000, Size: 0x0000328c, Max: 0x00020000, ABSOLUTE, COMPRESSED[0x00003130])

    Execution Region ER_IROM1 (Exec base: 0x08000000, Load base: 0x08000000, Size: 0x00002fa8, Max: 0x00020000, ABSOLUTE)

    Exec Addr    Load Addr    Size         Type   Attr      Idx    E Section Name        Object

    0x08000000   0x08000000   0x000000ec   Data   RO            3    RESET               startup_stm32f10x_md.o
    0x080000ec   0x080000ec   0x00000008   Code   RO          624  * !!!main             c_w.l(__main.o)
    0x080000f4   0x080000f4   0x00000034   Code   RO          783    !!!scatter          c_w.l(__scatter.o)
    0x08000128   0x08000128   0x0000005a   Code   RO          781    !!dczerorl2         c_w.l(__dczerorl2.o)
    0x08000182   0x08000182   0x00000002   PAD
    0x08000184   0x08000184   0x0000001c   Code   RO          785    !!handler_zi        c_w.l(__scatter_zi.o)
    0x080001a0   0x080001a0   0x00000002   Code   RO          651    .ARM.Collect$$libinit$$00000000  c_w.l(libinit.o)
    0x080001a2   0x080001a2   0x00000000   Code   RO          658    .ARM.Collect$$libinit$$00000002  c_w.l(libinit2.o)
    0x080001a2   0x080001a2   0x00000000   Code   RO          660    .ARM.Collect$$libinit$$00000004  c_w.l(libinit2.o)
    0x080001a2   0x080001a2   0x00000000   Code   RO          663    .ARM.Collect$$libinit$$0000000A  c_w.l(libinit2.o)
    0x080001a2   0x080001a2   0x00000000   Code   RO          665    .ARM.Collect$$libinit$$0000000C  c_w.l(libinit2.o)
    0x080001a2   0x080001a2   0x00000000   Code   RO          667    .ARM.Collect$$libinit$$0000000E  c_w.l(libinit2.o)
    0x080001a2   0x080001a2   0x00000000   Code   RO          670    .ARM.Collect$$libinit$$00000011  c_w.l(libinit2.o)
    0x080001a2   0x080001a2   0x00000000   Code   RO          672    .ARM.Collect$$libinit$$00000013  c_w.l(libinit2.o)
    0x080001a2   0x080001a2   0x00000000   Code   RO          674    .ARM.Collect$$libinit$$00000015  c_w.l(libinit2.o)
    0x080001a2   0x080001a2   0x00000000   Code   RO          676    .ARM.Collect$$libinit$$00000017  c_w.l(libinit2.o)
    0x080001a2   0x080001a2   0x00000000   Code   RO          678    .ARM.Collect$$libinit$$00000019  c_w.l(libinit2.o)
    0x080001a2   0x080001a2   0x00000000   Code   RO          680    .ARM.Collect$$libinit$$0000001B  c_w.l(libinit2.o)
    0x080001a2   0x080001a2   0x00000000   Code   RO          682    .ARM.Collect$$libinit$$0000001D  c_w.l(libinit2.o)
    0x080001a2   0x080001a2   0x00000000   Code   RO          684    .ARM.Collect$$libinit$$0000001F  c_w.l(libinit2.o)
    0x080001a2   0x080001a2   0x00000000   Code   RO          686    .ARM.Collect$$libinit$$00000021  c_w.l(libinit2.o)
    0x080001a2   0x080001a2   0x00000000   Code   RO          688    .ARM.Collect$$libinit$$00000023  c_w.l(libinit2.o)
    0x080001a2   0x080001a2   0x00000000   Code   RO          690    .ARM.Collect$$libinit$$00000025  c_w.l(libinit2.o)
    0x080001a2   0x080001a2   0x00000000   Code   RO          694    .ARM.Collect$$libinit$$0000002C  c_w.l(libinit2.o)
    0x080001a2   0x080001a2   0x00000000   Code   RO          696    .ARM.Collect$$libinit$$0000002E  c_w.l(libinit2.o)
    0x080001a2   0x080001a2   0x00000000   Code   RO          698    .ARM.Collect$$libinit$$00000030  c_w.l(libinit2.o)
    0x080001a2   0x080001a2   0x00000000   Code   RO          700    .ARM.Collect$$libinit$$00000032  c_w.l(libinit2.o)
    0x080001a2   0x080001a2   0x00000002   Code   RO          701    .ARM.Collect$$libinit$$00000033  c_w.l(libinit2.o)
    0x080001a4   0x080001a4   0x00000002   Code   RO          721    .ARM.Collect$$libshutdown$$00000000  c_w.l(libshutdown.o)
    0x080001a6   0x080001a6   0x00000000   Code   RO          734    .ARM.Collect$$libshutdown$$00000002  c_w.l(libshutdown2.o)
    0x080001a6   0x080001a6   0x00000000   Code   RO          736    .ARM.Collect$$libshutdown$$00000004  c_w.l(libshutdown2.o)
    0x080001a6   0x080001a6   0x00000000   Code   RO          739    .ARM.Collect$$libshutdown$$00000007  c_w.l(libshutdown2.o)
    0x080001a6   0x080001a6   0x00000000   Code   RO          742    .ARM.Collect$$libshutdown$$0000000A  c_w.l(libshutdown2.o)
    0x080001a6   0x080001a6   0x00000000   Code   RO          744    .ARM.Collect$$libshutdown$$0000000C  c_w.l(libshutdown2.o)
    0x080001a6   0x080001a6   0x00000000   Code   RO          747    .ARM.Collect$$libshutdown$$0000000F  c_w.l(libshutdown2.o)
    0x080001a6   0x080001a6   0x00000002   Code   RO          748    .ARM.Collect$$libshutdown$$00000010  c_w.l(libshutdown2.o)
    0x080001a8   0x080001a8   0x00000000   Code   RO          626    .ARM.Collect$$rtentry$$00000000  c_w.l(__rtentry.o)
    0x080001a8   0x080001a8   0x00000000   Code   RO          628    .ARM.Collect$$rtentry$$00000002  c_w.l(__rtentry2.o)
    0x080001a8   0x080001a8   0x00000006   Code   RO          640    .ARM.Collect$$rtentry$$00000004  c_w.l(__rtentry4.o)
    0x080001ae   0x080001ae   0x00000000   Code   RO          630    .ARM.Collect$$rtentry$$00000009  c_w.l(__rtentry2.o)
    0x080001ae   0x080001ae   0x00000004   Code   RO          631    .ARM.Collect$$rtentry$$0000000A  c_w.l(__rtentry2.o)
    0x080001b2   0x080001b2   0x00000000   Code   RO          633    .ARM.Collect$$rtentry$$0000000C  c_w.l(__rtentry2.o)
    0x080001b2   0x080001b2   0x00000008   Code   RO          634    .ARM.Collect$$rtentry$$0000000D  c_w.l(__rtentry2.o)
    0x080001ba   0x080001ba   0x00000002   Code   RO          655    .ARM.Collect$$rtexit$$00000000  c_w.l(rtexit.o)
    0x080001bc   0x080001bc   0x00000000   Code   RO          703    .ARM.Collect$$rtexit$$00000002  c_w.l(rtexit2.o)
    0x080001bc   0x080001bc   0x00000004   Code   RO          704    .ARM.Collect$$rtexit$$00000003  c_w.l(rtexit2.o)
    0x080001c0   0x080001c0   0x00000006   Code   RO          705    .ARM.Collect$$rtexit$$00000004  c_w.l(rtexit2.o)
    0x080001c6   0x080001c6   0x00000002   PAD
    0x080001c8   0x080001c8   0x00000038   Code   RO            4    .text               startup_stm32f10x_md.o
    0x08000200   0x08000200   0x00000030   Code   RO           10    .text               comunication.o
    0x08000230   0x08000230   0x0000020c   Code   RO           87    .text               main.o
    0x0800043c   0x0800043c   0x00000038   Code   RO          107    .text               mbcrc.o
    0x08000474   0x08000474   0x0000031c   Code   RO          124    .text               mbmasterfunc.o
    0x08000790   0x08000790   0x00000190   Code   RO          142    .text               mbmasterrtu.o
    0x08000920   0x08000920   0x00000144   Code   RO          166    .text               mbmastertimer.o
    0x08000a64   0x08000a64   0x000002b0   Code   RO          186    .text               modbusmaster.o
    0x08000d14   0x08000d14   0x0000009c   Code   RO          201    .text               quene.o
    0x08000db0   0x08000db0   0x0000001a   Code   RO          213    .text               stm32f10x_it.o
    0x08000dca   0x08000dca   0x0000007c   Code   RO          228    .text               systeminit.o
    0x08000e46   0x08000e46   0x00000002   PAD
    0x08000e48   0x08000e48   0x000000e0   Code   RO          246    .text               systemtimer.o
    0x08000f28   0x08000f28   0x000001b4   Code   RO          260    .text               timers.o
    0x080010dc   0x080010dc   0x000001f4   Code   RO          275    .text               usart.o
    0x080012d0   0x080012d0   0x000000dc   Code   RO          290    .text               misc.o
    0x080013ac   0x080013ac   0x00000534   Code   RO          416    .text               stm32f10x_flash.o
    0x080018e0   0x080018e0   0x0000033c   Code   RO          443    .text               stm32f10x_gpio.o
    0x08001c1c   0x08001c1c   0x000003a4   Code   RO          497    .text               stm32f10x_rcc.o
    0x08001fc0   0x08001fc0   0x00000b96   Code   RO          553    .text               stm32f10x_tim.o
    0x08002b56   0x08002b56   0x00000002   PAD
    0x08002b58   0x08002b58   0x000003a4   Code   RO          565    .text               stm32f10x_usart.o
    0x08002efc   0x08002efc   0x00000006   Code   RO          622    .text               c_w.l(heapauxi.o)
    0x08002f02   0x08002f02   0x0000004a   Code   RO          642    .text               c_w.l(sys_stackheap_outer.o)
    0x08002f4c   0x08002f4c   0x00000012   Code   RO          644    .text               c_w.l(exit.o)
    0x08002f5e   0x08002f5e   0x00000002   PAD
    0x08002f60   0x08002f60   0x00000008   Code   RO          652    .text               c_w.l(libspace.o)
    0x08002f68   0x08002f68   0x0000000c   Code   RO          713    .text               c_w.l(sys_exit.o)
    0x08002f74   0x08002f74   0x00000002   Code   RO          724    .text               c_w.l(use_no_semi.o)
    0x08002f76   0x08002f76   0x00000000   Code   RO          726    .text               c_w.l(indicate_semi.o)
    0x08002f76   0x08002f76   0x00000002   PAD
    0x08002f78   0x08002f78   0x00000010   Data   RO           88    .constdata          main.o
    0x08002f88   0x08002f88   0x00000020   Data   RO          779    Region$$Table       anon$$obj.o


    Execution Region RW_IRAM1 (Exec base: 0x20000000, Load base: 0x08002fa8, Size: 0x000047a8, Max: 0x00005000, ABSOLUTE, COMPRESSED[0x00000188])

    Exec Addr    Load Addr    Size         Type   Attr      Idx    E Section Name        Object

    0x20000000   COMPRESSED   0x00000030   Data   RW           11    .data               comunication.o
    0x20000030   COMPRESSED   0x00000010   Data   RW           89    .data               main.o
    0x20000040   COMPRESSED   0x00000200   Data   RW          108    .data               mbcrc.o
    0x20000240   COMPRESSED   0x00000012   Data   RW          144    .data               mbmasterrtu.o
    0x20000252   COMPRESSED   0x00000002   PAD
    0x20000254   COMPRESSED   0x00000005   Data   RW          167    .data               mbmastertimer.o
    0x20000259   COMPRESSED   0x00000003   PAD
    0x2000025c   COMPRESSED   0x00000070   Data   RW          188    .data               modbusmaster.o
    0x200002cc   COMPRESSED   0x00000004   Data   RW          247    .data               systemtimer.o
    0x200002d0   COMPRESSED   0x00000014   Data   RW          498    .data               stm32f10x_rcc.o
    0x200002e4        -       0x00000200   Zero   RW          143    .bss                mbmasterrtu.o
    0x200004e4        -       0x00000140   Zero   RW          187    .bss                modbusmaster.o
    0x20000624        -       0x00000120   Zero   RW          261    .bss                timers.o
    0x20000744        -       0x00000060   Zero   RW          653    .bss                c_w.l(libspace.o)
    0x200007a4   COMPRESSED   0x00000004   PAD
    0x200007a8        -       0x00003000   Zero   RW            2    HEAP                startup_stm32f10x_md.o
    0x200037a8        -       0x00001000   Zero   RW            1    STACK               startup_stm32f10x_md.o


==============================================================================

Image component sizes


      Code (inc. data)   RO Data    RW Data    ZI Data      Debug   Object Name

        48         16          0         48          0     256120   comunication.o
       524         20         16         16          0       1483   main.o
        56          8          0        512          0       1264   mbcrc.o
       796          0          0          0          0       3924   mbmasterfunc.o
       400         14          0         18        512       3336   mbmasterrtu.o
       324          8          0          5          0       2636   mbmastertimer.o
       220         22          0          0          0       1937   misc.o
       688         50          0        112        320       4823   modbusmaster.o
       156          0          0          0          0       1882   quene.o
        56         22        236          0      16384        904   startup_stm32f10x_md.o
      1332         34          0          0          0       7470   stm32f10x_flash.o
       828         38          0          0          0       5773   stm32f10x_gpio.o
        26          0          0          0          0       1218   stm32f10x_it.o
       932         36          0         20          0       9076   stm32f10x_rcc.o
      2966         28          0          0          0      24916   stm32f10x_tim.o
       932         22          0          0          0       8075   stm32f10x_usart.o
       124          0          0          0          0        704   systeminit.o
       224          8          0          4          0       1477   systemtimer.o
       436          8          0          0        288       2876   timers.o
       500         10          0          0          0       1855   usart.o

    ----------------------------------------------------------------------
     11572        344        284        740      17504     341749   Object Totals
         0          0         32          0          0          0   (incl. Generated)
         4          0          0          5          0          0   (incl. Padding)

    ----------------------------------------------------------------------

      Code (inc. data)   RO Data    RW Data    ZI Data      Debug   Library Member Name

        90          0          0          0          0          0   __dczerorl2.o
         8          0          0          0          0         68   __main.o
         0          0          0          0          0          0   __rtentry.o
        12          0          0          0          0          0   __rtentry2.o
         6          0          0          0          0          0   __rtentry4.o
        52          8          0          0          0          0   __scatter.o
        28          0          0          0          0          0   __scatter_zi.o
        18          0          0          0          0         80   exit.o
         6          0          0          0          0        152   heapauxi.o
         0          0          0          0          0          0   indicate_semi.o
         2          0          0          0          0          0   libinit.o
         2          0          0          0          0          0   libinit2.o
         2          0          0          0          0          0   libshutdown.o
         2          0          0          0          0          0   libshutdown2.o
         8          4          0          0         96         68   libspace.o
         2          0          0          0          0          0   rtexit.o
        10          0          0          0          0          0   rtexit2.o
        12          4          0          0          0         68   sys_exit.o
        74          0          0          0          0         80   sys_stackheap_outer.o
         2          0          0          0          0         68   use_no_semi.o

    ----------------------------------------------------------------------
       344         16          0          0        100        584   Library Totals
         8          0          0          0          4          0   (incl. Padding)

    ----------------------------------------------------------------------

      Code (inc. data)   RO Data    RW Data    ZI Data      Debug   Library Name

       336         16          0          0         96        584   c_w.l

    ----------------------------------------------------------------------
       344         16          0          0        100        584   Library Totals

    ----------------------------------------------------------------------

==============================================================================


      Code (inc. data)   RO Data    RW Data    ZI Data      Debug   

     11916        360        284        740      17604     340301   Grand Totals
     11916        360        284        392      17604     340301   ELF Image Totals (compressed)
     11916        360        284        392          0          0   ROM Totals

==============================================================================

    Total RO  Size (Code + RO Data)                12200 (  11.91kB)
    Total RW  Size (RW Data + ZI Data)             18344 (  17.91kB)
    Total ROM Size (Code + RO Data + RW Data)      12592 (  12.30kB)

==============================================================================

